Archive member included to satisfy reference by file (symbol)

../Middlewares/ST/AI/Lib\NetworkRuntime1020_CM33_GCC.a(ai_platform.o)
                              ./X-CUBE-AI/App/network.o (ai_buffer_array_item_set_address)
../Middlewares/ST/AI/Lib\NetworkRuntime1020_CM33_GCC.a(ai_platform_interface.o)
                              ./X-CUBE-AI/App/network.o (ai_platform_get_weights_map)
../Middlewares/ST/AI/Lib\NetworkRuntime1020_CM33_GCC.a(core_common.o)
                              ../Middlewares/ST/AI/Lib\NetworkRuntime1020_CM33_GCC.a(ai_platform_interface.o) (core_init)
../Middlewares/ST/AI/Lib\NetworkRuntime1020_CM33_GCC.a(core_mem_manager.o)
                              ../Middlewares/ST/AI/Lib\NetworkRuntime1020_CM33_GCC.a(ai_platform_interface.o) (core_mem_alloc)
../Middlewares/ST/AI/Lib\NetworkRuntime1020_CM33_GCC.a(layers.o)
                              ../Middlewares/ST/AI/Lib\NetworkRuntime1020_CM33_GCC.a(ai_platform_interface.o) (ai_check_custom_types)
../Middlewares/ST/AI/Lib\NetworkRuntime1020_CM33_GCC.a(layers_conv2d_sssa8_ch.o)
                              ./X-CUBE-AI/App/network.o (forward_conv2d_deep_sssa8_ch)
../Middlewares/ST/AI/Lib\NetworkRuntime1020_CM33_GCC.a(layers_conv2d_stm32_integer.o)
                              ./X-CUBE-AI/App/network.o (forward_dense_integer_SSSA)
../Middlewares/ST/AI/Lib\NetworkRuntime1020_CM33_GCC.a(layers_generic_float.o)
                              ./X-CUBE-AI/App/network.o (forward_pad)
../Middlewares/ST/AI/Lib\NetworkRuntime1020_CM33_GCC.a(layers_nl_stm32_integer.o)
                              ./X-CUBE-AI/App/network.o (forward_nl_integer)
../Middlewares/ST/AI/Lib\NetworkRuntime1020_CM33_GCC.a(layers_pad_generic.o)
                              ../Middlewares/ST/AI/Lib\NetworkRuntime1020_CM33_GCC.a(layers_generic_float.o) (forward_pad_8bit_ch1st_3x3_constant)
../Middlewares/ST/AI/Lib\NetworkRuntime1020_CM33_GCC.a(layers_pool_stm32_integer.o)
                              ./X-CUBE-AI/App/network.o (forward_ap_integer_INT8)
../Middlewares/ST/AI/Lib\NetworkRuntime1020_CM33_GCC.a(layers_resize.o)
                              ../Middlewares/ST/AI/Lib\NetworkRuntime1020_CM33_GCC.a(layers_generic_float.o) (forward_resize_nearest_if32of32)
../Middlewares/ST/AI/Lib\NetworkRuntime1020_CM33_GCC.a(layers_conv2d_integer_scratch.o)
                              ../Middlewares/ST/AI/Lib\NetworkRuntime1020_CM33_GCC.a(layers.o) (get_dense_scratch_size_s8)
../Middlewares/ST/AI/Lib\NetworkRuntime1020_CM33_GCC.a(forward_lite_argminmax.o)
                              ../Middlewares/ST/AI/Lib\NetworkRuntime1020_CM33_GCC.a(layers_generic_float.o) (forward_lite_argmax_if32)
../Middlewares/ST/AI/Lib\NetworkRuntime1020_CM33_GCC.a(forward_lite_dense_is8os8ws8_ch.o)
                              ../Middlewares/ST/AI/Lib\NetworkRuntime1020_CM33_GCC.a(layers_conv2d_stm32_integer.o) (forward_lite_dense_is8os8ws8_ch)
../Middlewares/ST/AI/Lib\NetworkRuntime1020_CM33_GCC.a(forward_lite_dense_is8os8ws8.o)
                              ../Middlewares/ST/AI/Lib\NetworkRuntime1020_CM33_GCC.a(layers_conv2d_stm32_integer.o) (forward_lite_dense_is8os8ws8)
../Middlewares/ST/AI/Lib\NetworkRuntime1020_CM33_GCC.a(forward_lite_maxpool_is8os8_scalepos.o)
                              ../Middlewares/ST/AI/Lib\NetworkRuntime1020_CM33_GCC.a(layers_pool_stm32_integer.o) (forward_lite_maxpool_is8os8_scalepos)
../Middlewares/ST/AI/Lib\NetworkRuntime1020_CM33_GCC.a(forward_lite_avepool_is8os8.o)
                              ../Middlewares/ST/AI/Lib\NetworkRuntime1020_CM33_GCC.a(layers_pool_stm32_integer.o) (forward_lite_avepool_is8os8)
../Middlewares/ST/AI/Lib\NetworkRuntime1020_CM33_GCC.a(forward_lite_conv2d_sssa8_ch.o)
                              ../Middlewares/ST/AI/Lib\NetworkRuntime1020_CM33_GCC.a(layers_conv2d_sssa8_ch.o) (forward_lite_conv2d_dilated_sssa8_ch)
../Middlewares/ST/AI/Lib\NetworkRuntime1020_CM33_GCC.a(lite_argminmax_if32_kernel.o)
                              ../Middlewares/ST/AI/Lib\NetworkRuntime1020_CM33_GCC.a(forward_lite_argminmax.o) (forward_lite_argmax_f32_kernel_ch)
../Middlewares/ST/AI/Lib\NetworkRuntime1020_CM33_GCC.a(lite_argminmax_is8_kernel.o)
                              ../Middlewares/ST/AI/Lib\NetworkRuntime1020_CM33_GCC.a(forward_lite_argminmax.o) (forward_lite_argmax_s8_kernel)
../Middlewares/ST/AI/Lib\NetworkRuntime1020_CM33_GCC.a(forward_lite_maxpool_is16os16.o)
                              ../Middlewares/ST/AI/Lib\NetworkRuntime1020_CM33_GCC.a(layers_pool_stm32_integer.o) (forward_lite_maxpool_is16os16_scalepos)
../Middlewares/ST/AI/Lib\NetworkRuntime1020_CM33_GCC.a(forward_lite_maxpool_is8os8.o)
                              ../Middlewares/ST/AI/Lib\NetworkRuntime1020_CM33_GCC.a(layers_pool_stm32_integer.o) (forward_lite_maxpool_is8os8_scaleneg)
../Middlewares/ST/AI/Lib\NetworkRuntime1020_CM33_GCC.a(forward_lite_maxpool_iu16ou16.o)
[...]
Memory Configuration

Name             Origin             Length             Attributes
RAM              0x20000000         0x000c0000         xrw
SRAM4            0x28000000         0x00004000         xrw
FLASH            0x08000000         0x00200000         xr
*default*        0x00000000         0xffffffff

Linker script and memory map

LOAD D:/STM32CubeIDE_2.0.0/STM32CubeIDE/plugins/com.st.stm32cube.ide.mcu.externaltools.gnu-tools-for-stm32.13.3.rel1.win32_1.0.100.202509120712/tools/bin/../lib/gcc/arm-none-eabi/13.3.1/thumb/v8-m.main+fp/hard/crti.o
LOAD D:/STM32CubeIDE_2.0.0/STM32CubeIDE/plugins/com.st.stm32cube.ide.mcu.externaltools.gnu-tools-for-stm32.13.3.rel1.win32_1.0.100.202509120712/tools/bin/../lib/gcc/arm-none-eabi/13.3.1/thumb/v8-m.main+fp/hard/crtbegin.o
LOAD D:/STM32CubeIDE_2.0.0/STM32CubeIDE/plugins/com.st.stm32cube.ide.mcu.externaltools.gnu-tools-for-stm32.13.3.rel1.win32_1.0.100.202509120712/tools/bin/../lib/gcc/arm-none-eabi/13.3.1/../../../../arm-none-eabi/lib/thumb/v8-m.main+fp/hard/crt0.o
LOAD ./Core/Src/UART/nucleo_uart_actions.o
LOAD ./Core/Src/UART/nucleo_uart_rx.o
LOAD ./Core/Src/UART/nucleo_uart_rx_port.o
LOAD ./Core/Src/ad7606.o
LOAD ./Core/Src/adc_fake_data.o
LOAD ./Core/Src/ann_infer.o
LOAD ./Core/Src/circular_list.o
LOAD ./Core/Src/control_loop.o
LOAD ./Core/Src/gpdma.o
LOAD ./Core/Src/gpio.o
LOAD ./Core/Src/icache.o
LOAD ./Core/Src/main.o
LOAD ./Core/Src/rms_filter.o
LOAD ./Core/Src/stm32u5xx_hal_msp.o
LOAD ./Core/Src/stm32u5xx_hal_timebase_tim.o
LOAD ./Core/Src/stm32u5xx_it.o
LOAD ./Core/Src/syscalls.o
LOAD ./Core/Src/sysmem.o
LOAD ./Core/Src/system_stm32u5xx.o
LOAD ./Core/Src/usart.o
LOAD ./Core/Startup/startup_stm32u575zitxq.o
LOAD ./Drivers/STM32U5xx_HAL_Driver/Src/stm32u5xx_hal.o
LOAD ./Drivers/STM32U5xx_HAL_Driver/Src/stm32u5xx_hal_cortex.o
LOAD ./Drivers/STM32U5xx_HAL_Driver/Src/stm32u5xx_hal_dma.o
LOAD ./Drivers/STM32U5xx_HAL_Driver/Src/stm32u5xx_hal_dma_ex.o
LOAD ./Drivers/STM32U5xx_HAL_Driver/Src/stm32u5xx_hal_exti.o
LOAD ./Drivers/STM32U5xx_HAL_Driver/Src/stm32u5xx_hal_flash.o
LOAD ./Drivers/STM32U5xx_HAL_Driver/Src/stm32u5xx_hal_flash_ex.o
LOAD ./Drivers/STM32U5xx_HAL_Driver/Src/stm32u5xx_hal_gpio.o
LOAD ./Drivers/STM32U5xx_HAL_Driver/Src/stm32u5xx_hal_gtzc.o
LOAD ./Drivers/STM32U5xx_HAL_Driver/Src/stm32u5xx_hal_i2c.o
LOAD ./Drivers/STM32U5xx_HAL_Driver/Src/stm32u5xx_hal_i2c_ex.o
LOAD ./Drivers/STM32U5xx_HAL_Driver/Src/stm32u5xx_hal_icache.o
LOAD ./Drivers/STM32U5xx_HAL_Driver/Src/stm32u5xx_hal_pwr.o
LOAD ./Drivers/STM32U5xx_HAL_Driver/Src/stm32u5xx_hal_pwr_ex.o
LOAD ./Drivers/STM32U5xx_HAL_Driver/Src/stm32u5xx_hal_rcc.o
LOAD ./Drivers/STM32U5xx_HAL_Driver/Src/stm32u5xx_hal_rcc_ex.o
LOAD ./Drivers/STM32U5xx_HAL_Driver/Src/stm32u5xx_hal_tim.o
LOAD ./Drivers/STM32U5xx_HAL_Driver/Src/stm32u5xx_hal_tim_ex.o
LOAD ./Drivers/STM32U5xx_HAL_Driver/Src/stm32u5xx_hal_uart.o
LOAD ./Drivers/STM32U5xx_HAL_Driver/Src/stm32u5xx_hal_uart_ex.o
LOAD ./X-CUBE-AI/App/network.o
LOAD ./X-CUBE-AI/App/network_data.o
LOAD ./X-CUBE-AI/App/network_data_params.o
LOAD ../Middlewares/ST/AI/Lib\NetworkRuntime1020_CM33_GCC.a
START GROUP
LOAD D:/STM32CubeIDE_2.0.0/STM32CubeIDE/plugins/com.st.stm32cube.ide.mcu.externaltools.gnu-tools-for-stm32.13.3.rel1.win32_1.0.100.202509120712/tools/bin/../lib/gcc/arm-none-eabi/13.3.1/../../../../arm-none-eabi/lib/thumb/v8-m.main+fp/hard\libc_nano.a
LOAD D:/STM32CubeIDE_2.0.0/STM32CubeIDE/plugins/com.st.stm32cube.ide.mcu.externaltools.gnu-tools-for-stm32.13.3.rel1.win32_1.0.100.202509120712/tools/bin/../lib/gcc/arm-none-eabi/13.3.1/../../../../arm-none-eabi/lib/thumb/v8-m.main+fp/hard\libm.a
END GROUP
START GROUP
LOAD D:/STM32CubeIDE_2.0.0/STM32CubeIDE/plugins/com.st.stm32cube.ide.mcu.externaltools.gnu-tools-for-stm32.13.3.rel1.win32_1.0.100.202509120712/tools/bin/../lib/gcc/arm-none-eabi/13.3.1/thumb/v8-m.main+fp/hard\libgcc.a
LOAD D:/STM32CubeIDE_2.0.0/STM32CubeIDE/plugins/com.st.stm32cube.ide.mcu.externaltools.gnu-tools-for-stm32.13.3.rel1.win32_1.0.100.202509120712/tools/bin/../lib/gcc/arm-none-eabi/13.3.1/../../../../arm-none-eabi/lib/thumb/v8-m.main+fp/hard\libc_nano.a
END GROUP
START GROUP
LOAD D:/STM32CubeIDE_2.0.0/STM32CubeIDE/plugins/com.st.stm32cube.ide.mcu.externaltools.gnu-tools-for-stm32.13.3.rel1.win32_1.0.100.202509120712/tools/bin/../lib/gcc/arm-none-eabi/13.3.1/thumb/v8-m.main+fp/hard\libgcc.a
LOAD D:/STM32CubeIDE_2.0.0/STM32CubeIDE/plugins/com.st.stm32cube.ide.mcu.externaltools.gnu-tools-for-stm32.13.3.rel1.win32_1.0.100.202509120712/tools/bin/../lib/gcc/arm-none-eabi/13.3.1/../../../../arm-none-eabi/lib/thumb/v8-m.main+fp/hard\libc_nano.a
LOAD D:/STM32CubeIDE_2.0.0/STM32CubeIDE/plugins/com.st.stm32cube.ide.mcu.externaltools.gnu-tools-for-stm32.13.3.rel1.win32_1.0.100.202509120712/tools/bin/../lib/gcc/arm-none-eabi/13.3.1/../../../../arm-none-eabi/lib/thumb/v8-m.main+fp/hard\libnosys.a
END GROUP
START GROUP
LOAD D:/STM32CubeIDE_2.0.0/STM32CubeIDE/plugins/com.st.stm32cube.ide.mcu.externaltools.gnu-tools-for-stm32.13.3.rel1.win32_1.0.100.202509120712/tools/bin/../lib/gcc/arm-none-eabi/13.3.1/thumb/v8-m.main+fp/hard\libgcc.a
LOAD D:/STM32CubeIDE_2.0.0/STM32CubeIDE/plugins/com.st.stm32cube.ide.mcu.externaltools.gnu-tools-for-stm32.13.3.rel1.win32_1.0.100.202509120712/tools/bin/../lib/gcc/arm-none-eabi/13.3.1/../../../../arm-none-eabi/lib/thumb/v8-m.main+fp/hard\libc_nano.a
LOAD D:/STM32CubeIDE_2.0.0/STM32CubeIDE/plugins/com.st.stm32cube.ide.mcu.externaltools.gnu-tools-for-stm32.13.3.rel1.win32_1.0.100.202509120712/tools/bin/../lib/gcc/arm-none-eabi/13.3.1/../../../../arm-none-eabi/lib/thumb/v8-m.main+fp/hard\libnosys.a
END GROUP
LOAD D:/STM32CubeIDE_2.0.0/STM32CubeIDE/plugins/com.st.stm32cube.ide.mcu.externaltools.gnu-tools-for-stm32.13.3.rel1.win32_1.0.100.202509120712/tools/bin/../lib/gcc/arm-none-eabi/13.3.1/thumb/v8-m.main+fp/hard/crtend.o
LOAD D:/STM32CubeIDE_2.0.0/STM32CubeIDE/plugins/com.st.stm32cube.ide.mcu.externaltools.gnu-tools-for-stm32.13.3.rel1.win32_1.0.100.202509120712/tools/bin/../lib/gcc/arm-none-eabi/13.3.1/thumb/v8-m.main+fp/hard/crtn.o
                0x200c0000                        _estack = (ORIGIN (RAM) + LENGTH (RAM))
                0x00000800                        _Min_Heap_Size = 0x800
                0x00000800                        _Min_Stack_Size = 0x800

.isr_vector     0x08000000      0x238
 *(.isr_vector)
 .isr_vector    0x08000000      0x238 ./Core/Startup/startup_stm32u575zitxq.o
                0x08000000                g_pfnVectors

.text           0x08000240    0x119c4
 *(.text)
 .text          0x08000240       0x40 D:/STM32CubeIDE_2.0.0/STM32CubeIDE/plugins/com.st.stm32cube.ide.mcu.externaltools.gnu-tools-for-stm32.13.3.rel1.win32_1.0.100.202509120712/tools/bin/../lib/gcc/arm-none-eabi/13.3.1/thumb/v8-m.main+fp/hard/crtbegin.o
 .text          0x08000280      0x378 D:/STM32CubeIDE_2.0.0/STM32CubeIDE/plugins/com.st.stm32cube.ide.mcu.externaltools.gnu-tools-for-stm32.13.3.rel1.win32_1.0.100.202509120712/tools/bin/../lib/gcc/arm-none-eabi/13.3.1/thumb/v8-m.main+fp/hard\libgcc.a(_arm_addsubdf3.o)
                0x08000280                __aeabi_drsub
                0x08000288                __aeabi_dsub
                0x08000288                __subdf3
                0x0800028c                __aeabi_dadd
                0x0800028c                __adddf3
                0x08000504                __floatunsidf
                0x08000504                __aeabi_ui2d
                0x08000524                __floatsidf
                0x08000524                __aeabi_i2d
                0x08000548                __aeabi_f2d
                0x08000548                __extendsfdf2
                0x0800058c                __floatundidf
                0x0800058c                __aeabi_ul2d
                0x0800059c                __floatdidf
                0x0800059c                __aeabi_l2d
 .text          0x080005f8      0x424 D:/STM32CubeIDE_2.0.0/STM32CubeIDE/plugins/com.st.stm32cube.ide.mcu.externaltools.gnu-tools-for-stm32.13.3.rel1.win32_1.0.100.202509120712/tools/bin/../lib/gcc/arm-none-eabi/13.3.1/thumb/v8-m.main+fp/hard\libgcc.a(_arm_muldivdf3.o)
                0x080005f8                __aeabi_dmul
                0x080005f8                __muldf3
                0x0800084c                __divdf3
                0x0800084c                __aeabi_ddiv
 .text          0x08000a1c       0xa0 D:/STM32CubeIDE_2.0.0/STM32CubeIDE/plugins/com.st.stm32cube.ide.mcu.externaltools.gnu-tools-for-stm32.13.3.rel1.win32_1.0.100.202509120712/tools/bin/../lib/gcc/arm-none-eabi/13.3.1/thumb/v8-m.main+fp/hard\libgcc.a(_aeabi_ldivmod.o)
                0x08000a1c                __aeabi_ldivmod
 .text          0x08000abc       0x30 D:/STM32CubeIDE_2.0.0/STM32CubeIDE/plugins/com.st.stm32cube.ide.mcu.externaltools.gnu-tools-for-stm32.13.3.rel1.win32_1.0.100.202509120712/tools/bin/../lib/gcc/arm-none-eabi/13.3.1/thumb/v8-m.main+fp/hard\libgcc.a(_aeabi_uldivmod.o)
                0x08000abc                __aeabi_uldivmod
 .text          0x08000aec       0x28 D:/STM32CubeIDE_2.0.0/STM32CubeIDE/plugins/com.st.stm32cube.ide.mcu.externaltools.gnu-tools-for-stm32.13.3.rel1.win32_1.0.100.202509120712/tools/bin/../lib/gcc/arm-none-eabi/13.3.1/thumb/v8-m.main+fp/hard\libgcc.a(_fixsfdi.o)
                0x08000aec                __fixsfdi
                0x08000aec                __aeabi_f2lz
 .text          0x08000b14       0x40 D:/STM32CubeIDE_2.0.0/STM32CubeIDE/plugins/com.st.stm32cube.ide.mcu.externaltools.gnu-tools-for-stm32.13.3.rel1.win32_1.0.100.202509120712/tools/bin/../lib/gcc/arm-none-eabi/13.3.1/thumb/v8-m.main+fp/hard\libgcc.a(_fixunssfdi.o)
                0x08000b14                __fixunssfdi
                0x08000b14                __aeabi_f2ulz
 .text          0x08000b54      0x348 D:/STM32CubeIDE_2.0.0/STM32CubeIDE/plugins/com.st.stm32cube.ide.mcu.externaltools.gnu-tools-for-stm32.13.3.rel1.win32_1.0.100.202509120712/tools/bin/../lib/gcc/arm-none-eabi/13.3.1/thumb/v8-m.main+fp/hard\libgcc.a(_udivmoddi4.o)
                0x08000b54                __udivmoddi4
 .text          0x08000e9c        0x4 D:/STM32CubeIDE_2.0.0/STM32CubeIDE/plugins/com.st.stm32cube.ide.mcu.externaltools.gnu-tools-for-stm32.13.3.rel1.win32_1.0.100.202509120712/tools/bin/../lib/gcc/arm-none-eabi/13.3.1/thumb/v8-m.main+fp/hard\libgcc.a(_dvmd_tls.o)
                0x08000e9c                __aeabi_idiv0
                0x08000e9c                __aeabi_ldiv0
 .text          0x08000ea0       0x40 D:/STM32CubeIDE_2.0.0/STM32CubeIDE/plugins/com.st.stm32cube.ide.mcu.externaltools.gnu-tools-for-stm32.13.3.rel1.win32_1.0.100.202509120712/tools/bin/../lib/gcc/arm-none-eabi/13.3.1/thumb/v8-m.main+fp/hard\libgcc.a(_arm_fixunsdfsi.o)
                0x08000ea0                __aeabi_d2uiz
                0x08000ea0                __fixunsdfsi
 *(.text*)
 .text.nucleo_on_safe_req
                0x08000ee0       0x16 ./Core/Src/UART/nucleo_uart_actions.o
                0x08000ee0                nucleo_on_safe_req
 .text.nucleo_on_scd_event
                0x08000ef6        0xe ./Core/Src/UART/nucleo_uart_actions.o
                0x08000ef6                nucleo_on_scd_event
 .text.nucleo_on_low_batt_mode
                0x08000f04        0xe ./Core/Src/UART/nucleo_uart_actions.o
                0x08000f04                nucleo_on_low_batt_mode
 .text.nucleo_on_low_batt_lock
                0x08000f12        0xe ./Core/Src/UART/nucleo_uart_actions.o
                0x08000f12                nucleo_on_low_batt_lock
 .text.nucleo_on_cur_latched
                0x08000f20        0xe ./Core/Src/UART/nucleo_uart_actions.o
                0x08000f20                nucleo_on_cur_latched
 .text.nucleo_on_low_batt_warn
                0x08000f2e       0x1c ./Core/Src/UART/nucleo_uart_actions.o
                0x08000f2e                nucleo_on_low_batt_warn
 .text.nucleo_on_last_fault
                0x08000f4a       0x18 ./Core/Src/UART/nucleo_uart_actions.o
                0x08000f4a                nucleo_on_last_fault
 *fill*         0x08000f62        0x2 
 .text.rb_next  0x08000f64       0x2c ./Core/Src/UART/nucleo_uart_rx.o
 .text.rb_count
                0x08000f90       0x40 ./Core/Src/UART/nucleo_uart_rx.o
 .text.rb_clear
                0x08000fd0       0x1c ./Core/Src/UART/nucleo_uart_rx.o
 .text.rb_peek  0x08000fec       0x5c ./Core/Src/UART/nucleo_uart_rx.o
 .text.rb_pop   0x08001048       0x44 ./Core/Src/UART/nucleo_uart_rx.o
 .text.rb_push  0x0800108c       0x5c ./Core/Src/UART/nucleo_uart_rx.o
 .text.nucleo_uart_crc8
                0x080010e8       0x78 ./Core/Src/UART/nucleo_uart_rx.o
                0x080010e8                nucleo_uart_crc8
 .text.nucleo_uart_rx_init
                0x08001160       0x5c ./Core/Src/UART/nucleo_uart_rx.o
                0x08001160                nucleo_uart_rx_init
 .text.nucleo_uart_rx_push_block
                0x080011bc       0x54 ./Core/Src/UART/nucleo_uart_rx.o
                0x080011bc                nucleo_uart_rx_push_block
 .text.nucleo_uart_parse_frame
                0x08001210      0x16c ./Core/Src/UART/nucleo_uart_rx.o
 .text.nucleo_uart_rx_process
                0x0800137c      0x10c ./Core/Src/UART/nucleo_uart_rx.o
                0x0800137c                nucleo_uart_rx_process
 .text.nucleo_uart_rx_port_init
                0x08001488       0x28 ./Core/Src/UART/nucleo_uart_rx_port.o
                0x08001488                nucleo_uart_rx_port_init
 .text.nucleo_uart_rx_port_process
                0x080014b0        0xc ./Core/Src/UART/nucleo_uart_rx_port.o
                0x080014b0                nucleo_uart_rx_port_process
 .text.nucleo_uart_rx_port_on_rx_block
                0x080014bc       0x2c ./Core/Src/UART/nucleo_uart_rx_port.o
                0x080014bc                nucleo_uart_rx_port_on_rx_block
 .text.dwt_init
                0x080014e8       0x34 ./Core/Src/ad7606.o
 .text.dwt_delay_cycles
                0x0800151c       0x30 ./Core/Src/ad7606.o
 *fill*         0x0800154c        0x4 
 .text.convert_ns_to_cycles
                0x08001550       0x5c ./Core/Src/ad7606.o
 .text.delay_ns
                0x080015ac       0x1e ./Core/Src/ad7606.o
 .text.pin_low  0x080015ca       0x20 ./Core/Src/ad7606.o
 .text.pin_high
                0x080015ea       0x20 ./Core/Src/ad7606.o
 .text.pulse_low_ns
                0x0800160a       0x30 ./Core/Src/ad7606.o
 *fill*         0x0800163a        0x2 
 .text.ad7606_gpio_init
                0x0800163c      0x254 ./Core/Src/ad7606.o
 .text.ad7606_init
                0x08001890       0x28 ./Core/Src/ad7606.o
                0x08001890                ad7606_init
 .text.start_conversion
                0x080018b8       0x18 ./Core/Src/ad7606.o
 .text.wait_conversion_complete
                0x080018d0       0x38 ./Core/Src/ad7606.o
 .text.read_current_channel
                0x08001908       0x18 ./Core/Src/ad7606.o
 .text.read_channel_sample
                0x08001920       0x38 ./Core/Src/ad7606.o
 .text.read_all_channels
                0x08001958       0x50 ./Core/Src/ad7606.o
 .text.finish_conversion
                0x080019a8       0x1c ./Core/Src/ad7606.o
 .text.ad7606_read_all_channels
                0x080019c4      0x108 ./Core/Src/ad7606.o
                0x080019c4                ad7606_read_all_channels
 .text.ann_init
                0x08001acc       0x44 ./Core/Src/ann_infer.o
                0x08001acc                ann_init
 .text.quantize_input
                0x08001b10       0x50 ./Core/Src/ann_infer.o
 .text.ann_predict
                0x08001b60      0x1d4 ./Core/Src/ann_infer.o
                0x08001b60                ann_predict
 .text.circular_list_init
                0x08001d34       0xd6 ./Core/Src/circular_list.o
                0x08001d34                circular_list_init
 .text.circular_list_add
                0x08001e0a       0x8c ./Core/Src/circular_list.o
                0x08001e0a                circular_list_add
 .text.circular_list_sum_sq
                0x08001e96       0x2a ./Core/Src/circular_list.o
                0x08001e96                circular_list_sum_sq
 .text.circular_list_free
                0x08001ec0       0x6e ./Core/Src/circular_list.o
                0x08001ec0                circular_list_free
 *fill*         0x08001f2e        0x2 
 .text.debug_print_pred_stats
                0x08001f30      0x324 ./Core/Src/control_loop.o
 .text.debug_print_sample_rate
                0x08002254       0x54 ./Core/Src/control_loop.o
 .text.dwt_init
                0x080022a8       0x34 ./Core/Src/control_loop.o
 .text.control_init
                0x080022dc       0x78 ./Core/Src/control_loop.o
                0x080022dc                control_init
 .text.control_on_sample_tick_isr
                0x08002354       0x4c ./Core/Src/control_loop.o
                0x08002354                control_on_sample_tick_isr
 .text.control_enable_sampling
                0x080023a0       0x18 ./Core/Src/control_loop.o
                0x080023a0                control_enable_sampling
 .text.control_tick
                0x080023b8      0x1f4 ./Core/Src/control_loop.o
                0x080023b8                control_tick
 .text.MX_GPDMA1_Init
                0x080025ac       0x40 ./Core/Src/gpdma.o
                0x080025ac                MX_GPDMA1_Init
 .text.MX_GPIO_Init
                0x080025ec       0xc4 ./Core/Src/gpio.o
                0x080025ec                MX_GPIO_Init
 .text.MX_ICACHE_Init
                0x080026b0       0x26 ./Core/Src/icache.o
                0x080026b0                MX_ICACHE_Init
 *fill*         0x080026d6        0x2 
 .text.main     0x080026d8       0x64 ./Core/Src/main.o
                0x080026d8                main
 .text.SystemClock_Config
                0x0800273c       0xb8 ./Core/Src/main.o
                0x0800273c                SystemClock_Config
 .text.SystemPower_Config
                0x080027f4       0x1c ./Core/Src/main.o
 .text.HAL_TIM_PeriodElapsedCallback
                0x08002810       0x30 ./Core/Src/main.o
                0x08002810                HAL_TIM_PeriodElapsedCallback
 .text.Error_Handler
                0x08002840        0xc ./Core/Src/main.o
                0x08002840                Error_Handler
 .text.rms_filter_init
                0x0800284c       0x6a ./Core/Src/rms_filter.o
                0x0800284c                rms_filter_init
 .text.rms_filter_update
                0x080028b6       0xda ./Core/Src/rms_filter.o
                0x080028b6                rms_filter_update
 .text.rms_filter_ready
                0x08002990       0x30 ./Core/Src/rms_filter.o
                0x08002990                rms_filter_ready
 .text.rms_filter_build_features
                0x080029c0       0xfc ./Core/Src/rms_filter.o
                0x080029c0                rms_filter_build_features
 .text.HAL_MspInit
                0x08002abc       0x38 ./Core/Src/stm32u5xx_hal_msp.o
                0x08002abc                HAL_MspInit
 .text.HAL_InitTick
                0x08002af4       0xe0 ./Core/Src/stm32u5xx_hal_timebase_tim.o
                0x08002af4                HAL_InitTick
 .text.uart_dma_idle_init
                0x08002bd4       0x5c ./Core/Src/stm32u5xx_it.o
                0x08002bd4                uart_dma_idle_init
 .text.uart_dma_idle_handle
                0x08002c30       0xa8 ./Core/Src/stm32u5xx_it.o
 .text.NMI_Handler
                0x08002cd8        0x8 ./Core/Src/stm32u5xx_it.o
                0x08002cd8                NMI_Handler
 .text.HardFault_Handler
                0x08002ce0        0x8 ./Core/Src/stm32u5xx_it.o
                0x08002ce0                HardFault_Handler
 .text.MemManage_Handler
                0x08002ce8        0x8 ./Core/Src/stm32u5xx_it.o
                0x08002ce8                MemManage_Handler
 .text.BusFault_Handler
                0x08002cf0        0x8 ./Core/Src/stm32u5xx_it.o
                0x08002cf0                BusFault_Handler
 .text.UsageFault_Handler
                0x08002cf8        0x8 ./Core/Src/stm32u5xx_it.o
                0x08002cf8                UsageFault_Handler
 .text.SVC_Handler
                0x08002d00        0xe ./Core/Src/stm32u5xx_it.o
                0x08002d00                SVC_Handler
 .text.DebugMon_Handler
                0x08002d0e        0xe ./Core/Src/stm32u5xx_it.o
                0x08002d0e                DebugMon_Handler
 .text.PendSV_Handler
                0x08002d1c        0xe ./Core/Src/stm32u5xx_it.o
                0x08002d1c                PendSV_Handler
 .text.SysTick_Handler
                0x08002d2a        0xe ./Core/Src/stm32u5xx_it.o
                0x08002d2a                SysTick_Handler
 .text.GPDMA1_Channel1_IRQHandler
                0x08002d38       0x14 ./Core/Src/stm32u5xx_it.o
                0x08002d38                GPDMA1_Channel1_IRQHandler
 .text.USART1_IRQHandler
                0x08002d4c       0x3c ./Core/Src/stm32u5xx_it.o
                0x08002d4c                USART1_IRQHandler
 .text.TIM17_IRQHandler
                0x08002d88       0x14 ./Core/Src/stm32u5xx_it.o
                0x08002d88                TIM17_IRQHandler
 .text._sbrk    0x08002d9c       0x6c ./Core/Src/sysmem.o
                0x08002d9c                _sbrk
 .text.SystemInit
                0x08002e08       0x70 ./Core/Src/system_stm32u5xx.o
                0x08002e08                SystemInit
 .text.MX_USART1_UART_Init
                0x08002e78       0x98 ./Core/Src/usart.o
                0x08002e78                MX_USART1_UART_Init
 .text.HAL_UART_MspInit
                0x08002f10      0x25c ./Core/Src/usart.o
                0x08002f10                HAL_UART_MspInit
 .text.Reset_Handler
                0x0800316c       0x50 ./Core/Startup/startup_stm32u575zitxq.o
                0x0800316c                Reset_Handler
 .text.Default_Handler
                0x080031bc        0x2 ./Core/Startup/startup_stm32u575zitxq.o
                0x080031bc                EXTI2_IRQHandler
                0x080031bc                TIM8_TRG_COM_IRQHandler
                0x080031bc                TIM8_CC_IRQHandler
                0x080031bc                EXTI5_IRQHandler
                0x080031bc                FLASH_S_IRQHandler
                0x080031bc                EXTI13_IRQHandler
                0x080031bc                TIM1_CC_IRQHandler
                0x080031bc                TSC_IRQHandler
                0x080031bc                TAMP_IRQHandler
                0x080031bc                TIM6_IRQHandler
                0x080031bc                EXTI12_IRQHandler
                0x080031bc                CORDIC_IRQHandler
                0x080031bc                EXTI3_IRQHandler
                0x080031bc                LPTIM4_IRQHandler
                0x080031bc                GPDMA1_Channel5_IRQHandler
                0x080031bc                EXTI8_IRQHandler
                0x080031bc                LPTIM2_IRQHandler
                0x080031bc                I2C3_ER_IRQHandler
                0x080031bc                PWR_S3WU_IRQHandler
                0x080031bc                MDF1_FLT2_IRQHandler
                0x080031bc                LPDMA1_Channel3_IRQHandler
                0x080031bc                LPTIM3_IRQHandler
                0x080031bc                EXTI0_IRQHandler
                0x080031bc                I2C2_EV_IRQHandler
                0x080031bc                FPU_IRQHandler
                0x080031bc                GPDMA1_Channel3_IRQHandler
                0x080031bc                GPDMA1_Channel7_IRQHandler
                0x080031bc                MDF1_FLT4_IRQHandler
                0x080031bc                FDCAN1_IT1_IRQHandler
                0x080031bc                RAMCFG_IRQHandler
                0x080031bc                GPDMA1_Channel9_IRQHandler
                0x080031bc                DCACHE1_IRQHandler
                0x080031bc                SPI1_IRQHandler
                0x080031bc                OCTOSPI1_IRQHandler
                0x080031bc                GPDMA1_Channel2_IRQHandler
                0x080031bc                TIM8_UP_IRQHandler
                0x080031bc                RCC_S_IRQHandler
                0x080031bc                OCTOSPI2_IRQHandler
                0x080031bc                SAI2_IRQHandler
                0x080031bc                MDF1_FLT1_IRQHandler
                0x080031bc                ADC1_IRQHandler
                0x080031bc                MDF1_FLT5_IRQHandler
                0x080031bc                EXTI15_IRQHandler
                0x080031bc                USART3_IRQHandler
                0x080031bc                RTC_IRQHandler
                0x080031bc                EXTI9_IRQHandler
                0x080031bc                UART5_IRQHandler
                0x080031bc                TIM4_IRQHandler
                0x080031bc                I2C1_EV_IRQHandler
                0x080031bc                GPDMA1_Channel12_IRQHandler
                0x080031bc                TIM16_IRQHandler
                0x080031bc                GPDMA1_Channel15_IRQHandler
                0x080031bc                UART4_IRQHandler
                0x080031bc                SecureFault_Handler
                0x080031bc                TIM3_IRQHandler
                0x080031bc                RCC_IRQHandler
                0x080031bc                TIM1_TRG_COM_IRQHandler
                0x080031bc                Default_Handler
                0x080031bc                GPDMA1_Channel8_IRQHandler
                0x080031bc                FMAC_IRQHandler
                0x080031bc                GPDMA1_Channel11_IRQHandler
                0x080031bc                TIM7_IRQHandler
                0x080031bc                SDMMC1_IRQHandler
                0x080031bc                TIM5_IRQHandler
                0x080031bc                UCPD1_IRQHandler
                0x080031bc                GPDMA1_Channel0_IRQHandler
                0x080031bc                TIM15_IRQHandler
                0x080031bc                I2C3_EV_IRQHandler
                0x080031bc                LPDMA1_Channel0_IRQHandler
                0x080031bc                PVD_PVM_IRQHandler
                0x080031bc                SPI2_IRQHandler
                0x080031bc                LPDMA1_Channel1_IRQHandler
                0x080031bc                EXTI14_IRQHandler
                0x080031bc                EXTI11_IRQHandler
                0x080031bc                CRS_IRQHandler
                0x080031bc                GPDMA1_Channel14_IRQHandler
                0x080031bc                LSECSSD_IRQHandler
                0x080031bc                EXTI4_IRQHandler
                0x080031bc                RTC_S_IRQHandler
                0x080031bc                GPDMA1_Channel13_IRQHandler
                0x080031bc                RNG_IRQHandler
                0x080031bc                COMP_IRQHandler
                0x080031bc                TIM1_UP_IRQHandler
                0x080031bc                ADC4_IRQHandler
                0x080031bc                WWDG_IRQHandler
                0x080031bc                I2C4_EV_IRQHandler
                0x080031bc                ADF1_IRQHandler
                0x080031bc                IWDG_IRQHandler
                0x080031bc                LPUART1_IRQHandler
                0x080031bc                MDF1_FLT0_IRQHandler
                0x080031bc                FDCAN1_IT0_IRQHandler
                0x080031bc                TIM2_IRQHandler
                0x080031bc                GPDMA1_Channel4_IRQHandler
                0x080031bc                EXTI7_IRQHandler
                0x080031bc                DMA2D_IRQHandler
                0x080031bc                TIM1_BRK_IRQHandler
                0x080031bc                EXTI1_IRQHandler
                0x080031bc                SDMMC2_IRQHandler
                0x080031bc                DAC1_IRQHandler
                0x080031bc                GTZC_IRQHandler
                0x080031bc                MDF1_FLT3_IRQHandler
                0x080031bc                USART2_IRQHandler
                0x080031bc                GPDMA1_Channel6_IRQHandler
                0x080031bc                I2C2_ER_IRQHandler
                0x080031bc                TIM8_BRK_IRQHandler
                0x080031bc                FLASH_IRQHandler
                0x080031bc                EXTI10_IRQHandler
                0x080031bc                OTG_FS_IRQHandler
                0x080031bc                SPI3_IRQHandler
                0x080031bc                LPDMA1_Channel2_IRQHandler
                0x080031bc                I2C1_ER_IRQHandler
                0x080031bc                FMC_IRQHandler
                0x080031bc                EXTI6_IRQHandler
                0x080031bc                LPTIM1_IRQHandler
                0x080031bc                DCMI_PSSI_IRQHandler
                0x080031bc                I2C4_ER_IRQHandler
                0x080031bc                GPDMA1_Channel10_IRQHandler
                0x080031bc                ICACHE_IRQHandler
                0x080031bc                SAI1_IRQHandler
                0x080031bc                HASH_IRQHandler
 *fill*         0x080031be        0x2 
 .text.HAL_Init
                0x080031c0       0x60 ./Drivers/STM32U5xx_HAL_Driver/Src/stm32u5xx_hal.o
                0x080031c0                HAL_Init
 .text.HAL_IncTick
                0x08003220       0x28 ./Drivers/STM32U5xx_HAL_Driver/Src/stm32u5xx_hal.o
                0x08003220                HAL_IncTick
 .text.HAL_GetTick
                0x08003248       0x18 ./Drivers/STM32U5xx_HAL_Driver/Src/stm32u5xx_hal.o
                0x08003248                HAL_GetTick
 .text.HAL_Delay
                0x08003260       0x48 ./Drivers/STM32U5xx_HAL_Driver/Src/stm32u5xx_hal.o
                0x08003260                HAL_Delay
 .text.__NVIC_SetPriorityGrouping
                0x080032a8       0x48 ./Drivers/STM32U5xx_HAL_Driver/Src/stm32u5xx_hal_cortex.o
 .text.__NVIC_GetPriorityGrouping
                0x080032f0       0x1c ./Drivers/STM32U5xx_HAL_Driver/Src/stm32u5xx_hal_cortex.o
 .text.__NVIC_EnableIRQ
                0x0800330c       0x3c ./Drivers/STM32U5xx_HAL_Driver/Src/stm32u5xx_hal_cortex.o
 .text.__NVIC_SetPriority
                0x08003348       0x54 ./Drivers/STM32U5xx_HAL_Driver/Src/stm32u5xx_hal_cortex.o
 .text.NVIC_EncodePriority
                0x0800339c       0x66 ./Drivers/STM32U5xx_HAL_Driver/Src/stm32u5xx_hal_cortex.o
 .text.HAL_NVIC_SetPriorityGrouping
                0x08003402       0x16 ./Drivers/STM32U5xx_HAL_Driver/Src/stm32u5xx_hal_cortex.o
                0x08003402                HAL_NVIC_SetPriorityGrouping
 .text.HAL_NVIC_SetPriority
                0x08003418       0x34 ./Drivers/STM32U5xx_HAL_Driver/Src/stm32u5xx_hal_cortex.o
                0x08003418                HAL_NVIC_SetPriority
 .text.HAL_NVIC_EnableIRQ
                0x0800344c       0x1c ./Drivers/STM32U5xx_HAL_Driver/Src/stm32u5xx_hal_cortex.o
                0x0800344c                HAL_NVIC_EnableIRQ
 .text.HAL_SYSTICK_CLKSourceConfig
                0x08003468       0xb0 ./Drivers/STM32U5xx_HAL_Driver/Src/stm32u5xx_hal_cortex.o
                0x08003468                HAL_SYSTICK_CLKSourceConfig
 .text.HAL_DMA_Start_IT
                0x08003518       0xc0 ./Drivers/STM32U5xx_HAL_Driver/Src/stm32u5xx_hal_dma.o
                0x08003518                HAL_DMA_Start_IT
 .text.HAL_DMA_Abort
                0x080035d8       0xf8 ./Drivers/STM32U5xx_HAL_Driver/Src/stm32u5xx_hal_dma.o
                0x080035d8                HAL_DMA_Abort
 .text.HAL_DMA_Abort_IT
                0x080036d0       0x52 ./Drivers/STM32U5xx_HAL_Driver/Src/stm32u5xx_hal_dma.o
                0x080036d0                HAL_DMA_Abort_IT
 .text.HAL_DMA_IRQHandler
                0x08003722      0x2c2 ./Drivers/STM32U5xx_HAL_Driver/Src/stm32u5xx_hal_dma.o
                0x08003722                HAL_DMA_IRQHandler
 .text.HAL_DMA_ConfigChannelAttributes
                0x080039e4       0x78 ./Drivers/STM32U5xx_HAL_Driver/Src/stm32u5xx_hal_dma.o
                0x080039e4                HAL_DMA_ConfigChannelAttributes
 .text.DMA_SetConfig
                0x08003a5c       0x4a ./Drivers/STM32U5xx_HAL_Driver/Src/stm32u5xx_hal_dma.o
 *fill*         0x08003aa6        0x2 
 .text.HAL_DMAEx_List_Init
                0x08003aa8      0x258 ./Drivers/STM32U5xx_HAL_Driver/Src/stm32u5xx_hal_dma_ex.o
                0x08003aa8                HAL_DMAEx_List_Init
 .text.HAL_DMAEx_List_Start_IT
                0x08003d00      0x128 ./Drivers/STM32U5xx_HAL_Driver/Src/stm32u5xx_hal_dma_ex.o
                0x08003d00                HAL_DMAEx_List_Start_IT
 .text.HAL_DMAEx_List_BuildNode
                0x08003e28       0x2c ./Drivers/STM32U5xx_HAL_Driver/Src/stm32u5xx_hal_dma_ex.o
                0x08003e28                HAL_DMAEx_List_BuildNode
 .text.HAL_DMAEx_List_InsertNode
                0x08003e54      0x192 ./Drivers/STM32U5xx_HAL_Driver/Src/stm32u5xx_hal_dma_ex.o
                0x08003e54                HAL_DMAEx_List_InsertNode
 .text.HAL_DMAEx_List_SetCircularMode
                0x08003fe6       0xc0 ./Drivers/STM32U5xx_HAL_Driver/Src/stm32u5xx_hal_dma_ex.o
                0x08003fe6                HAL_DMAEx_List_SetCircularMode
 *fill*         0x080040a6        0x2 
 .text.HAL_DMAEx_List_LinkQ
                0x080040a8      0x12c ./Drivers/STM32U5xx_HAL_Driver/Src/stm32u5xx_hal_dma_ex.o
                0x080040a8                HAL_DMAEx_List_LinkQ
 .text.DMA_List_Init
                0x080041d4      0x2b0 ./Drivers/STM32U5xx_HAL_Driver/Src/stm32u5xx_hal_dma_ex.o
 .text.DMA_List_BuildNode
                0x08004484      0x2a4 ./Drivers/STM32U5xx_HAL_Driver/Src/stm32u5xx_hal_dma_ex.o
 .text.DMA_List_CheckNodesBaseAddresses
                0x08004728       0x60 ./Drivers/STM32U5xx_HAL_Driver/Src/stm32u5xx_hal_dma_ex.o
 .text.DMA_List_CheckNodesTypes
                0x08004788       0x78 ./Drivers/STM32U5xx_HAL_Driver/Src/stm32u5xx_hal_dma_ex.o
 .text.DMA_List_GetCLLRNodeInfo
                0x08004800       0x60 ./Drivers/STM32U5xx_HAL_Driver/Src/stm32u5xx_hal_dma_ex.o
 .text.DMA_List_FindNode
                0x08004860      0x13e ./Drivers/STM32U5xx_HAL_Driver/Src/stm32u5xx_hal_dma_ex.o
 *fill*         0x0800499e        0x2 
 .text.HAL_GPIO_Init
                0x080049a0      0x3c0 ./Drivers/STM32U5xx_HAL_Driver/Src/stm32u5xx_hal_gpio.o
                0x080049a0                HAL_GPIO_Init
 .text.HAL_GPIO_ReadPin
                0x08004d60       0x30 ./Drivers/STM32U5xx_HAL_Driver/Src/stm32u5xx_hal_gpio.o
                0x08004d60                HAL_GPIO_ReadPin
 .text.HAL_GPIO_WritePin
                0x08004d90       0x30 ./Drivers/STM32U5xx_HAL_Driver/Src/stm32u5xx_hal_gpio.o
                0x08004d90                HAL_GPIO_WritePin
 .text.HAL_GPIO_TogglePin
                0x08004dc0       0x34 ./Drivers/STM32U5xx_HAL_Driver/Src/stm32u5xx_hal_gpio.o
                0x08004dc0                HAL_GPIO_TogglePin
 .text.HAL_ICACHE_ConfigAssociativityMode
                0x08004df4       0x40 ./Drivers/STM32U5xx_HAL_Driver/Src/stm32u5xx_hal_icache.o
                0x08004df4                HAL_ICACHE_ConfigAssociativityMode
 .text.HAL_ICACHE_Enable
                0x08004e34       0x20 ./Drivers/STM32U5xx_HAL_Driver/Src/stm32u5xx_hal_icache.o
                0x08004e34                HAL_ICACHE_Enable
 .text.HAL_PWREx_ControlVoltageScaling
                0x08004e54       0xfc ./Drivers/STM32U5xx_HAL_Driver/Src/stm32u5xx_hal_pwr_ex.o
                0x08004e54                HAL_PWREx_ControlVoltageScaling
 .text.HAL_PWREx_GetVoltageRange
                0x08004f50       0x1c ./Drivers/STM32U5xx_HAL_Driver/Src/stm32u5xx_hal_pwr_ex.o
                0x08004f50                HAL_PWREx_GetVoltageRange
 .text.HAL_PWREx_ConfigSupply
                0x08004f6c       0xa0 ./Drivers/STM32U5xx_HAL_Driver/Src/stm32u5xx_hal_pwr_ex.o
                0x08004f6c                HAL_PWREx_ConfigSupply
 .text.HAL_PWREx_DisableUCPDDeadBattery
                0x0800500c       0x20 ./Drivers/STM32U5xx_HAL_Driver/Src/stm32u5xx_hal_pwr_ex.o
                0x0800500c                HAL_PWREx_DisableUCPDDeadBattery
 .text.HAL_RCC_OscConfig
                0x0800502c      0xdb8 ./Drivers/STM32U5xx_HAL_Driver/Src/stm32u5xx_hal_rcc.o
                0x0800502c                HAL_RCC_OscConfig
 .text.HAL_RCC_ClockConfig
                0x08005de4      0x3e4 ./Drivers/STM32U5xx_HAL_Driver/Src/stm32u5xx_hal_rcc.o
                0x08005de4                HAL_RCC_ClockConfig
 .text.HAL_RCC_GetSysClockFreq
                0x080061c8      0x204 ./Drivers/STM32U5xx_HAL_Driver/Src/stm32u5xx_hal_rcc.o
                0x080061c8                HAL_RCC_GetSysClockFreq
 .text.HAL_RCC_GetHCLKFreq
                0x080063cc       0x34 ./Drivers/STM32U5xx_HAL_Driver/Src/stm32u5xx_hal_rcc.o
                0x080063cc                HAL_RCC_GetHCLKFreq
 .text.HAL_RCC_GetPCLK1Freq
                0x08006400       0x28 ./Drivers/STM32U5xx_HAL_Driver/Src/stm32u5xx_hal_rcc.o
                0x08006400                HAL_RCC_GetPCLK1Freq
 .text.HAL_RCC_GetPCLK2Freq
                0x08006428       0x28 ./Drivers/STM32U5xx_HAL_Driver/Src/stm32u5xx_hal_rcc.o
                0x08006428                HAL_RCC_GetPCLK2Freq
 .text.HAL_RCC_GetPCLK3Freq
                0x08006450       0x28 ./Drivers/STM32U5xx_HAL_Driver/Src/stm32u5xx_hal_rcc.o
                0x08006450                HAL_RCC_GetPCLK3Freq
 .text.HAL_RCC_GetClockConfig
                0x08006478       0x70 ./Drivers/STM32U5xx_HAL_Driver/Src/stm32u5xx_hal_rcc.o
                0x08006478                HAL_RCC_GetClockConfig
 .text.RCC_SetFlashLatencyFromMSIRange
                0x080064e8      0x10c ./Drivers/STM32U5xx_HAL_Driver/Src/stm32u5xx_hal_rcc.o
 .text.HAL_RCCEx_PeriphCLKConfig
                0x080065f4      0xb48 ./Drivers/STM32U5xx_HAL_Driver/Src/stm32u5xx_hal_rcc_ex.o
                0x080065f4                HAL_RCCEx_PeriphCLKConfig
 .text.HAL_RCCEx_GetPLL1ClockFreq
                0x0800713c      0x2b4 ./Drivers/STM32U5xx_HAL_Driver/Src/stm32u5xx_hal_rcc_ex.o
                0x0800713c                HAL_RCCEx_GetPLL1ClockFreq
 .text.HAL_RCCEx_GetPLL2ClockFreq
                0x080073f0      0x2b4 ./Drivers/STM32U5xx_HAL_Driver/Src/stm32u5xx_hal_rcc_ex.o
                0x080073f0                HAL_RCCEx_GetPLL2ClockFreq
 .text.HAL_RCCEx_GetPLL3ClockFreq
                0x080076a4      0x2b4 ./Drivers/STM32U5xx_HAL_Driver/Src/stm32u5xx_hal_rcc_ex.o
                0x080076a4                HAL_RCCEx_GetPLL3ClockFreq
 .text.HAL_RCCEx_GetPeriphCLKFreq
                0x08007958     0x136c ./Drivers/STM32U5xx_HAL_Driver/Src/stm32u5xx_hal_rcc_ex.o
                0x08007958                HAL_RCCEx_GetPeriphCLKFreq
 .text.RCCEx_PLL2_Config
                0x08008cc4      0x130 ./Drivers/STM32U5xx_HAL_Driver/Src/stm32u5xx_hal_rcc_ex.o
 .text.RCCEx_PLL3_Config
                0x08008df4      0x130 ./Drivers/STM32U5xx_HAL_Driver/Src/stm32u5xx_hal_rcc_ex.o
 .text.HAL_TIM_Base_Init
                0x08008f24       0xae ./Drivers/STM32U5xx_HAL_Driver/Src/stm32u5xx_hal_tim.o
                0x08008f24                HAL_TIM_Base_Init
 .text.HAL_TIM_Base_MspInit
                0x08008fd2       0x14 ./Drivers/STM32U5xx_HAL_Driver/Src/stm32u5xx_hal_tim.o
                0x08008fd2                HAL_TIM_Base_MspInit
 *fill*         0x08008fe6        0x2 
 .text.HAL_TIM_Base_Start_IT
                0x08008fe8      0x140 ./Drivers/STM32U5xx_HAL_Driver/Src/stm32u5xx_hal_tim.o
                0x08008fe8                HAL_TIM_Base_Start_IT
 .text.HAL_TIM_IRQHandler
                0x08009128      0x29e ./Drivers/STM32U5xx_HAL_Driver/Src/stm32u5xx_hal_tim.o
                0x08009128                HAL_TIM_IRQHandler
 .text.HAL_TIM_OC_DelayElapsedCallback
                0x080093c6       0x14 ./Drivers/STM32U5xx_HAL_Driver/Src/stm32u5xx_hal_tim.o
                0x080093c6                HAL_TIM_OC_DelayElapsedCallback
 .text.HAL_TIM_IC_CaptureCallback
                0x080093da       0x14 ./Drivers/STM32U5xx_HAL_Driver/Src/stm32u5xx_hal_tim.o
                0x080093da                HAL_TIM_IC_CaptureCallback
 .text.HAL_TIM_PWM_PulseFinishedCallback
                0x080093ee       0x14 ./Drivers/STM32U5xx_HAL_Driver/Src/stm32u5xx_hal_tim.o
                0x080093ee                HAL_TIM_PWM_PulseFinishedCallback
 .text.HAL_TIM_TriggerCallback
                0x08009402       0x14 ./Drivers/STM32U5xx_HAL_Driver/Src/stm32u5xx_hal_tim.o
                0x08009402                HAL_TIM_TriggerCallback
 *fill*         0x08009416        0x2 
 .text.TIM_Base_SetConfig
                0x08009418      0x200 ./Drivers/STM32U5xx_HAL_Driver/Src/stm32u5xx_hal_tim.o
                0x08009418                TIM_Base_SetConfig
 .text.HAL_TIMEx_CommutCallback
                0x08009618       0x14 ./Drivers/STM32U5xx_HAL_Driver/Src/stm32u5xx_hal_tim_ex.o
                0x08009618                HAL_TIMEx_CommutCallback
 .text.HAL_TIMEx_BreakCallback
                0x0800962c       0x14 ./Drivers/STM32U5xx_HAL_Driver/Src/stm32u5xx_hal_tim_ex.o
                0x0800962c                HAL_TIMEx_BreakCallback
 .text.HAL_TIMEx_Break2Callback
                0x08009640       0x14 ./Drivers/STM32U5xx_HAL_Driver/Src/stm32u5xx_hal_tim_ex.o
                0x08009640                HAL_TIMEx_Break2Callback
 .text.HAL_TIMEx_EncoderIndexCallback
                0x08009654       0x14 ./Drivers/STM32U5xx_HAL_Driver/Src/stm32u5xx_hal_tim_ex.o
                0x08009654                HAL_TIMEx_EncoderIndexCallback
 .text.HAL_TIMEx_DirectionChangeCallback
                0x08009668       0x14 ./Drivers/STM32U5xx_HAL_Driver/Src/stm32u5xx_hal_tim_ex.o
                0x08009668                HAL_TIMEx_DirectionChangeCallback
 .text.HAL_TIMEx_IndexErrorCallback
                0x0800967c       0x14 ./Drivers/STM32U5xx_HAL_Driver/Src/stm32u5xx_hal_tim_ex.o
                0x0800967c                HAL_TIMEx_IndexErrorCallback
 .text.HAL_TIMEx_TransitionErrorCallback
                0x08009690       0x14 ./Drivers/STM32U5xx_HAL_Driver/Src/stm32u5xx_hal_tim_ex.o
                0x08009690                HAL_TIMEx_TransitionErrorCallback
 .text.HAL_UART_Init
                0x080096a4       0xa0 ./Drivers/STM32U5xx_HAL_Driver/Src/stm32u5xx_hal_uart.o
                0x080096a4                HAL_UART_Init
 .text.HAL_UART_Transmit
                0x08009744      0x13c ./Drivers/STM32U5xx_HAL_Driver/Src/stm32u5xx_hal_uart.o
                0x08009744                HAL_UART_Transmit
 .text.HAL_UART_Receive_DMA
                0x08009880       0xa4 ./Drivers/STM32U5xx_HAL_Driver/Src/stm32u5xx_hal_uart.o
                0x08009880                HAL_UART_Receive_DMA
 .text.HAL_UART_IRQHandler
                0x08009924      0x5b0 ./Drivers/STM32U5xx_HAL_Driver/Src/stm32u5xx_hal_uart.o
                0x08009924                HAL_UART_IRQHandler
 .text.HAL_UART_TxCpltCallback
                0x08009ed4       0x14 ./Drivers/STM32U5xx_HAL_Driver/Src/stm32u5xx_hal_uart.o
                0x08009ed4                HAL_UART_TxCpltCallback
 .text.HAL_UART_RxCpltCallback
                0x08009ee8       0x14 ./Drivers/STM32U5xx_HAL_Driver/Src/stm32u5xx_hal_uart.o
                0x08009ee8                HAL_UART_RxCpltCallback
 .text.HAL_UART_RxHalfCpltCallback
                0x08009efc       0x14 ./Drivers/STM32U5xx_HAL_Driver/Src/stm32u5xx_hal_uart.o
                0x08009efc                HAL_UART_RxHalfCpltCallback
 .text.HAL_UART_ErrorCallback
                0x08009f10       0x14 ./Drivers/STM32U5xx_HAL_Driver/Src/stm32u5xx_hal_uart.o
                0x08009f10                HAL_UART_ErrorCallback
 .text.HAL_UARTEx_RxEventCallback
                0x08009f24       0x18 ./Drivers/STM32U5xx_HAL_Driver/Src/stm32u5xx_hal_uart.o
                0x08009f24                HAL_UARTEx_RxEventCallback
 .text.UART_SetConfig
                0x08009f3c      0x344 ./Drivers/STM32U5xx_HAL_Driver/Src/stm32u5xx_hal_uart.o
                0x08009f3c                UART_SetConfig
 .text.UART_AdvFeatureConfig
                0x0800a280      0x144 ./Drivers/STM32U5xx_HAL_Driver/Src/stm32u5xx_hal_uart.o
                0x0800a280                UART_AdvFeatureConfig
 .text.UART_CheckIdleState
                0x0800a3c4      0x154 ./Drivers/STM32U5xx_HAL_Driver/Src/stm32u5xx_hal_uart.o
                0x0800a3c4                UART_CheckIdleState
 .text.UART_WaitOnFlagUntilTimeout
                0x0800a518       0xda ./Drivers/STM32U5xx_HAL_Driver/Src/stm32u5xx_hal_uart.o
                0x0800a518                UART_WaitOnFlagUntilTimeout
 *fill*         0x0800a5f2        0x2 
 .text.UART_Start_Receive_DMA
                0x0800a5f4      0x1f0 ./Drivers/STM32U5xx_HAL_Driver/Src/stm32u5xx_hal_uart.o
                0x0800a5f4                UART_Start_Receive_DMA
 .text.UART_EndTxTransfer
                0x0800a7e4       0x82 ./Drivers/STM32U5xx_HAL_Driver/Src/stm32u5xx_hal_uart.o
 .text.UART_EndRxTransfer
                0x0800a866       0xcc ./Drivers/STM32U5xx_HAL_Driver/Src/stm32u5xx_hal_uart.o
 .text.UART_DMAReceiveCplt
                0x0800a932      0x128 ./Drivers/STM32U5xx_HAL_Driver/Src/stm32u5xx_hal_uart.o
 .text.UART_DMARxHalfCplt
                0x0800aa5a       0x72 ./Drivers/STM32U5xx_HAL_Driver/Src/stm32u5xx_hal_uart.o
 .text.UART_DMAError
                0x0800aacc       0x80 ./Drivers/STM32U5xx_HAL_Driver/Src/stm32u5xx_hal_uart.o
 .text.UART_DMAAbortOnError
                0x0800ab4c       0x24 ./Drivers/STM32U5xx_HAL_Driver/Src/stm32u5xx_hal_uart.o
 .text.UART_EndTransmit_IT
                0x0800ab70       0x56 ./Drivers/STM32U5xx_HAL_Driver/Src/stm32u5xx_hal_uart.o
 .text.HAL_UARTEx_RxFifoFullCallback
                0x0800abc6       0x14 ./Drivers/STM32U5xx_HAL_Driver/Src/stm32u5xx_hal_uart_ex.o
                0x0800abc6                HAL_UARTEx_RxFifoFullCallback
 .text.HAL_UARTEx_TxFifoEmptyCallback
                0x0800abda       0x14 ./Drivers/STM32U5xx_HAL_Driver/Src/stm32u5xx_hal_uart_ex.o
                0x0800abda                HAL_UARTEx_TxFifoEmptyCallback
 .text.HAL_UARTEx_DisableFifoMode
                0x0800abee       0x72 ./Drivers/STM32U5xx_HAL_Driver/Src/stm32u5xx_hal_uart_ex.o
                0x0800abee                HAL_UARTEx_DisableFifoMode
 .text.HAL_UARTEx_SetTxFifoThreshold
                0x0800ac60       0x7c ./Drivers/STM32U5xx_HAL_Driver/Src/stm32u5xx_hal_uart_ex.o
                0x0800ac60                HAL_UARTEx_SetTxFifoThreshold
 .text.HAL_UARTEx_SetRxFifoThreshold
                0x0800acdc       0x7c ./Drivers/STM32U5xx_HAL_Driver/Src/stm32u5xx_hal_uart_ex.o
                0x0800acdc                HAL_UARTEx_SetRxFifoThreshold
 .text.UARTEx_SetNbDataToProcess
                0x0800ad58       0x9c ./Drivers/STM32U5xx_HAL_Driver/Src/stm32u5xx_hal_uart_ex.o
 .text.network_configure_activations
                0x0800adf4      0x1e4 ./X-CUBE-AI/App/network.o
 .text.network_configure_weights
                0x0800afd8      0x238 ./X-CUBE-AI/App/network.o
 .text.ai_network_get_error
                0x0800b210       0x18 ./X-CUBE-AI/App/network.o
                0x0800b210                ai_network_get_error
 .text.ai_network_create
                0x0800b228       0x2c ./X-CUBE-AI/App/network.o
                0x0800b228                ai_network_create
 .text.ai_network_create_and_init
                0x0800b254       0xfc ./X-CUBE-AI/App/network.o
                0x0800b254                ai_network_create_and_init
 .text.ai_network_init
                0x0800b350       0x78 ./X-CUBE-AI/App/network.o
                0x0800b350                ai_network_init
 .text.ai_network_run
                0x0800b3c8       0x20 ./X-CUBE-AI/App/network.o
                0x0800b3c8                ai_network_run
 .text.ai_network_data_weights_get
                0x0800b3e8       0x14 ./X-CUBE-AI/App/network_data.o
                0x0800b3e8                ai_network_data_weights_get
 .text.ai_network_data_params_get
                0x0800b3fc       0x50 ./X-CUBE-AI/App/network_data.o
                0x0800b3fc                ai_network_data_params_get
 .text.ai_buffer_get_size
                0x0800b44c       0x64 ../Middlewares/ST/AI/Lib\NetworkRuntime1020_CM33_GCC.a(ai_platform.o)
                0x0800b44c                ai_buffer_get_size
 .text.ai_buffer_array_sane
                0x0800b4b0       0x14 ../Middlewares/ST/AI/Lib\NetworkRuntime1020_CM33_GCC.a(ai_platform.o)
                0x0800b4b0                ai_buffer_array_sane
 .text.ai_buffer_array_item_set_address
                0x0800b4c4       0x1c ../Middlewares/ST/AI/Lib\NetworkRuntime1020_CM33_GCC.a(ai_platform.o)
                0x0800b4c4                ai_buffer_array_item_set_address
 .text.ai_platform_get_weights_map
                0x0800b4e0       0xa0 ../Middlewares/ST/AI/Lib\NetworkRuntime1020_CM33_GCC.a(ai_platform_interface.o)
                0x0800b4e0                ai_platform_get_weights_map
 .text.ai_platform_get_activations_map
                0x0800b580       0xa4 ../Middlewares/ST/AI/Lib\NetworkRuntime1020_CM33_GCC.a(ai_platform_interface.o)
                0x0800b580                ai_platform_get_activations_map
 .text.ai_platform_bind_network_params
                0x0800b624       0x44 ../Middlewares/ST/AI/Lib\NetworkRuntime1020_CM33_GCC.a(ai_platform_interface.o)
                0x0800b624                ai_platform_bind_network_params
 .text.ai_platform_network_get_error
                0x0800b668       0x18 ../Middlewares/ST/AI/Lib\NetworkRuntime1020_CM33_GCC.a(ai_platform_interface.o)
                0x0800b668                ai_platform_network_get_error
 .text.ai_platform_network_set_error
                0x0800b680        0xc ../Middlewares/ST/AI/Lib\NetworkRuntime1020_CM33_GCC.a(ai_platform_interface.o)
                0x0800b680                ai_platform_network_set_error
 .text.ai_platform_network_create
                0x0800b68c       0x84 ../Middlewares/ST/AI/Lib\NetworkRuntime1020_CM33_GCC.a(ai_platform_interface.o)
                0x0800b68c                ai_platform_network_create
 .text.ai_platform_network_init
                0x0800b710      0x130 ../Middlewares/ST/AI/Lib\NetworkRuntime1020_CM33_GCC.a(ai_platform_interface.o)
                0x0800b710                ai_platform_network_init
 .text.ai_platform_network_post_init
                0x0800b840       0x58 ../Middlewares/ST/AI/Lib\NetworkRuntime1020_CM33_GCC.a(ai_platform_interface.o)
                0x0800b840                ai_platform_network_post_init
 .text.ai_platform_network_process
                0x0800b898      0x438 ../Middlewares/ST/AI/Lib\NetworkRuntime1020_CM33_GCC.a(ai_platform_interface.o)
                0x0800b898                ai_platform_network_process
 .text.core_init
                0x0800bcd0        0x4 ../Middlewares/ST/AI/Lib\NetworkRuntime1020_CM33_GCC.a(core_common.o)
                0x0800bcd0                core_init
 .text.core_get_error
                0x0800bcd4        0xc ../Middlewares/ST/AI/Lib\NetworkRuntime1020_CM33_GCC.a(core_common.o)
                0x0800bcd4                core_get_error
 .text.core_set_error
                0x0800bce0       0x18 ../Middlewares/ST/AI/Lib\NetworkRuntime1020_CM33_GCC.a(core_common.o)
                0x0800bce0                core_set_error
 .text.ai_check_custom_types
                0x0800bcf8       0x50 ../Middlewares/ST/AI/Lib\NetworkRuntime1020_CM33_GCC.a(layers.o)
                0x0800bcf8                ai_check_custom_types
 .text.ai_layers_init_all
                0x0800bd48       0x20 ../Middlewares/ST/AI/Lib\NetworkRuntime1020_CM33_GCC.a(layers.o)
                0x0800bd48                ai_layers_init_all
 .text.ai_layers_post_init_all
                0x0800bd68       0x38 ../Middlewares/ST/AI/Lib\NetworkRuntime1020_CM33_GCC.a(layers.o)
                0x0800bd68                ai_layers_post_init_all
 .text.ai_layers_forward_all
                0x0800bda0       0x94 ../Middlewares/ST/AI/Lib\NetworkRuntime1020_CM33_GCC.a(layers.o)
                0x0800bda0                ai_layers_forward_all
 .text.forward_conv2d_deep_sssa8_ch
                0x0800be34      0x1b0 ../Middlewares/ST/AI/Lib\NetworkRuntime1020_CM33_GCC.a(layers_conv2d_sssa8_ch.o)
                0x0800be34                forward_conv2d_deep_sssa8_ch
 .text.forward_conv2d_sssa8_ch
                0x0800bfe4      0x1c8 ../Middlewares/ST/AI/Lib\NetworkRuntime1020_CM33_GCC.a(layers_conv2d_sssa8_ch.o)
                0x0800bfe4                forward_conv2d_sssa8_ch
 .text.forward_dense_integer_SSSA
                0x0800c1ac      0x1e8 ../Middlewares/ST/AI/Lib\NetworkRuntime1020_CM33_GCC.a(layers_conv2d_stm32_integer.o)
                0x0800c1ac                forward_dense_integer_SSSA
 .text.forward_dense_integer_SSSA_ch
                0x0800c394      0x1e4 ../Middlewares/ST/AI/Lib\NetworkRuntime1020_CM33_GCC.a(layers_conv2d_stm32_integer.o)
                0x0800c394                forward_dense_integer_SSSA_ch
 .text.forward_pad
                0x0800c578       0x20 ../Middlewares/ST/AI/Lib\NetworkRuntime1020_CM33_GCC.a(layers_generic_float.o)
                0x0800c578                forward_pad
 .text.forward_nl_integer
                0x0800c598       0xa0 ../Middlewares/ST/AI/Lib\NetworkRuntime1020_CM33_GCC.a(layers_nl_stm32_integer.o)
                0x0800c598                forward_nl_integer
 .text.forward_pad_8bit_ch1st_3x3_constant
                0x0800c638       0x94 ../Middlewares/ST/AI/Lib\NetworkRuntime1020_CM33_GCC.a(layers_pad_generic.o)
                0x0800c638                forward_pad_8bit_ch1st_3x3_constant
 .text.forward_pad_constant
                0x0800c6cc       0x8c ../Middlewares/ST/AI/Lib\NetworkRuntime1020_CM33_GCC.a(layers_pad_generic.o)
                0x0800c6cc                forward_pad_constant
 .text.forward_pad_edge
                0x0800c758       0x80 ../Middlewares/ST/AI/Lib\NetworkRuntime1020_CM33_GCC.a(layers_pad_generic.o)
                0x0800c758                forward_pad_edge
 .text.forward_pad_reflect
                0x0800c7d8       0xb0 ../Middlewares/ST/AI/Lib\NetworkRuntime1020_CM33_GCC.a(layers_pad_generic.o)
                0x0800c7d8                forward_pad_reflect
 .text.forward_ap_integer_INT8
                0x0800c888      0x1bc ../Middlewares/ST/AI/Lib\NetworkRuntime1020_CM33_GCC.a(layers_pool_stm32_integer.o)
                0x0800c888                forward_ap_integer_INT8
 .text.forward_lite_dense_is8os8ws8_ch
                0x0800ca44       0x80 ../Middlewares/ST/AI/Lib\NetworkRuntime1020_CM33_GCC.a(forward_lite_dense_is8os8ws8_ch.o)
                0x0800ca44                forward_lite_dense_is8os8ws8_ch
 .text.forward_lite_dense_is8os8ws8
                0x0800cac4       0x84 ../Middlewares/ST/AI/Lib\NetworkRuntime1020_CM33_GCC.a(forward_lite_dense_is8os8ws8.o)
                0x0800cac4                forward_lite_dense_is8os8ws8
 .text.forward_lite_avepool_is8os8
                0x0800cb48       0x4c ../Middlewares/ST/AI/Lib\NetworkRuntime1020_CM33_GCC.a(forward_lite_avepool_is8os8.o)
                0x0800cb48                forward_lite_avepool_is8os8
 .text.forward_lite_conv2d_deep_sssa8_ch
                0x0800cb94      0x1c0 ../Middlewares/ST/AI/Lib\NetworkRuntime1020_CM33_GCC.a(forward_lite_conv2d_sssa8_ch.o)
                0x0800cb94                forward_lite_conv2d_deep_sssa8_ch
 .text.forward_lite_conv2d_sssa8_ch
                0x0800cd54      0xa78 ../Middlewares/ST/AI/Lib\NetworkRuntime1020_CM33_GCC.a(forward_lite_conv2d_sssa8_ch.o)
                0x0800cd54                forward_lite_conv2d_sssa8_ch
 .text.forward_lite_pad_8bit_ch1st_3x3_constant_P0022
                0x0800d7cc       0x60 ../Middlewares/ST/AI/Lib\NetworkRuntime1020_CM33_GCC.a(forward_lite_pad_generic.o)
                0x0800d7cc                forward_lite_pad_8bit_ch1st_3x3_constant_P0022
 .text.forward_lite_pad_8bit_ch1st_3x3_constant_P1111
                0x0800d82c      0x17c ../Middlewares/ST/AI/Lib\NetworkRuntime1020_CM33_GCC.a(forward_lite_pad_generic.o)
                0x0800d82c                forward_lite_pad_8bit_ch1st_3x3_constant_P1111
 .text.forward_lite_pad_constant
                0x0800d9a8      0x140 ../Middlewares/ST/AI/Lib\NetworkRuntime1020_CM33_GCC.a(forward_lite_pad_generic.o)
                0x0800d9a8                forward_lite_pad_constant
 .text.forward_lite_pad_edge
                0x0800dae8       0xe4 ../Middlewares/ST/AI/Lib\NetworkRuntime1020_CM33_GCC.a(forward_lite_pad_generic.o)
                0x0800dae8                forward_lite_pad_edge
 .text.forward_lite_pad_reflect
                0x0800dbcc      0x150 ../Middlewares/ST/AI/Lib\NetworkRuntime1020_CM33_GCC.a(forward_lite_pad_generic.o)
                0x0800dbcc                forward_lite_pad_reflect
 .text.align_factor
                0x0800dd1c       0xac ../Middlewares/ST/AI/Lib\NetworkRuntime1020_CM33_GCC.a(st_align_factor.o)
                0x0800dd1c                align_factor
 .text.align_factor_ch
                0x0800ddc8       0x60 ../Middlewares/ST/AI/Lib\NetworkRuntime1020_CM33_GCC.a(st_align_factor.o)
                0x0800ddc8                align_factor_ch
 .text.st_int8_to16_no_shift
                0x0800de28       0xc4 ../Middlewares/ST/AI/Lib\NetworkRuntime1020_CM33_GCC.a(st_int8_to16_no_shift.o)
                0x0800de28                st_int8_to16_no_shift
 .text.st_int8_to16_no_shift_interleaved
                0x0800deec       0x88 ../Middlewares/ST/AI/Lib\NetworkRuntime1020_CM33_GCC.a(st_int8_to16_no_shift.o)
                0x0800deec                st_int8_to16_no_shift_interleaved
 .text.st_int8_to16_dual
                0x0800df74      0x1d8 ../Middlewares/ST/AI/Lib\NetworkRuntime1020_CM33_GCC.a(st_int8_to16_no_shift.o)
                0x0800df74                st_int8_to16_dual
 .text.st_int8_to16_dual_interleaved
                0x0800e14c      0x178 ../Middlewares/ST/AI/Lib\NetworkRuntime1020_CM33_GCC.a(st_int8_to16_no_shift.o)
                0x0800e14c                st_int8_to16_dual_interleaved
 .text.ai_padding_opt_init
                0x0800e2c4       0xb0 ../Middlewares/ST/AI/Lib\NetworkRuntime1020_CM33_GCC.a(st_padding_opt.o)
                0x0800e2c4                ai_padding_opt_init
 .text.ai_padding_opt_phase1
                0x0800e374       0x34 ../Middlewares/ST/AI/Lib\NetworkRuntime1020_CM33_GCC.a(st_padding_opt.o)
                0x0800e374                ai_padding_opt_phase1
 .text.st_int8_avepool
                0x0800e3a8      0x204 ../Middlewares/ST/AI/Lib\NetworkRuntime1020_CM33_GCC.a(st_int8_pool.o)
                0x0800e3a8                st_int8_avepool
 .text.st_int16_fill
                0x0800e5ac       0x40 ../Middlewares/ST/AI/Lib\NetworkRuntime1020_CM33_GCC.a(st_int16_fill.o)
                0x0800e5ac                st_int16_fill
 .text.st_sssa8_ch_convolve_rank1upd
                0x0800e5ec      0x144 ../Middlewares/ST/AI/Lib\NetworkRuntime1020_CM33_GCC.a(st_sssa8_ch_convolve.o)
                0x0800e5ec                st_sssa8_ch_convolve_rank1upd
 .text.st_sssa8_ch_fully_connected
                0x0800e730      0x510 ../Middlewares/ST/AI/Lib\NetworkRuntime1020_CM33_GCC.a(st_sssa8_ch_dense.o)
                0x0800e730                st_sssa8_ch_fully_connected
 .text.st_sssa8_fully_connected
                0x0800ec40      0x364 ../Middlewares/ST/AI/Lib\NetworkRuntime1020_CM33_GCC.a(st_sssa8_dense.o)
                0x0800ec40                st_sssa8_fully_connected
 .text.st_int8_copy
                0x0800efa4      0x13c ../Middlewares/ST/AI/Lib\NetworkRuntime1020_CM33_GCC.a(st_int8_fill.o)
                0x0800efa4                st_int8_copy
 .text.st_int8_fill
                0x0800f0e0       0x80 ../Middlewares/ST/AI/Lib\NetworkRuntime1020_CM33_GCC.a(st_int8_fill.o)
                0x0800f0e0                st_int8_fill
 .text.st_int8_reordered_no_shift_zero
                0x0800f160       0x68 ../Middlewares/ST/AI/Lib\NetworkRuntime1020_CM33_GCC.a(st_int8_reordered_no_shift.o)
                0x0800f160                st_int8_reordered_no_shift_zero
 .text.st_sssa8_ch_nn_mat_mult_conv2d_nt_t
                0x0800f1c8      0xc5c ../Middlewares/ST/AI/Lib\NetworkRuntime1020_CM33_GCC.a(st_sssa8_ch_nn_mat_mult_conv2d_nt_t.o)
                0x0800f1c8                st_sssa8_ch_nn_mat_mult_conv2d_nt_t
 .text.st_sssa8_ch_nn_mat_mult_kernel_single_opt
                0x0800fe24      0x338 ../Middlewares/ST/AI/Lib\NetworkRuntime1020_CM33_GCC.a(st_sssa8_ch_nn_mat_mult_kernel_single_opt.o)
                0x0800fe24                st_sssa8_ch_nn_mat_mult_kernel_single_opt
 .text.st_sssa8_ch_1_output_mgt
                0x0801015c       0x64 ../Middlewares/ST/AI/Lib\NetworkRuntime1020_CM33_GCC.a(st_sssa8_ch_nn_mat_mult_nt_t.o)
                0x0801015c                st_sssa8_ch_1_output_mgt
 .text.st_sssa8_ch_2_output_mgt
                0x080101c0       0xb4 ../Middlewares/ST/AI/Lib\NetworkRuntime1020_CM33_GCC.a(st_sssa8_ch_nn_mat_mult_nt_t.o)
                0x080101c0                st_sssa8_ch_2_output_mgt
 .text.weights_offset_contribution_calc
                0x08010274       0xb8 ../Middlewares/ST/AI/Lib\NetworkRuntime1020_CM33_GCC.a(st_sssa8_ch_nn_mat_mult_nt_t.o)
                0x08010274                weights_offset_contribution_calc
 .text.weights_2channels_prefetch
                0x0801032c      0x200 ../Middlewares/ST/AI/Lib\NetworkRuntime1020_CM33_GCC.a(st_sssa8_ch_nn_mat_mult_nt_t.o)
                0x0801032c                weights_2channels_prefetch
 .text.st_sssa8_ch_fullW_prefetch
                0x0801052c       0x78 ../Middlewares/ST/AI/Lib\NetworkRuntime1020_CM33_GCC.a(st_sssa8_ch_nn_mat_mult_nt_t.o)
                0x0801052c                st_sssa8_ch_fullW_prefetch
 *fill*         0x080105a4        0xc 
 .text.st_sssa8_dense_memopt_loop
                0x080105b0      0x794 ../Middlewares/ST/AI/Lib\NetworkRuntime1020_CM33_GCC.a(st_sssa8_dense_loop.o)
                0x080105b0                st_sssa8_dense_loop
                0x08010960                st_sssa8_dense_memopt_loop
 .text.st_sssa8_ch_nn_mat_mult_kernel_opt
                0x08010d44      0x33c ../Middlewares/ST/AI/Lib\NetworkRuntime1020_CM33_GCC.a(st_sssa8_ch_nn_mat_mult_kernel_opt.o)
                0x08010d44                st_sssa8_ch_nn_mat_mult_kernel_opt
 .text.ai_array_to_buffer_fmt
                0x08011080       0xe0 ../Middlewares/ST/AI/Lib\NetworkRuntime1020_CM33_GCC.a(ai_datatypes_format.o)
                0x08011080                ai_array_to_buffer_fmt
 .text.ai_array_get_byte_size
                0x08011160       0x40 ../Middlewares/ST/AI/Lib\NetworkRuntime1020_CM33_GCC.a(ai_datatypes_format.o)
                0x08011160                ai_array_get_byte_size
 .text.ai_array_get_data_byte_size
                0x080111a0       0x20 ../Middlewares/ST/AI/Lib\NetworkRuntime1020_CM33_GCC.a(ai_datatypes_format.o)
                0x080111a0                ai_array_get_data_byte_size
 .text.ai_version_get
                0x080111c0        0xc ../Middlewares/ST/AI/Lib\NetworkRuntime1020_CM33_GCC.a(ai_datatypes_internal.o)
                0x080111c0                ai_version_get
 .text.get_tensor_byte_size
                0x080111cc       0x30 ../Middlewares/ST/AI/Lib\NetworkRuntime1020_CM33_GCC.a(ai_datatypes_internal.o)
                0x080111cc                get_tensor_byte_size
 .text.malloc   0x080111fc       0x10 D:/STM32CubeIDE_2.0.0/STM32CubeIDE/plugins/com.st.stm32cube.ide.mcu.externaltools.gnu-tools-for-stm32.13.3.rel1.win32_1.0.100.202509120712/tools/bin/../lib/gcc/arm-none-eabi/13.3.1/../../../../arm-none-eabi/lib/thumb/v8-m.main+fp/hard\libc_nano.a(libc_a-malloc.o)
                0x080111fc                malloc
 .text.free     0x0801120c       0x10 D:/STM32CubeIDE_2.0.0/STM32CubeIDE/plugins/com.st.stm32cube.ide.mcu.externaltools.gnu-tools-for-stm32.13.3.rel1.win32_1.0.100.202509120712/tools/bin/../lib/gcc/arm-none-eabi/13.3.1/../../../../arm-none-eabi/lib/thumb/v8-m.main+fp/hard\libc_nano.a(libc_a-malloc.o)
                0x0801120c                free
 .text.sbrk_aligned
                0x0801121c       0x44 D:/STM32CubeIDE_2.0.0/STM32CubeIDE/plugins/com.st.stm32cube.ide.mcu.externaltools.gnu-tools-for-stm32.13.3.rel1.win32_1.0.100.202509120712/tools/bin/../lib/gcc/arm-none-eabi/13.3.1/../../../../arm-none-eabi/lib/thumb/v8-m.main+fp/hard\libc_nano.a(libc_a-mallocr.o)
 .text._malloc_r
                0x08011260      0x100 D:/STM32CubeIDE_2.0.0/STM32CubeIDE/plugins/com.st.stm32cube.ide.mcu.externaltools.gnu-tools-for-stm32.13.3.rel1.win32_1.0.100.202509120712/tools/bin/../lib/gcc/arm-none-eabi/13.3.1/../../../../arm-none-eabi/lib/thumb/v8-m.main+fp/hard\libc_nano.a(libc_a-mallocr.o)
                0x08011260                _malloc_r
 .text.__malloc_lock
                0x08011360        0xc D:/STM32CubeIDE_2.0.0/STM32CubeIDE/plugins/com.st.stm32cube.ide.mcu.externaltools.gnu-tools-for-stm32.13.3.rel1.win32_1.0.100.202509120712/tools/bin/../lib/gcc/arm-none-eabi/13.3.1/../../../../arm-none-eabi/lib/thumb/v8-m.main+fp/hard\libc_nano.a(libc_a-mlock.o)
                0x08011360                __malloc_lock
 .text.__malloc_unlock
                0x0801136c        0xc D:/STM32CubeIDE_2.0.0/STM32CubeIDE/plugins/com.st.stm32cube.ide.mcu.externaltools.gnu-tools-for-stm32.13.3.rel1.win32_1.0.100.202509120712/tools/bin/../lib/gcc/arm-none-eabi/13.3.1/../../../../arm-none-eabi/lib/thumb/v8-m.main+fp/hard\libc_nano.a(libc_a-mlock.o)
                0x0801136c                __malloc_unlock
 .text._realloc_r
                0x08011378       0x5c D:/STM32CubeIDE_2.0.0/STM32CubeIDE/plugins/com.st.stm32cube.ide.mcu.externaltools.gnu-tools-for-stm32.13.3.rel1.win32_1.0.100.202509120712/tools/bin/../lib/gcc/arm-none-eabi/13.3.1/../../../../arm-none-eabi/lib/thumb/v8-m.main+fp/hard\libc_nano.a(libc_a-reallocr.o)
                0x08011378                _realloc_r
 .text.snprintf
                0x080113d4       0x6c D:/STM32CubeIDE_2.0.0/STM32CubeIDE/plugins/com.st.stm32cube.ide.mcu.externaltools.gnu-tools-for-stm32.13.3.rel1.win32_1.0.100.202509120712/tools/bin/../lib/gcc/arm-none-eabi/13.3.1/../../../../arm-none-eabi/lib/thumb/v8-m.main+fp/hard\libc_nano.a(libc_a-snprintf.o)
                0x080113d4                sniprintf
                0x080113d4                snprintf
 .text.memmove  0x08011440       0x34 D:/STM32CubeIDE_2.0.0/STM32CubeIDE/plugins/com.st.stm32cube.ide.mcu.externaltools.gnu-tools-for-stm32.13.3.rel1.win32_1.0.100.202509120712/tools/bin/../lib/gcc/arm-none-eabi/13.3.1/../../../../arm-none-eabi/lib/thumb/v8-m.main+fp/hard\libc_nano.a(libc_a-memmove.o)
                0x08011440                memmove
 .text.memset   0x08011474       0x10 D:/STM32CubeIDE_2.0.0/STM32CubeIDE/plugins/com.st.stm32cube.ide.mcu.externaltools.gnu-tools-for-stm32.13.3.rel1.win32_1.0.100.202509120712/tools/bin/../lib/gcc/arm-none-eabi/13.3.1/../../../../arm-none-eabi/lib/thumb/v8-m.main+fp/hard\libc_nano.a(libc_a-memset.o)
                0x08011474                memset
 .text._sbrk_r  0x08011484       0x20 D:/STM32CubeIDE_2.0.0/STM32CubeIDE/plugins/com.st.stm32cube.ide.mcu.externaltools.gnu-tools-for-stm32.13.3.rel1.win32_1.0.100.202509120712/tools/bin/../lib/gcc/arm-none-eabi/13.3.1/../../../../arm-none-eabi/lib/thumb/v8-m.main+fp/hard\libc_nano.a(libc_a-sbrkr.o)
                0x08011484                _sbrk_r
 .text.__errno  0x080114a4        0xc D:/STM32CubeIDE_2.0.0/STM32CubeIDE/plugins/com.st.stm32cube.ide.mcu.externaltools.gnu-tools-for-stm32.13.3.rel1.win32_1.0.100.202509120712/tools/bin/../lib/gcc/arm-none-eabi/13.3.1/../../../../arm-none-eabi/lib/thumb/v8-m.main+fp/hard\libc_nano.a(libc_a-errno.o)
                0x080114a4                __errno
 .text.__libc_init_array
                0x080114b0       0x48 D:/STM32CubeIDE_2.0.0/STM32CubeIDE/plugins/com.st.stm32cube.ide.mcu.externaltools.gnu-tools-for-stm32.13.3.rel1.win32_1.0.100.202509120712/tools/bin/../lib/gcc/arm-none-eabi/13.3.1/../../../../arm-none-eabi/lib/thumb/v8-m.main+fp/hard\libc_nano.a(libc_a-init.o)
                0x080114b0                __libc_init_array
 .text.__retarget_lock_acquire_recursive
                0x080114f8        0x2 D:/STM32CubeIDE_2.0.0/STM32CubeIDE/plugins/com.st.stm32cube.ide.mcu.externaltools.gnu-tools-for-stm32.13.3.rel1.win32_1.0.100.202509120712/tools/bin/../lib/gcc/arm-none-eabi/13.3.1/../../../../arm-none-eabi/lib/thumb/v8-m.main+fp/hard\libc_nano.a(libc_a-lock.o)
                0x080114f8                __retarget_lock_acquire_recursive
 .text.__retarget_lock_release_recursive
                0x080114fa        0x2 D:/STM32CubeIDE_2.0.0/STM32CubeIDE/plugins/com.st.stm32cube.ide.mcu.externaltools.gnu-tools-for-stm32.13.3.rel1.win32_1.0.100.202509120712/tools/bin/../lib/gcc/arm-none-eabi/13.3.1/../../../../arm-none-eabi/lib/thumb/v8-m.main+fp/hard\libc_nano.a(libc_a-lock.o)
                0x080114fa                __retarget_lock_release_recursive
 .text.memcpy   0x080114fc       0x1a D:/STM32CubeIDE_2.0.0/STM32CubeIDE/plugins/com.st.stm32cube.ide.mcu.externaltools.gnu-tools-for-stm32.13.3.rel1.win32_1.0.100.202509120712/tools/bin/../lib/gcc/arm-none-eabi/13.3.1/../../../../arm-none-eabi/lib/thumb/v8-m.main+fp/hard\libc_nano.a(libc_a-memcpy-stub.o)
                0x080114fc                memcpy
 *fill*         0x08011516        0x2 
 .text._free_r  0x08011518       0x94 D:/STM32CubeIDE_2.0.0/STM32CubeIDE/plugins/com.st.stm32cube.ide.mcu.externaltools.gnu-tools-for-stm32.13.3.rel1.win32_1.0.100.202509120712/tools/bin/../lib/gcc/arm-none-eabi/13.3.1/../../../../arm-none-eabi/lib/thumb/v8-m.main+fp/hard\libc_nano.a(libc_a-freer.o)
                0x08011518                _free_r
 .text._malloc_usable_size_r
                0x080115ac       0x10 D:/STM32CubeIDE_2.0.0/STM32CubeIDE/plugins/com.st.stm32cube.ide.mcu.externaltools.gnu-tools-for-stm32.13.3.rel1.win32_1.0.100.202509120712/tools/bin/../lib/gcc/arm-none-eabi/13.3.1/../../../../arm-none-eabi/lib/thumb/v8-m.main+fp/hard\libc_nano.a(libc_a-msizer.o)
                0x080115ac                _malloc_usable_size_r
 .text.__ssputs_r
                0x080115bc       0xb6 D:/STM32CubeIDE_2.0.0/STM32CubeIDE/plugins/com.st.stm32cube.ide.mcu.externaltools.gnu-tools-for-stm32.13.3.rel1.win32_1.0.100.202509120712/tools/bin/../lib/gcc/arm-none-eabi/13.3.1/../../../../arm-none-eabi/lib/thumb/v8-m.main+fp/hard\libc_nano.a(libc_a-nano-svfprintf.o)
                0x080115bc                __ssputs_r
 *fill*         0x08011672        0x2 
 .text._svfprintf_r
                0x08011674      0x1f8 D:/STM32CubeIDE_2.0.0/STM32CubeIDE/plugins/com.st.stm32cube.ide.mcu.externaltools.gnu-tools-for-stm32.13.3.rel1.win32_1.0.100.202509120712/tools/bin/../lib/gcc/arm-none-eabi/13.3.1/../../../../arm-none-eabi/lib/thumb/v8-m.main+fp/hard\libc_nano.a(libc_a-nano-svfprintf.o)
                0x08011674                _svfiprintf_r
                0x08011674                _svfprintf_r
 .text._printf_common
                0x0801186c       0xe4 D:/STM32CubeIDE_2.0.0/STM32CubeIDE/plugins/com.st.stm32cube.ide.mcu.externaltools.gnu-tools-for-stm32.13.3.rel1.win32_1.0.100.202509120712/tools/bin/../lib/gcc/arm-none-eabi/13.3.1/../../../../arm-none-eabi/lib/thumb/v8-m.main+fp/hard\libc_nano.a(libc_a-nano-vfprintf_i.o)
                0x0801186c                _printf_common
 .text._printf_i
                0x08011950      0x23c D:/STM32CubeIDE_2.0.0/STM32CubeIDE/plugins/com.st.stm32cube.ide.mcu.externaltools.gnu-tools-for-stm32.13.3.rel1.win32_1.0.100.202509120712/tools/bin/../lib/gcc/arm-none-eabi/13.3.1/../../../../arm-none-eabi/lib/thumb/v8-m.main+fp/hard\libc_nano.a(libc_a-nano-vfprintf_i.o)
                0x08011950                _printf_i
 .text.memchr   0x08011b8c       0x1c D:/STM32CubeIDE_2.0.0/STM32CubeIDE/plugins/com.st.stm32cube.ide.mcu.externaltools.gnu-tools-for-stm32.13.3.rel1.win32_1.0.100.202509120712/tools/bin/../lib/gcc/arm-none-eabi/13.3.1/../../../../arm-none-eabi/lib/thumb/v8-m.main+fp/hard\libc_nano.a(libc_a-memchr-stub.o)
                0x08011b8c                memchr
 .text.sqrtf    0x08011ba8       0x3c D:/STM32CubeIDE_2.0.0/STM32CubeIDE/plugins/com.st.stm32cube.ide.mcu.externaltools.gnu-tools-for-stm32.13.3.rel1.win32_1.0.100.202509120712/tools/bin/../lib/gcc/arm-none-eabi/13.3.1/../../../../arm-none-eabi/lib/thumb/v8-m.main+fp/hard\libm.a(libm_a-wf_sqrt.o)
                0x08011ba8                sqrtf
 .text.__ieee754_sqrtf
                0x08011be4        0x6 D:/STM32CubeIDE_2.0.0/STM32CubeIDE/plugins/com.st.stm32cube.ide.mcu.externaltools.gnu-tools-for-stm32.13.3.rel1.win32_1.0.100.202509120712/tools/bin/../lib/gcc/arm-none-eabi/13.3.1/../../../../arm-none-eabi/lib/thumb/v8-m.main+fp/hard\libm.a(libm_a-ef_sqrt.o)
                0x08011be4                __ieee754_sqrtf
 *(.glue_7)
 .glue_7        0x08011bea        0x0 linker stubs
 *(.glue_7t)
 .glue_7t       0x08011bea        0x0 linker stubs
 *(.eh_frame)
 *fill*         0x08011bea        0x2 
 .eh_frame      0x08011bec        0x0 D:/STM32CubeIDE_2.0.0/STM32CubeIDE/plugins/com.st.stm32cube.ide.mcu.externaltools.gnu-tools-for-stm32.13.3.rel1.win32_1.0.100.202509120712/tools/bin/../lib/gcc/arm-none-eabi/13.3.1/thumb/v8-m.main+fp/hard/crtbegin.o
 *(.init)
 .init          0x08011bec        0x4 D:/STM32CubeIDE_2.0.0/STM32CubeIDE/plugins/com.st.stm32cube.ide.mcu.externaltools.gnu-tools-for-stm32.13.3.rel1.win32_1.0.100.202509120712/tools/bin/../lib/gcc/arm-none-eabi/13.3.1/thumb/v8-m.main+fp/hard/crti.o
                0x08011bec                _init
 .init          0x08011bf0        0x8 D:/STM32CubeIDE_2.0.0/STM32CubeIDE/plugins/com.st.stm32cube.ide.mcu.externaltools.gnu-tools-for-stm32.13.3.rel1.win32_1.0.100.202509120712/tools/bin/../lib/gcc/arm-none-eabi/13.3.1/thumb/v8-m.main+fp/hard/crtn.o
 *(.fini)
 .fini          0x08011bf8        0x4 D:/STM32CubeIDE_2.0.0/STM32CubeIDE/plugins/com.st.stm32cube.ide.mcu.externaltools.gnu-tools-for-stm32.13.3.rel1.win32_1.0.100.202509120712/tools/bin/../lib/gcc/arm-none-eabi/13.3.1/thumb/v8-m.main+fp/hard/crti.o
                0x08011bf8                _fini
 .fini          0x08011bfc        0x8 D:/STM32CubeIDE_2.0.0/STM32CubeIDE/plugins/com.st.stm32cube.ide.mcu.externaltools.gnu-tools-for-stm32.13.3.rel1.win32_1.0.100.202509120712/tools/bin/../lib/gcc/arm-none-eabi/13.3.1/thumb/v8-m.main+fp/hard/crtn.o
                0x08011c04                        _etext = .

.vfp11_veneer   0x08011c04        0x0
 .vfp11_veneer  0x08011c04        0x0 linker stubs

.v4_bx          0x08011c04        0x0
 .v4_bx         0x08011c04        0x0 linker stubs

.iplt           0x08011c04        0x0
 .iplt          0x08011c04        0x0 D:/STM32CubeIDE_2.0.0/STM32CubeIDE/plugins/com.st.stm32cube.ide.mcu.externaltools.gnu-tools-for-stm32.13.3.rel1.win32_1.0.100.202509120712/tools/bin/../lib/gcc/arm-none-eabi/13.3.1/thumb/v8-m.main+fp/hard/crtbegin.o

.rodata         0x08011c20    0x16e7b
 *(.rodata)
 .rodata        0x08011c20       0x20 ./Core/Src/ann_infer.o
 .rodata        0x08011c40       0x70 ./Core/Src/control_loop.o
 .rodata        0x08011cb0       0x30 ./X-CUBE-AI/App/network_data.o
 *(.rodata*)
 .rodata.g_fake_channels
                0x08011ce0        0x4 ./Core/Src/adc_fake_data.o
                0x08011ce0                g_fake_channels
 .rodata.g_fake_frame_count
                0x08011ce4        0x4 ./Core/Src/adc_fake_data.o
                0x08011ce4                g_fake_frame_count
 .rodata.g_fake_samples
                0x08011ce8     0x1f40 ./Core/Src/adc_fake_data.o
                0x08011ce8                g_fake_samples
 .rodata.AHBPrescTable
                0x08013c28       0x10 ./Core/Src/system_stm32u5xx.o
                0x08013c28                AHBPrescTable
 .rodata.APBPrescTable
                0x08013c38        0x8 ./Core/Src/system_stm32u5xx.o
                0x08013c38                APBPrescTable
 .rodata.MSIRangeTable
                0x08013c40       0x40 ./Core/Src/system_stm32u5xx.o
                0x08013c40                MSIRangeTable
 .rodata.LPGPIO_Map
                0x08013c80       0x80 ./Drivers/STM32U5xx_HAL_Driver/Src/stm32u5xx_hal_gpio.o
 .rodata.UARTPrescTable
                0x08013d00       0x18 ./Drivers/STM32U5xx_HAL_Driver/Src/stm32u5xx_hal_uart.o
                0x08013d00                UARTPrescTable
 .rodata.numerator.1
                0x08013d18        0x8 ./Drivers/STM32U5xx_HAL_Driver/Src/stm32u5xx_hal_uart_ex.o
 .rodata.denominator.0
                0x08013d20        0x8 ./Drivers/STM32U5xx_HAL_Driver/Src/stm32u5xx_hal_uart_ex.o
 .rodata.__compound_literal.0
                0x08013d28        0x4 ./X-CUBE-AI/App/network.o
 .rodata.__compound_literal.1
                0x08013d2c        0x1 ./X-CUBE-AI/App/network.o
 *fill*         0x08013d2d        0x3 
 .rodata.__compound_literal.2
                0x08013d30        0x8 ./X-CUBE-AI/App/network.o
 .rodata.conv2d_1_output_array_intq
                0x08013d38        0x8 ./X-CUBE-AI/App/network.o
 .rodata.__compound_literal.3
                0x08013d40       0x80 ./X-CUBE-AI/App/network.o
 .rodata.__compound_literal.4
                0x08013dc0       0x20 ./X-CUBE-AI/App/network.o
 .rodata.__compound_literal.5
                0x08013de0        0x8 ./X-CUBE-AI/App/network.o
 .rodata.conv2d_1_weights_array_intq
                0x08013de8        0x8 ./X-CUBE-AI/App/network.o
 .rodata.__compound_literal.6
                0x08013df0        0x4 ./X-CUBE-AI/App/network.o
 .rodata.__compound_literal.7
                0x08013df4        0x1 ./X-CUBE-AI/App/network.o
 *fill*         0x08013df5        0x3 
 .rodata.__compound_literal.8
                0x08013df8        0x8 ./X-CUBE-AI/App/network.o
 .rodata.conv2d_4_output_array_intq
                0x08013e00        0x8 ./X-CUBE-AI/App/network.o
 .rodata.__compound_literal.9
                0x08013e08        0x4 ./X-CUBE-AI/App/network.o
 .rodata.__compound_literal.10
                0x08013e0c        0x1 ./X-CUBE-AI/App/network.o
 *fill*         0x08013e0d        0x3 
 .rodata.__compound_literal.11
                0x08013e10        0x8 ./X-CUBE-AI/App/network.o
 .rodata.conv2d_4_pad_before_output_array_intq
                0x08013e18        0x8 ./X-CUBE-AI/App/network.o
 .rodata.__compound_literal.12
                0x08013e20      0x100 ./X-CUBE-AI/App/network.o
 .rodata.__compound_literal.13
                0x08013f20       0x40 ./X-CUBE-AI/App/network.o
 .rodata.__compound_literal.14
                0x08013f60        0x8 ./X-CUBE-AI/App/network.o
 .rodata.conv2d_4_weights_array_intq
                0x08013f68        0x8 ./X-CUBE-AI/App/network.o
 .rodata.__compound_literal.15
                0x08013f70        0x4 ./X-CUBE-AI/App/network.o
 .rodata.__compound_literal.16
                0x08013f74        0x1 ./X-CUBE-AI/App/network.o
 *fill*         0x08013f75        0x3 
 .rodata.__compound_literal.17
                0x08013f78        0x8 ./X-CUBE-AI/App/network.o
 .rodata.conv2d_7_output_array_intq
                0x08013f80        0x8 ./X-CUBE-AI/App/network.o
 .rodata.__compound_literal.18
                0x08013f88        0x4 ./X-CUBE-AI/App/network.o
 .rodata.__compound_literal.19
                0x08013f8c        0x1 ./X-CUBE-AI/App/network.o
 *fill*         0x08013f8d        0x3 
 .rodata.__compound_literal.20
                0x08013f90        0x8 ./X-CUBE-AI/App/network.o
 .rodata.conv2d_7_pad_before_output_array_intq
                0x08013f98        0x8 ./X-CUBE-AI/App/network.o
 .rodata.__compound_literal.21
                0x08013fa0      0x200 ./X-CUBE-AI/App/network.o
 .rodata.__compound_literal.22
                0x080141a0       0x80 ./X-CUBE-AI/App/network.o
 .rodata.__compound_literal.23
                0x08014220        0x8 ./X-CUBE-AI/App/network.o
 .rodata.conv2d_7_weights_array_intq
                0x08014228        0x8 ./X-CUBE-AI/App/network.o
 .rodata.__compound_literal.24
                0x08014230        0x4 ./X-CUBE-AI/App/network.o
 .rodata.__compound_literal.25
                0x08014234        0x1 ./X-CUBE-AI/App/network.o
 *fill*         0x08014235        0x3 
 .rodata.__compound_literal.26
                0x08014238        0x8 ./X-CUBE-AI/App/network.o
 .rodata.gemm_10_output_array_intq
                0x08014240        0x8 ./X-CUBE-AI/App/network.o
 .rodata.__compound_literal.27
                0x08014248      0x200 ./X-CUBE-AI/App/network.o
 .rodata.__compound_literal.28
                0x08014448       0x80 ./X-CUBE-AI/App/network.o
 .rodata.__compound_literal.29
                0x080144c8        0x8 ./X-CUBE-AI/App/network.o
 .rodata.gemm_10_weights_array_intq
                0x080144d0        0x8 ./X-CUBE-AI/App/network.o
 .rodata.__compound_literal.30
                0x080144d8        0x4 ./X-CUBE-AI/App/network.o
 .rodata.__compound_literal.31
                0x080144dc        0x1 ./X-CUBE-AI/App/network.o
 *fill*         0x080144dd        0x3 
 .rodata.__compound_literal.32
                0x080144e0        0x8 ./X-CUBE-AI/App/network.o
 .rodata.gemm_11_output_array_intq
                0x080144e8        0x8 ./X-CUBE-AI/App/network.o
 .rodata.__compound_literal.33
                0x080144f0      0x100 ./X-CUBE-AI/App/network.o
 .rodata.__compound_literal.34
                0x080145f0       0x40 ./X-CUBE-AI/App/network.o
 .rodata.__compound_literal.35
                0x08014630        0x8 ./X-CUBE-AI/App/network.o
 .rodata.gemm_11_weights_array_intq
                0x08014638        0x8 ./X-CUBE-AI/App/network.o
 .rodata.__compound_literal.36
                0x08014640        0x4 ./X-CUBE-AI/App/network.o
 .rodata.__compound_literal.37
                0x08014644        0x1 ./X-CUBE-AI/App/network.o
 *fill*         0x08014645        0x3 
 .rodata.__compound_literal.38
                0x08014648        0x8 ./X-CUBE-AI/App/network.o
 .rodata.gemm_12_output_array_intq
                0x08014650        0x8 ./X-CUBE-AI/App/network.o
 .rodata.__compound_literal.39
                0x08014658        0x4 ./X-CUBE-AI/App/network.o
 .rodata.__compound_literal.40
                0x0801465c        0x1 ./X-CUBE-AI/App/network.o
 *fill*         0x0801465d        0x3 
 .rodata.__compound_literal.41
                0x08014660        0x8 ./X-CUBE-AI/App/network.o
 .rodata.gemm_12_weights_array_intq
                0x08014668        0x8 ./X-CUBE-AI/App/network.o
 .rodata.__compound_literal.42
                0x08014670        0x4 ./X-CUBE-AI/App/network.o
 .rodata.__compound_literal.43
                0x08014674        0x1 ./X-CUBE-AI/App/network.o
 *fill*         0x08014675        0x3 
 .rodata.__compound_literal.44
                0x08014678        0x8 ./X-CUBE-AI/App/network.o
 .rodata.nl_13_output_array_intq
                0x08014680        0x8 ./X-CUBE-AI/App/network.o
 .rodata.__compound_literal.45
                0x08014688        0x4 ./X-CUBE-AI/App/network.o
 .rodata.__compound_literal.46
                0x0801468c        0x1 ./X-CUBE-AI/App/network.o
 *fill*         0x0801468d        0x3 
 .rodata.__compound_literal.47
                0x08014690        0x8 ./X-CUBE-AI/App/network.o
 .rodata.pool_9_output_array_intq
                0x08014698        0x8 ./X-CUBE-AI/App/network.o
 .rodata.__compound_literal.48
                0x080146a0        0x4 ./X-CUBE-AI/App/network.o
 .rodata.__compound_literal.49
                0x080146a4        0x1 ./X-CUBE-AI/App/network.o
 *fill*         0x080146a5        0x3 
 .rodata.__compound_literal.50
                0x080146a8        0x8 ./X-CUBE-AI/App/network.o
 .rodata.serving_default_emg0_output_array_intq
                0x080146b0        0x8 ./X-CUBE-AI/App/network.o
 .rodata.nl_13_nl_params_data
                0x080146b8      0x100 ./X-CUBE-AI/App/network.o
 .rodata.nl_13_nl_params
                0x080147b8       0x10 ./X-CUBE-AI/App/network.o
 .rodata.nl_13_chain
                0x080147c8        0x8 ./X-CUBE-AI/App/network.o
 .rodata.gemm_12_chain
                0x080147d0        0x8 ./X-CUBE-AI/App/network.o
 .rodata.gemm_11_chain
                0x080147d8        0x8 ./X-CUBE-AI/App/network.o
 .rodata.gemm_10_chain
                0x080147e0        0x8 ./X-CUBE-AI/App/network.o
 .rodata.pool_9_chain
                0x080147e8        0x8 ./X-CUBE-AI/App/network.o
 .rodata.conv2d_7_chain
                0x080147f0        0x8 ./X-CUBE-AI/App/network.o
 .rodata.conv2d_7_pad_before_value_data
                0x080147f8        0x1 ./X-CUBE-AI/App/network.o
 *fill*         0x080147f9        0x3 
 .rodata.conv2d_7_pad_before_value
                0x080147fc       0x10 ./X-CUBE-AI/App/network.o
 .rodata.conv2d_7_pad_before_chain
                0x0801480c        0x8 ./X-CUBE-AI/App/network.o
 .rodata.conv2d_4_chain
                0x08014814        0x8 ./X-CUBE-AI/App/network.o
 .rodata.conv2d_4_pad_before_value_data
                0x0801481c        0x1 ./X-CUBE-AI/App/network.o
 *fill*         0x0801481d        0x3 
 .rodata.conv2d_4_pad_before_value
                0x08014820       0x10 ./X-CUBE-AI/App/network.o
 .rodata.conv2d_4_pad_before_chain
                0x08014830        0x8 ./X-CUBE-AI/App/network.o
 .rodata.conv2d_1_chain
                0x08014838        0x8 ./X-CUBE-AI/App/network.o
 .rodata.s_network_weights_array_u64
                0x08014840    0x14228 ./X-CUBE-AI/App/network_data_params.o
                0x08014840                s_network_weights_array_u64
 .rodata._svfprintf_r.str1.1
                0x08028a68       0x33 D:/STM32CubeIDE_2.0.0/STM32CubeIDE/plugins/com.st.stm32cube.ide.mcu.externaltools.gnu-tools-for-stm32.13.3.rel1.win32_1.0.100.202509120712/tools/bin/../lib/gcc/arm-none-eabi/13.3.1/../../../../arm-none-eabi/lib/thumb/v8-m.main+fp/hard\libc_nano.a(libc_a-nano-svfprintf.o)
                                 0x11 (size before relaxing)
 .rodata._printf_i.str1.1
                0x08028a9b        0x0 D:/STM32CubeIDE_2.0.0/STM32CubeIDE/plugins/com.st.stm32cube.ide.mcu.externaltools.gnu-tools-for-stm32.13.3.rel1.win32_1.0.100.202509120712/tools/bin/../lib/gcc/arm-none-eabi/13.3.1/../../../../arm-none-eabi/lib/thumb/v8-m.main+fp/hard\libc_nano.a(libc_a-nano-vfprintf_i.o)
                                 0x22 (size before relaxing)

.ARM.extab
 *(.ARM.extab* .gnu.linkonce.armextab.*)

.ARM            0x08028a9c        0x8
                0x08028a9c                        __exidx_start = .
 *(.ARM.exidx*)
 .ARM.exidx     0x08028a9c        0x8 D:/STM32CubeIDE_2.0.0/STM32CubeIDE/plugins/com.st.stm32cube.ide.mcu.externaltools.gnu-tools-for-stm32.13.3.rel1.win32_1.0.100.202509120712/tools/bin/../lib/gcc/arm-none-eabi/13.3.1/thumb/v8-m.main+fp/hard\libgcc.a(_udivmoddi4.o)
                0x08028aa4                        __exidx_end = .

.preinit_array  0x08028aa4        0x0
                0x08028aa4                        PROVIDE (__preinit_array_start = .)
 *(.preinit_array*)
                0x08028aa4                        PROVIDE (__preinit_array_end = .)

.init_array     0x08028aa4        0x4
                0x08028aa4                        PROVIDE (__init_array_start = .)
 *(SORT_BY_NAME(.init_array.*))
 *(.init_array*)
 .init_array    0x08028aa4        0x4 D:/STM32CubeIDE_2.0.0/STM32CubeIDE/plugins/com.st.stm32cube.ide.mcu.externaltools.gnu-tools-for-stm32.13.3.rel1.win32_1.0.100.202509120712/tools/bin/../lib/gcc/arm-none-eabi/13.3.1/thumb/v8-m.main+fp/hard/crtbegin.o
                0x08028aa8                        PROVIDE (__init_array_end = .)

.fini_array     0x08028aa8        0x4
                [!provide]                        PROVIDE (__fini_array_start = .)
 *(SORT_BY_NAME(.fini_array.*))
 *(.fini_array*)
 .fini_array    0x08028aa8        0x4 D:/STM32CubeIDE_2.0.0/STM32CubeIDE/plugins/com.st.stm32cube.ide.mcu.externaltools.gnu-tools-for-stm32.13.3.rel1.win32_1.0.100.202509120712/tools/bin/../lib/gcc/arm-none-eabi/13.3.1/thumb/v8-m.main+fp/hard/crtbegin.o
                [!provide]                        PROVIDE (__fini_array_end = .)
                0x08028aac                        _sidata = LOADADDR (.data)

.rel.dyn        0x08028aac        0x0
 .rel.iplt      0x08028aac        0x0 D:/STM32CubeIDE_2.0.0/STM32CubeIDE/plugins/com.st.stm32cube.ide.mcu.externaltools.gnu-tools-for-stm32.13.3.rel1.win32_1.0.100.202509120712/tools/bin/../lib/gcc/arm-none-eabi/13.3.1/thumb/v8-m.main+fp/hard/crtbegin.o

.data           0x20000000      0xf38 load address 0x08028aac
                0x20000000                        _sdata = .
 *(.data)
 *(.data*)
 .data.g_uart   0x20000000        0x4 ./Core/Src/stm32u5xx_it.o
 .data.SystemCoreClock
                0x20000004        0x4 ./Core/Src/system_stm32u5xx.o
                0x20000004                SystemCoreClock
 .data.uwTickPrio
                0x20000008        0x4 ./Drivers/STM32U5xx_HAL_Driver/Src/stm32u5xx_hal.o
                0x20000008                uwTickPrio
 .data.uwTickFreq
                0x2000000c        0x1 ./Drivers/STM32U5xx_HAL_Driver/Src/stm32u5xx_hal.o
                0x2000000c                uwTickFreq
 *fill*         0x2000000d        0x3 
 .data.serving_default_emg0_output_array
                0x20000010       0x10 ./X-CUBE-AI/App/network.o
 .data.conv2d_1_output_array
                0x20000020       0x10 ./X-CUBE-AI/App/network.o
 .data.conv2d_4_pad_before_output_array
                0x20000030       0x10 ./X-CUBE-AI/App/network.o
 .data.conv2d_4_output_array
                0x20000040       0x10 ./X-CUBE-AI/App/network.o
 .data.conv2d_7_pad_before_output_array
                0x20000050       0x10 ./X-CUBE-AI/App/network.o
 .data.conv2d_7_output_array
                0x20000060       0x10 ./X-CUBE-AI/App/network.o
 .data.pool_9_output_array
                0x20000070       0x10 ./X-CUBE-AI/App/network.o
 .data.gemm_10_output_array
                0x20000080       0x10 ./X-CUBE-AI/App/network.o
 .data.gemm_11_output_array
                0x20000090       0x10 ./X-CUBE-AI/App/network.o
 .data.gemm_12_output_array
                0x200000a0       0x10 ./X-CUBE-AI/App/network.o
 .data.nl_13_output_array
                0x200000b0       0x10 ./X-CUBE-AI/App/network.o
 .data.conv2d_1_weights_array
                0x200000c0       0x10 ./X-CUBE-AI/App/network.o
 .data.conv2d_1_bias_array
                0x200000d0       0x10 ./X-CUBE-AI/App/network.o
 .data.conv2d_4_weights_array
                0x200000e0       0x10 ./X-CUBE-AI/App/network.o
 .data.conv2d_4_bias_array
                0x200000f0       0x10 ./X-CUBE-AI/App/network.o
 .data.conv2d_7_weights_array
                0x20000100       0x10 ./X-CUBE-AI/App/network.o
 .data.conv2d_7_bias_array
                0x20000110       0x10 ./X-CUBE-AI/App/network.o
 .data.gemm_10_weights_array
                0x20000120       0x10 ./X-CUBE-AI/App/network.o
 .data.gemm_10_bias_array
                0x20000130       0x10 ./X-CUBE-AI/App/network.o
 .data.gemm_11_weights_array
                0x20000140       0x10 ./X-CUBE-AI/App/network.o
 .data.gemm_11_bias_array
                0x20000150       0x10 ./X-CUBE-AI/App/network.o
 .data.gemm_12_weights_array
                0x20000160       0x10 ./X-CUBE-AI/App/network.o
 .data.gemm_12_bias_array
                0x20000170       0x10 ./X-CUBE-AI/App/network.o
 .data.conv2d_1_scratch0_array
                0x20000180       0x10 ./X-CUBE-AI/App/network.o
 .data.conv2d_4_scratch0_array
                0x20000190       0x10 ./X-CUBE-AI/App/network.o
 .data.conv2d_7_scratch0_array
                0x200001a0       0x10 ./X-CUBE-AI/App/network.o
 .data.gemm_10_scratch0_array
                0x200001b0       0x10 ./X-CUBE-AI/App/network.o
 .data.gemm_11_scratch0_array
                0x200001c0       0x10 ./X-CUBE-AI/App/network.o
 .data.gemm_12_scratch0_array
                0x200001d0       0x10 ./X-CUBE-AI/App/network.o
 .data.__compound_literal.51
                0x200001e0       0x10 ./X-CUBE-AI/App/network.o
 .data.__compound_literal.52
                0x200001f0       0x10 ./X-CUBE-AI/App/network.o
 .data.conv2d_1_bias
                0x20000200       0x1c ./X-CUBE-AI/App/network.o
 .data.__compound_literal.53
                0x2000021c       0x10 ./X-CUBE-AI/App/network.o
 .data.__compound_literal.54
                0x2000022c       0x10 ./X-CUBE-AI/App/network.o
 .data.conv2d_1_output
                0x2000023c       0x1c ./X-CUBE-AI/App/network.o
 .data.__compound_literal.55
                0x20000258       0x10 ./X-CUBE-AI/App/network.o
 .data.__compound_literal.56
                0x20000268       0x10 ./X-CUBE-AI/App/network.o
 .data.conv2d_1_scratch0
                0x20000278       0x1c ./X-CUBE-AI/App/network.o
 .data.__compound_literal.57
                0x20000294       0x10 ./X-CUBE-AI/App/network.o
 .data.__compound_literal.58
                0x200002a4       0x10 ./X-CUBE-AI/App/network.o
 .data.conv2d_1_weights
                0x200002b4       0x1c ./X-CUBE-AI/App/network.o
 .data.__compound_literal.59
                0x200002d0       0x10 ./X-CUBE-AI/App/network.o
 .data.__compound_literal.60
                0x200002e0       0x10 ./X-CUBE-AI/App/network.o
 .data.conv2d_4_bias
                0x200002f0       0x1c ./X-CUBE-AI/App/network.o
 .data.__compound_literal.61
                0x2000030c       0x10 ./X-CUBE-AI/App/network.o
 .data.__compound_literal.62
                0x2000031c       0x10 ./X-CUBE-AI/App/network.o
 .data.conv2d_4_output
                0x2000032c       0x1c ./X-CUBE-AI/App/network.o
 .data.__compound_literal.63
                0x20000348       0x10 ./X-CUBE-AI/App/network.o
 .data.__compound_literal.64
                0x20000358       0x10 ./X-CUBE-AI/App/network.o
 .data.conv2d_4_pad_before_output
                0x20000368       0x1c ./X-CUBE-AI/App/network.o
 .data.__compound_literal.65
                0x20000384       0x10 ./X-CUBE-AI/App/network.o
 .data.__compound_literal.66
                0x20000394       0x10 ./X-CUBE-AI/App/network.o
 .data.conv2d_4_scratch0
                0x200003a4       0x1c ./X-CUBE-AI/App/network.o
 .data.__compound_literal.67
                0x200003c0       0x10 ./X-CUBE-AI/App/network.o
 .data.__compound_literal.68
                0x200003d0       0x10 ./X-CUBE-AI/App/network.o
 .data.conv2d_4_weights
                0x200003e0       0x1c ./X-CUBE-AI/App/network.o
 .data.__compound_literal.69
                0x200003fc       0x10 ./X-CUBE-AI/App/network.o
 .data.__compound_literal.70
                0x2000040c       0x10 ./X-CUBE-AI/App/network.o
 .data.conv2d_7_bias
                0x2000041c       0x1c ./X-CUBE-AI/App/network.o
 .data.__compound_literal.71
                0x20000438       0x10 ./X-CUBE-AI/App/network.o
 .data.__compound_literal.72
                0x20000448       0x10 ./X-CUBE-AI/App/network.o
 .data.conv2d_7_output
                0x20000458       0x1c ./X-CUBE-AI/App/network.o
 .data.__compound_literal.73