Archive member included to satisfy reference by file (symbol)

../Middlewares/ST/AI/Lib\NetworkRuntime1020_CM33_GCC.a(ai_platform.o)
                              ./X-CUBE-AI/App/network.o (ai_buffer_array_item_set_address)
../Middlewares/ST/AI/Lib\NetworkRuntime1020_CM33_GCC.a(ai_platform_interface.o)
                              ./X-CUBE-AI/App/network.o (ai_platform_get_weights_map)
../Middlewares/ST/AI/Lib\NetworkRuntime1020_CM33_GCC.a(core_common.o)
                              ../Middlewares/ST/AI/Lib\NetworkRuntime1020_CM33_GCC.a(ai_platform_interface.o) (core_init)
../Middlewares/ST/AI/Lib\NetworkRuntime1020_CM33_GCC.a(core_mem_manager.o)
                              ../Middlewares/ST/AI/Lib\NetworkRuntime1020_CM33_GCC.a(ai_platform_interface.o) (core_mem_alloc)
../Middlewares/ST/AI/Lib\NetworkRuntime1020_CM33_GCC.a(layers.o)
                              ../Middlewares/ST/AI/Lib\NetworkRuntime1020_CM33_GCC.a(ai_platform_interface.o) (ai_check_custom_types)
../Middlewares/ST/AI/Lib\NetworkRuntime1020_CM33_GCC.a(layers_conv2d_sssa8_ch.o)
                              ./X-CUBE-AI/App/network.o (forward_conv2d_deep_sssa8_ch)
../Middlewares/ST/AI/Lib\NetworkRuntime1020_CM33_GCC.a(layers_conv2d_stm32_integer.o)
                              ./X-CUBE-AI/App/network.o (forward_dense_integer_SSSA)
../Middlewares/ST/AI/Lib\NetworkRuntime1020_CM33_GCC.a(layers_generic_float.o)
                              ./X-CUBE-AI/App/network.o (forward_pad)
../Middlewares/ST/AI/Lib\NetworkRuntime1020_CM33_GCC.a(layers_nl_stm32_integer.o)
                              ./X-CUBE-AI/App/network.o (forward_nl_integer)
../Middlewares/ST/AI/Lib\NetworkRuntime1020_CM33_GCC.a(layers_pad_generic.o)
                              ../Middlewares/ST/AI/Lib\NetworkRuntime1020_CM33_GCC.a(layers_generic_float.o) (forward_pad_8bit_ch1st_3x3_constant)
../Middlewares/ST/AI/Lib\NetworkRuntime1020_CM33_GCC.a(layers_pool_stm32_integer.o)
                              ./X-CUBE-AI/App/network.o (forward_ap_integer_INT8)
../Middlewares/ST/AI/Lib\NetworkRuntime1020_CM33_GCC.a(layers_resize.o)
                              ../Middlewares/ST/AI/Lib\NetworkRuntime1020_CM33_GCC.a(layers_generic_float.o) (forward_resize_nearest_if32of32)
../Middlewares/ST/AI/Lib\NetworkRuntime1020_CM33_GCC.a(layers_conv2d_integer_scratch.o)
                              ../Middlewares/ST/AI/Lib\NetworkRuntime1020_CM33_GCC.a(layers.o) (get_dense_scratch_size_s8)
../Middlewares/ST/AI/Lib\NetworkRuntime1020_CM33_GCC.a(forward_lite_argminmax.o)
                              ../Middlewares/ST/AI/Lib\NetworkRuntime1020_CM33_GCC.a(layers_generic_float.o) (forward_lite_argmax_if32)
../Middlewares/ST/AI/Lib\NetworkRuntime1020_CM33_GCC.a(forward_lite_dense_is8os8ws8_ch.o)
                              ../Middlewares/ST/AI/Lib\NetworkRuntime1020_CM33_GCC.a(layers_conv2d_stm32_integer.o) (forward_lite_dense_is8os8ws8_ch)
../Middlewares/ST/AI/Lib\NetworkRuntime1020_CM33_GCC.a(forward_lite_dense_is8os8ws8.o)
                              ../Middlewares/ST/AI/Lib\NetworkRuntime1020_CM33_GCC.a(layers_conv2d_stm32_integer.o) (forward_lite_dense_is8os8ws8)
../Middlewares/ST/AI/Lib\NetworkRuntime1020_CM33_GCC.a(forward_lite_maxpool_is8os8_scalepos.o)
                              ../Middlewares/ST/AI/Lib\NetworkRuntime1020_CM33_GCC.a(layers_pool_stm32_integer.o) (forward_lite_maxpool_is8os8_scalepos)
../Middlewares/ST/AI/Lib\NetworkRuntime1020_CM33_GCC.a(forward_lite_avepool_is8os8.o)
                              ../Middlewares/ST/AI/Lib\NetworkRuntime1020_CM33_GCC.a(layers_pool_stm32_integer.o) (forward_lite_avepool_is8os8)
../Middlewares/ST/AI/Lib\NetworkRuntime1020_CM33_GCC.a(forward_lite_conv2d_sssa8_ch.o)
                              ../Middlewares/ST/AI/Lib\NetworkRuntime1020_CM33_GCC.a(layers_conv2d_sssa8_ch.o) (forward_lite_conv2d_dilated_sssa8_ch)
../Middlewares/ST/AI/Lib\NetworkRuntime1020_CM33_GCC.a(lite_argminmax_if32_kernel.o)
                              ../Middlewares/ST/AI/Lib\NetworkRuntime1020_CM33_GCC.a(forward_lite_argminmax.o) (forward_lite_argmax_f32_kernel_ch)
../Middlewares/ST/AI/Lib\NetworkRuntime1020_CM33_GCC.a(lite_argminmax_is8_kernel.o)
                              ../Middlewares/ST/AI/Lib\NetworkRuntime1020_CM33_GCC.a(forward_lite_argminmax.o) (forward_lite_argmax_s8_kernel)
../Middlewares/ST/AI/Lib\NetworkRuntime1020_CM33_GCC.a(forward_lite_maxpool_is16os16.o)
                              ../Middlewares/ST/AI/Lib\NetworkRuntime1020_CM33_GCC.a(layers_pool_stm32_integer.o) (forward_lite_maxpool_is16os16_scalepos)
../Middlewares/ST/AI/Lib\NetworkRuntime1020_CM33_GCC.a(forward_lite_maxpool_is8os8.o)
                              ../Middlewares/ST/AI/Lib\NetworkRuntime1020_CM33_GCC.a(layers_pool_stm32_integer.o) (forward_lite_maxpool_is8os8_scaleneg)
../Middlewares/ST/AI/Lib\NetworkRuntime1020_CM33_GCC.a(forward_lite_maxpool_iu16ou16.o)
[...]
Memory Configuration

Name             Origin             Length             Attributes
RAM              0x20000000         0x000c0000         xrw
SRAM4            0x28000000         0x00004000         xrw
FLASH            0x08000000         0x00200000         xr
*default*        0x00000000         0xffffffff

Linker script and memory map

LOAD D:/STM32CubeIDE_2.0.0/STM32CubeIDE/plugins/com.st.stm32cube.ide.mcu.externaltools.gnu-tools-for-stm32.13.3.rel1.win32_1.0.100.202509120712/tools/bin/../lib/gcc/arm-none-eabi/13.3.1/thumb/v8-m.main+fp/hard/crti.o
LOAD D:/STM32CubeIDE_2.0.0/STM32CubeIDE/plugins/com.st.stm32cube.ide.mcu.externaltools.gnu-tools-for-stm32.13.3.rel1.win32_1.0.100.202509120712/tools/bin/../lib/gcc/arm-none-eabi/13.3.1/thumb/v8-m.main+fp/hard/crtbegin.o
LOAD D:/STM32CubeIDE_2.0.0/STM32CubeIDE/plugins/com.st.stm32cube.ide.mcu.externaltools.gnu-tools-for-stm32.13.3.rel1.win32_1.0.100.202509120712/tools/bin/../lib/gcc/arm-none-eabi/13.3.1/../../../../arm-none-eabi/lib/thumb/v8-m.main+fp/hard/crt0.o
LOAD ./Core/Src/UART/nucleo_uart_actions.o
LOAD ./Core/Src/UART/nucleo_uart_rx.o
LOAD ./Core/Src/UART/nucleo_uart_rx_port.o
LOAD ./Core/Src/ad7606.o
LOAD ./Core/Src/adc_fake_data.o
LOAD ./Core/Src/ann_infer.o
LOAD ./Core/Src/circular_list.o
LOAD ./Core/Src/control_loop.o
LOAD ./Core/Src/gpdma.o
LOAD ./Core/Src/gpio.o
LOAD ./Core/Src/icache.o
LOAD ./Core/Src/main.o
LOAD ./Core/Src/rms_filter.o
LOAD ./Core/Src/stm32u5xx_hal_msp.o
LOAD ./Core/Src/stm32u5xx_hal_timebase_tim.o
LOAD ./Core/Src/stm32u5xx_it.o
LOAD ./Core/Src/syscalls.o
LOAD ./Core/Src/sysmem.o
LOAD ./Core/Src/system_stm32u5xx.o
LOAD ./Core/Src/usart.o
LOAD ./Core/Startup/startup_stm32u575zitxq.o
LOAD ./Drivers/STM32U5xx_HAL_Driver/Src/stm32u5xx_hal.o
LOAD ./Drivers/STM32U5xx_HAL_Driver/Src/stm32u5xx_hal_cortex.o
LOAD ./Drivers/STM32U5xx_HAL_Driver/Src/stm32u5xx_hal_dma.o
LOAD ./Drivers/STM32U5xx_HAL_Driver/Src/stm32u5xx_hal_dma_ex.o
LOAD ./Drivers/STM32U5xx_HAL_Driver/Src/stm32u5xx_hal_exti.o
LOAD ./Drivers/STM32U5xx_HAL_Driver/Src/stm32u5xx_hal_flash.o
LOAD ./Drivers/STM32U5xx_HAL_Driver/Src/stm32u5xx_hal_flash_ex.o
LOAD ./Drivers/STM32U5xx_HAL_Driver/Src/stm32u5xx_hal_gpio.o
LOAD ./Drivers/STM32U5xx_HAL_Driver/Src/stm32u5xx_hal_gtzc.o
LOAD ./Drivers/STM32U5xx_HAL_Driver/Src/stm32u5xx_hal_i2c.o
LOAD ./Drivers/STM32U5xx_HAL_Driver/Src/stm32u5xx_hal_i2c_ex.o
LOAD ./Drivers/STM32U5xx_HAL_Driver/Src/stm32u5xx_hal_icache.o
LOAD ./Drivers/STM32U5xx_HAL_Driver/Src/stm32u5xx_hal_pwr.o
LOAD ./Drivers/STM32U5xx_HAL_Driver/Src/stm32u5xx_hal_pwr_ex.o
LOAD ./Drivers/STM32U5xx_HAL_Driver/Src/stm32u5xx_hal_rcc.o
LOAD ./Drivers/STM32U5xx_HAL_Driver/Src/stm32u5xx_hal_rcc_ex.o
LOAD ./Drivers/STM32U5xx_HAL_Driver/Src/stm32u5xx_hal_tim.o
LOAD ./Drivers/STM32U5xx_HAL_Driver/Src/stm32u5xx_hal_tim_ex.o
LOAD ./Drivers/STM32U5xx_HAL_Driver/Src/stm32u5xx_hal_uart.o
LOAD ./Drivers/STM32U5xx_HAL_Driver/Src/stm32u5xx_hal_uart_ex.o
LOAD ./X-CUBE-AI/App/network.o
LOAD ./X-CUBE-AI/App/network_data.o
LOAD ./X-CUBE-AI/App/network_data_params.o
LOAD ../Middlewares/ST/AI/Lib\NetworkRuntime1020_CM33_GCC.a
START GROUP
LOAD D:/STM32CubeIDE_2.0.0/STM32CubeIDE/plugins/com.st.stm32cube.ide.mcu.externaltools.gnu-tools-for-stm32.13.3.rel1.win32_1.0.100.202509120712/tools/bin/../lib/gcc/arm-none-eabi/13.3.1/../../../../arm-none-eabi/lib/thumb/v8-m.main+fp/hard\libc_nano.a
LOAD D:/STM32CubeIDE_2.0.0/STM32CubeIDE/plugins/com.st.stm32cube.ide.mcu.externaltools.gnu-tools-for-stm32.13.3.rel1.win32_1.0.100.202509120712/tools/bin/../lib/gcc/arm-none-eabi/13.3.1/../../../../arm-none-eabi/lib/thumb/v8-m.main+fp/hard\libm.a
END GROUP
START GROUP
LOAD D:/STM32CubeIDE_2.0.0/STM32CubeIDE/plugins/com.st.stm32cube.ide.mcu.externaltools.gnu-tools-for-stm32.13.3.rel1.win32_1.0.100.202509120712/tools/bin/../lib/gcc/arm-none-eabi/13.3.1/thumb/v8-m.main+fp/hard\libgcc.a
LOAD D:/STM32CubeIDE_2.0.0/STM32CubeIDE/plugins/com.st.stm32cube.ide.mcu.externaltools.gnu-tools-for-stm32.13.3.rel1.win32_1.0.100.202509120712/tools/bin/../lib/gcc/arm-none-eabi/13.3.1/../../../../arm-none-eabi/lib/thumb/v8-m.main+fp/hard\libc_nano.a
END GROUP
START GROUP
LOAD D:/STM32CubeIDE_2.0.0/STM32CubeIDE/plugins/com.st.stm32cube.ide.mcu.externaltools.gnu-tools-for-stm32.13.3.rel1.win32_1.0.100.202509120712/tools/bin/../lib/gcc/arm-none-eabi/13.3.1/thumb/v8-m.main+fp/hard\libgcc.a
LOAD D:/STM32CubeIDE_2.0.0/STM32CubeIDE/plugins/com.st.stm32cube.ide.mcu.externaltools.gnu-tools-for-stm32.13.3.rel1.win32_1.0.100.202509120712/tools/bin/../lib/gcc/arm-none-eabi/13.3.1/../../../../arm-none-eabi/lib/thumb/v8-m.main+fp/hard\libc_nano.a
LOAD D:/STM32CubeIDE_2.0.0/STM32CubeIDE/plugins/com.st.stm32cube.ide.mcu.externaltools.gnu-tools-for-stm32.13.3.rel1.win32_1.0.100.202509120712/tools/bin/../lib/gcc/arm-none-eabi/13.3.1/../../../../arm-none-eabi/lib/thumb/v8-m.main+fp/hard\libnosys.a
END GROUP
START GROUP
LOAD D:/STM32CubeIDE_2.0.0/STM32CubeIDE/plugins/com.st.stm32cube.ide.mcu.externaltools.gnu-tools-for-stm32.13.3.rel1.win32_1.0.100.202509120712/tools/bin/../lib/gcc/arm-none-eabi/13.3.1/thumb/v8-m.main+fp/hard\libgcc.a
LOAD D:/STM32CubeIDE_2.0.0/STM32CubeIDE/plugins/com.st.stm32cube.ide.mcu.externaltools.gnu-tools-for-stm32.13.3.rel1.win32_1.0.100.202509120712/tools/bin/../lib/gcc/arm-none-eabi/13.3.1/../../../../arm-none-eabi/lib/thumb/v8-m.main+fp/hard\libc_nano.a
LOAD D:/STM32CubeIDE_2.0.0/STM32CubeIDE/plugins/com.st.stm32cube.ide.mcu.externaltools.gnu-tools-for-stm32.13.3.rel1.win32_1.0.100.202509120712/tools/bin/../lib/gcc/arm-none-eabi/13.3.1/../../../../arm-none-eabi/lib/thumb/v8-m.main+fp/hard\libnosys.a
END GROUP
LOAD D:/STM32CubeIDE_2.0.0/STM32CubeIDE/plugins/com.st.stm32cube.ide.mcu.externaltools.gnu-tools-for-stm32.13.3.rel1.win32_1.0.100.202509120712/tools/bin/../lib/gcc/arm-none-eabi/13.3.1/thumb/v8-m.main+fp/hard/crtend.o
LOAD D:/STM32CubeIDE_2.0.0/STM32CubeIDE/plugins/com.st.stm32cube.ide.mcu.externaltools.gnu-tools-for-stm32.13.3.rel1.win32_1.0.100.202509120712/tools/bin/../lib/gcc/arm-none-eabi/13.3.1/thumb/v8-m.main+fp/hard/crtn.o
                0x200c0000                        _estack = (ORIGIN (RAM) + LENGTH (RAM))
                0x00000800                        _Min_Heap_Size = 0x800
                0x00000800                        _Min_Stack_Size = 0x800

.isr_vector     0x08000000      0x238
 *(.isr_vector)
 .isr_vector    0x08000000      0x238 ./Core/Startup/startup_stm32u575zitxq.o
                0x08000000                g_pfnVectors

.text           0x08000240    0x11e94
 *(.text)
 .text          0x08000240       0x40 D:/STM32CubeIDE_2.0.0/STM32CubeIDE/plugins/com.st.stm32cube.ide.mcu.externaltools.gnu-tools-for-stm32.13.3.rel1.win32_1.0.100.202509120712/tools/bin/../lib/gcc/arm-none-eabi/13.3.1/thumb/v8-m.main+fp/hard/crtbegin.o
 .text          0x08000280      0x378 D:/STM32CubeIDE_2.0.0/STM32CubeIDE/plugins/com.st.stm32cube.ide.mcu.externaltools.gnu-tools-for-stm32.13.3.rel1.win32_1.0.100.202509120712/tools/bin/../lib/gcc/arm-none-eabi/13.3.1/thumb/v8-m.main+fp/hard\libgcc.a(_arm_addsubdf3.o)
                0x08000280                __aeabi_drsub
                0x08000288                __aeabi_dsub
                0x08000288                __subdf3
                0x0800028c                __aeabi_dadd
                0x0800028c                __adddf3
                0x08000504                __floatunsidf
                0x08000504                __aeabi_ui2d
                0x08000524                __floatsidf
                0x08000524                __aeabi_i2d
                0x08000548                __aeabi_f2d
                0x08000548                __extendsfdf2
                0x0800058c                __floatundidf
                0x0800058c                __aeabi_ul2d
                0x0800059c                __floatdidf
                0x0800059c                __aeabi_l2d
 .text          0x080005f8      0x424 D:/STM32CubeIDE_2.0.0/STM32CubeIDE/plugins/com.st.stm32cube.ide.mcu.externaltools.gnu-tools-for-stm32.13.3.rel1.win32_1.0.100.202509120712/tools/bin/../lib/gcc/arm-none-eabi/13.3.1/thumb/v8-m.main+fp/hard\libgcc.a(_arm_muldivdf3.o)
                0x080005f8                __aeabi_dmul
                0x080005f8                __muldf3
                0x0800084c                __divdf3
                0x0800084c                __aeabi_ddiv
 .text          0x08000a1c       0xa0 D:/STM32CubeIDE_2.0.0/STM32CubeIDE/plugins/com.st.stm32cube.ide.mcu.externaltools.gnu-tools-for-stm32.13.3.rel1.win32_1.0.100.202509120712/tools/bin/../lib/gcc/arm-none-eabi/13.3.1/thumb/v8-m.main+fp/hard\libgcc.a(_aeabi_ldivmod.o)
                0x08000a1c                __aeabi_ldivmod
 .text          0x08000abc       0x30 D:/STM32CubeIDE_2.0.0/STM32CubeIDE/plugins/com.st.stm32cube.ide.mcu.externaltools.gnu-tools-for-stm32.13.3.rel1.win32_1.0.100.202509120712/tools/bin/../lib/gcc/arm-none-eabi/13.3.1/thumb/v8-m.main+fp/hard\libgcc.a(_aeabi_uldivmod.o)
                0x08000abc                __aeabi_uldivmod
 .text          0x08000aec       0x28 D:/STM32CubeIDE_2.0.0/STM32CubeIDE/plugins/com.st.stm32cube.ide.mcu.externaltools.gnu-tools-for-stm32.13.3.rel1.win32_1.0.100.202509120712/tools/bin/../lib/gcc/arm-none-eabi/13.3.1/thumb/v8-m.main+fp/hard\libgcc.a(_fixsfdi.o)
                0x08000aec                __fixsfdi
                0x08000aec                __aeabi_f2lz
 .text          0x08000b14       0x40 D:/STM32CubeIDE_2.0.0/STM32CubeIDE/plugins/com.st.stm32cube.ide.mcu.externaltools.gnu-tools-for-stm32.13.3.rel1.win32_1.0.100.202509120712/tools/bin/../lib/gcc/arm-none-eabi/13.3.1/thumb/v8-m.main+fp/hard\libgcc.a(_fixunssfdi.o)
                0x08000b14                __fixunssfdi
                0x08000b14                __aeabi_f2ulz
 .text          0x08000b54      0x348 D:/STM32CubeIDE_2.0.0/STM32CubeIDE/plugins/com.st.stm32cube.ide.mcu.externaltools.gnu-tools-for-stm32.13.3.rel1.win32_1.0.100.202509120712/tools/bin/../lib/gcc/arm-none-eabi/13.3.1/thumb/v8-m.main+fp/hard\libgcc.a(_udivmoddi4.o)
                0x08000b54                __udivmoddi4
 .text          0x08000e9c        0x4 D:/STM32CubeIDE_2.0.0/STM32CubeIDE/plugins/com.st.stm32cube.ide.mcu.externaltools.gnu-tools-for-stm32.13.3.rel1.win32_1.0.100.202509120712/tools/bin/../lib/gcc/arm-none-eabi/13.3.1/thumb/v8-m.main+fp/hard\libgcc.a(_dvmd_tls.o)
                0x08000e9c                __aeabi_idiv0
                0x08000e9c                __aeabi_ldiv0
 .text          0x08000ea0       0x40 D:/STM32CubeIDE_2.0.0/STM32CubeIDE/plugins/com.st.stm32cube.ide.mcu.externaltools.gnu-tools-for-stm32.13.3.rel1.win32_1.0.100.202509120712/tools/bin/../lib/gcc/arm-none-eabi/13.3.1/thumb/v8-m.main+fp/hard\libgcc.a(_arm_fixunsdfsi.o)
                0x08000ea0                __aeabi_d2uiz
                0x08000ea0                __fixunsdfsi
 *(.text*)
 .text.nucleo_on_safe_req
                0x08000ee0       0x16 ./Core/Src/UART/nucleo_uart_actions.o
                0x08000ee0                nucleo_on_safe_req
 .text.nucleo_on_scd_event
                0x08000ef6        0xe ./Core/Src/UART/nucleo_uart_actions.o
                0x08000ef6                nucleo_on_scd_event
 .text.nucleo_on_low_batt_mode
                0x08000f04        0xe ./Core/Src/UART/nucleo_uart_actions.o
                0x08000f04                nucleo_on_low_batt_mode
 .text.nucleo_on_low_batt_lock
                0x08000f12        0xe ./Core/Src/UART/nucleo_uart_actions.o
                0x08000f12                nucleo_on_low_batt_lock
 .text.nucleo_on_cur_latched
                0x08000f20        0xe ./Core/Src/UART/nucleo_uart_actions.o
                0x08000f20                nucleo_on_cur_latched
 .text.nucleo_on_low_batt_warn
                0x08000f2e       0x1c ./Core/Src/UART/nucleo_uart_actions.o
                0x08000f2e                nucleo_on_low_batt_warn
 .text.nucleo_on_last_fault
                0x08000f4a       0x18 ./Core/Src/UART/nucleo_uart_actions.o
                0x08000f4a                nucleo_on_last_fault
 *fill*         0x08000f62        0x2 
 .text.rb_next  0x08000f64       0x2c ./Core/Src/UART/nucleo_uart_rx.o
 .text.rb_count
                0x08000f90       0x40 ./Core/Src/UART/nucleo_uart_rx.o
 .text.rb_clear
                0x08000fd0       0x1c ./Core/Src/UART/nucleo_uart_rx.o
 .text.rb_peek  0x08000fec       0x5c ./Core/Src/UART/nucleo_uart_rx.o
 .text.rb_pop   0x08001048       0x44 ./Core/Src/UART/nucleo_uart_rx.o
 .text.rb_push  0x0800108c       0x5c ./Core/Src/UART/nucleo_uart_rx.o
 .text.nucleo_uart_crc8
                0x080010e8       0x78 ./Core/Src/UART/nucleo_uart_rx.o
                0x080010e8                nucleo_uart_crc8
 .text.nucleo_uart_rx_init
                0x08001160       0x5c ./Core/Src/UART/nucleo_uart_rx.o
                0x08001160                nucleo_uart_rx_init
 .text.nucleo_uart_rx_push_block
                0x080011bc       0x54 ./Core/Src/UART/nucleo_uart_rx.o
                0x080011bc                nucleo_uart_rx_push_block
 .text.nucleo_uart_parse_frame
                0x08001210      0x16c ./Core/Src/UART/nucleo_uart_rx.o
 .text.nucleo_uart_rx_process
                0x0800137c      0x10c ./Core/Src/UART/nucleo_uart_rx.o
                0x0800137c                nucleo_uart_rx_process
 .text.nucleo_uart_rx_port_init
                0x08001488       0x28 ./Core/Src/UART/nucleo_uart_rx_port.o
                0x08001488                nucleo_uart_rx_port_init
 .text.nucleo_uart_rx_port_process
                0x080014b0        0xc ./Core/Src/UART/nucleo_uart_rx_port.o
                0x080014b0                nucleo_uart_rx_port_process
 .text.nucleo_uart_rx_port_on_rx_block
                0x080014bc       0x2c ./Core/Src/UART/nucleo_uart_rx_port.o
                0x080014bc                nucleo_uart_rx_port_on_rx_block
 .text.dwt_init
                0x080014e8       0x34 ./Core/Src/ad7606.o
 .text.dwt_delay_cycles
                0x0800151c       0x30 ./Core/Src/ad7606.o
 .text.convert_us_to_cycles
                0x0800154c       0x54 ./Core/Src/ad7606.o
 .text.delay_us
                0x080015a0       0x1e ./Core/Src/ad7606.o
 *fill*         0x080015be        0x2 
 .text.convert_ns_to_cycles
                0x080015c0       0x5c ./Core/Src/ad7606.o
 .text.delay_ns
                0x0800161c       0x1e ./Core/Src/ad7606.o
 .text.pin_low  0x0800163a       0x20 ./Core/Src/ad7606.o
 .text.pin_high
                0x0800165a       0x20 ./Core/Src/ad7606.o
 *fill*         0x0800167a        0x2 
 .text.ad7606_gpio_init
                0x0800167c      0x2d0 ./Core/Src/ad7606.o
 .text.ad7606_init
                0x0800194c       0x28 ./Core/Src/ad7606.o
                0x0800194c                ad7606_init
 .text.ad7606_get_busy_miss_count
                0x08001974       0x18 ./Core/Src/ad7606.o
                0x08001974                ad7606_get_busy_miss_count
 .text.ad7606_get_busy_seen_count
                0x0800198c       0x18 ./Core/Src/ad7606.o
                0x0800198c                ad7606_get_busy_seen_count
 .text.start_conversion
                0x080019a4       0x28 ./Core/Src/ad7606.o
 .text.wait_conversion_complete
                0x080019cc       0x44 ./Core/Src/ad7606.o
 .text.read_current_channel
                0x08001a10      0x198 ./Core/Src/ad7606.o
 .text.read_all_channels
                0x08001ba8       0x74 ./Core/Src/ad7606.o
 .text.ad7606_read_all_channels
                0x08001c1c       0x34 ./Core/Src/ad7606.o
                0x08001c1c                ad7606_read_all_channels
 .text.ann_init
                0x08001c50       0x44 ./Core/Src/ann_infer.o
                0x08001c50                ann_init
 .text.quantize_input
                0x08001c94       0x50 ./Core/Src/ann_infer.o
 .text.normalize_angle
                0x08001ce4       0x84 ./Core/Src/ann_infer.o
 .text.denormalize_angle
                0x08001d68       0x64 ./Core/Src/ann_infer.o
 .text.ann_predict_run
                0x08001dcc      0x1f8 ./Core/Src/ann_infer.o
 .text.ann_predict_with_history
                0x08001fc4       0x34 ./Core/Src/ann_infer.o
                0x08001fc4                ann_predict_with_history
 .text.circular_list_init
                0x08001ff8       0xd6 ./Core/Src/circular_list.o
                0x08001ff8                circular_list_init
 .text.circular_list_add
                0x080020ce       0x8c ./Core/Src/circular_list.o
                0x080020ce                circular_list_add
 .text.circular_list_sum_sq
                0x0800215a       0x2a ./Core/Src/circular_list.o
                0x0800215a                circular_list_sum_sq
 .text.circular_list_free
                0x08002184       0x6e ./Core/Src/circular_list.o
                0x08002184                circular_list_free
 *fill*         0x080021f2        0x2 
 .text.angle_ctx_ring_get
                0x080021f4       0x40 ./Core/Src/control_loop.o
 .text.debug_print_pred_stats
                0x08002234      0x324 ./Core/Src/control_loop.o
 .text.debug_print_sample_rate
                0x08002558       0x54 ./Core/Src/control_loop.o
 .text.dwt_init
                0x080025ac       0x34 ./Core/Src/control_loop.o
 .text.control_init
                0x080025e0       0x78 ./Core/Src/control_loop.o
                0x080025e0                control_init
 .text.control_on_sample_tick_isr
                0x08002658       0x88 ./Core/Src/control_loop.o
                0x08002658                control_on_sample_tick_isr
 .text.control_enable_sampling
                0x080026e0       0x18 ./Core/Src/control_loop.o
                0x080026e0                control_enable_sampling
 .text.control_tick
                0x080026f8      0x364 ./Core/Src/control_loop.o
                0x080026f8                control_tick
 .text.MX_GPDMA1_Init
                0x08002a5c       0x40 ./Core/Src/gpdma.o
                0x08002a5c                MX_GPDMA1_Init
 .text.MX_GPIO_Init
                0x08002a9c       0xc4 ./Core/Src/gpio.o
                0x08002a9c                MX_GPIO_Init
 .text.MX_ICACHE_Init
                0x08002b60       0x26 ./Core/Src/icache.o
                0x08002b60                MX_ICACHE_Init
 *fill*         0x08002b86        0x2 
 .text.main     0x08002b88       0x64 ./Core/Src/main.o
                0x08002b88                main
 .text.SystemClock_Config
                0x08002bec       0xb8 ./Core/Src/main.o
                0x08002bec                SystemClock_Config
 .text.SystemPower_Config
                0x08002ca4       0x20 ./Core/Src/main.o
 .text.HAL_TIM_PeriodElapsedCallback
                0x08002cc4       0x30 ./Core/Src/main.o
                0x08002cc4                HAL_TIM_PeriodElapsedCallback
 .text.Error_Handler
                0x08002cf4        0xc ./Core/Src/main.o
                0x08002cf4                Error_Handler
 .text.rms_filter_init
                0x08002d00       0x6a ./Core/Src/rms_filter.o
                0x08002d00                rms_filter_init
 .text.rms_filter_update
                0x08002d6a       0xda ./Core/Src/rms_filter.o
                0x08002d6a                rms_filter_update
 .text.rms_filter_ready
                0x08002e44       0x30 ./Core/Src/rms_filter.o
                0x08002e44                rms_filter_ready
 .text.rms_filter_build_features
                0x08002e74       0xfc ./Core/Src/rms_filter.o
                0x08002e74                rms_filter_build_features
 .text.HAL_MspInit
                0x08002f70       0x38 ./Core/Src/stm32u5xx_hal_msp.o
                0x08002f70                HAL_MspInit
 .text.HAL_InitTick
                0x08002fa8       0xe0 ./Core/Src/stm32u5xx_hal_timebase_tim.o
                0x08002fa8                HAL_InitTick
 .text.uart_dma_idle_init
                0x08003088       0x5c ./Core/Src/stm32u5xx_it.o
                0x08003088                uart_dma_idle_init
 .text.uart_dma_idle_handle
                0x080030e4       0xa8 ./Core/Src/stm32u5xx_it.o
 .text.NMI_Handler
                0x0800318c        0x8 ./Core/Src/stm32u5xx_it.o
                0x0800318c                NMI_Handler
 .text.HardFault_Handler
                0x08003194        0x8 ./Core/Src/stm32u5xx_it.o
                0x08003194                HardFault_Handler
 .text.MemManage_Handler
                0x0800319c        0x8 ./Core/Src/stm32u5xx_it.o
                0x0800319c                MemManage_Handler
 .text.BusFault_Handler
                0x080031a4        0x8 ./Core/Src/stm32u5xx_it.o
                0x080031a4                BusFault_Handler
 .text.UsageFault_Handler
                0x080031ac        0x8 ./Core/Src/stm32u5xx_it.o
                0x080031ac                UsageFault_Handler
 .text.SVC_Handler
                0x080031b4        0xe ./Core/Src/stm32u5xx_it.o
                0x080031b4                SVC_Handler
 .text.DebugMon_Handler
                0x080031c2        0xe ./Core/Src/stm32u5xx_it.o
                0x080031c2                DebugMon_Handler
 .text.PendSV_Handler
                0x080031d0        0xe ./Core/Src/stm32u5xx_it.o
                0x080031d0                PendSV_Handler
 .text.SysTick_Handler
                0x080031de        0xe ./Core/Src/stm32u5xx_it.o
                0x080031de                SysTick_Handler
 .text.GPDMA1_Channel1_IRQHandler
                0x080031ec       0x14 ./Core/Src/stm32u5xx_it.o
                0x080031ec                GPDMA1_Channel1_IRQHandler
 .text.USART1_IRQHandler
                0x08003200       0x3c ./Core/Src/stm32u5xx_it.o
                0x08003200                USART1_IRQHandler
 .text.TIM17_IRQHandler
                0x0800323c       0x14 ./Core/Src/stm32u5xx_it.o
                0x0800323c                TIM17_IRQHandler
 .text._sbrk    0x08003250       0x6c ./Core/Src/sysmem.o
                0x08003250                _sbrk
 .text.SystemInit
                0x080032bc       0x70 ./Core/Src/system_stm32u5xx.o
                0x080032bc                SystemInit
 .text.MX_USART1_UART_Init
                0x0800332c       0x98 ./Core/Src/usart.o
                0x0800332c                MX_USART1_UART_Init
 .text.HAL_UART_MspInit
                0x080033c4      0x25c ./Core/Src/usart.o
                0x080033c4                HAL_UART_MspInit
 .text.Reset_Handler
                0x08003620       0x50 ./Core/Startup/startup_stm32u575zitxq.o
                0x08003620                Reset_Handler
 .text.Default_Handler
                0x08003670        0x2 ./Core/Startup/startup_stm32u575zitxq.o
                0x08003670                EXTI2_IRQHandler
                0x08003670                TIM8_TRG_COM_IRQHandler
                0x08003670                TIM8_CC_IRQHandler
                0x08003670                EXTI5_IRQHandler
                0x08003670                FLASH_S_IRQHandler
                0x08003670                EXTI13_IRQHandler
                0x08003670                TIM1_CC_IRQHandler
                0x08003670                TSC_IRQHandler
                0x08003670                TAMP_IRQHandler
                0x08003670                TIM6_IRQHandler
                0x08003670                EXTI12_IRQHandler
                0x08003670                CORDIC_IRQHandler
                0x08003670                EXTI3_IRQHandler
                0x08003670                LPTIM4_IRQHandler
                0x08003670                GPDMA1_Channel5_IRQHandler
                0x08003670                EXTI8_IRQHandler
                0x08003670                LPTIM2_IRQHandler
                0x08003670                I2C3_ER_IRQHandler
                0x08003670                PWR_S3WU_IRQHandler
                0x08003670                MDF1_FLT2_IRQHandler
                0x08003670                LPDMA1_Channel3_IRQHandler
                0x08003670                LPTIM3_IRQHandler
                0x08003670                EXTI0_IRQHandler
                0x08003670                I2C2_EV_IRQHandler
                0x08003670                FPU_IRQHandler
                0x08003670                GPDMA1_Channel3_IRQHandler
                0x08003670                GPDMA1_Channel7_IRQHandler
                0x08003670                MDF1_FLT4_IRQHandler
                0x08003670                FDCAN1_IT1_IRQHandler
                0x08003670                RAMCFG_IRQHandler
                0x08003670                GPDMA1_Channel9_IRQHandler
                0x08003670                DCACHE1_IRQHandler
                0x08003670                SPI1_IRQHandler
                0x08003670                OCTOSPI1_IRQHandler
                0x08003670                GPDMA1_Channel2_IRQHandler
                0x08003670                TIM8_UP_IRQHandler
                0x08003670                RCC_S_IRQHandler
                0x08003670                OCTOSPI2_IRQHandler
                0x08003670                SAI2_IRQHandler
                0x08003670                MDF1_FLT1_IRQHandler
                0x08003670                ADC1_IRQHandler
                0x08003670                MDF1_FLT5_IRQHandler
                0x08003670                EXTI15_IRQHandler
                0x08003670                USART3_IRQHandler
                0x08003670                RTC_IRQHandler
                0x08003670                EXTI9_IRQHandler
                0x08003670                UART5_IRQHandler
                0x08003670                TIM4_IRQHandler
                0x08003670                I2C1_EV_IRQHandler
                0x08003670                GPDMA1_Channel12_IRQHandler
                0x08003670                TIM16_IRQHandler
                0x08003670                GPDMA1_Channel15_IRQHandler
                0x08003670                UART4_IRQHandler
                0x08003670                SecureFault_Handler
                0x08003670                TIM3_IRQHandler
                0x08003670                RCC_IRQHandler
                0x08003670                TIM1_TRG_COM_IRQHandler
                0x08003670                Default_Handler
                0x08003670                GPDMA1_Channel8_IRQHandler
                0x08003670                FMAC_IRQHandler
                0x08003670                GPDMA1_Channel11_IRQHandler
                0x08003670                TIM7_IRQHandler
                0x08003670                SDMMC1_IRQHandler
                0x08003670                TIM5_IRQHandler
                0x08003670                UCPD1_IRQHandler
                0x08003670                GPDMA1_Channel0_IRQHandler
                0x08003670                TIM15_IRQHandler
                0x08003670                I2C3_EV_IRQHandler
                0x08003670                LPDMA1_Channel0_IRQHandler
                0x08003670                PVD_PVM_IRQHandler
                0x08003670                SPI2_IRQHandler
                0x08003670                LPDMA1_Channel1_IRQHandler
                0x08003670                EXTI14_IRQHandler
                0x08003670                EXTI11_IRQHandler
                0x08003670                CRS_IRQHandler
                0x08003670                GPDMA1_Channel14_IRQHandler
                0x08003670                LSECSSD_IRQHandler
                0x08003670                EXTI4_IRQHandler
                0x08003670                RTC_S_IRQHandler
                0x08003670                GPDMA1_Channel13_IRQHandler
                0x08003670                RNG_IRQHandler
                0x08003670                COMP_IRQHandler
                0x08003670                TIM1_UP_IRQHandler
                0x08003670                ADC4_IRQHandler
                0x08003670                WWDG_IRQHandler
                0x08003670                I2C4_EV_IRQHandler
                0x08003670                ADF1_IRQHandler
                0x08003670                IWDG_IRQHandler
                0x08003670                LPUART1_IRQHandler
                0x08003670                MDF1_FLT0_IRQHandler
                0x08003670                FDCAN1_IT0_IRQHandler
                0x08003670                TIM2_IRQHandler
                0x08003670                GPDMA1_Channel4_IRQHandler
                0x08003670                EXTI7_IRQHandler
                0x08003670                DMA2D_IRQHandler
                0x08003670                TIM1_BRK_IRQHandler
                0x08003670                EXTI1_IRQHandler
                0x08003670                SDMMC2_IRQHandler
                0x08003670                DAC1_IRQHandler
                0x08003670                GTZC_IRQHandler
                0x08003670                MDF1_FLT3_IRQHandler
                0x08003670                USART2_IRQHandler
                0x08003670                GPDMA1_Channel6_IRQHandler
                0x08003670                I2C2_ER_IRQHandler
                0x08003670                TIM8_BRK_IRQHandler
                0x08003670                FLASH_IRQHandler
                0x08003670                EXTI10_IRQHandler
                0x08003670                OTG_FS_IRQHandler
                0x08003670                SPI3_IRQHandler
                0x08003670                LPDMA1_Channel2_IRQHandler
                0x08003670                I2C1_ER_IRQHandler
                0x08003670                FMC_IRQHandler
                0x08003670                EXTI6_IRQHandler
                0x08003670                LPTIM1_IRQHandler
                0x08003670                DCMI_PSSI_IRQHandler
                0x08003670                I2C4_ER_IRQHandler
                0x08003670                GPDMA1_Channel10_IRQHandler
                0x08003670                ICACHE_IRQHandler
                0x08003670                SAI1_IRQHandler
                0x08003670                HASH_IRQHandler
 *fill*         0x08003672        0x2 
 .text.HAL_Init
                0x08003674       0x60 ./Drivers/STM32U5xx_HAL_Driver/Src/stm32u5xx_hal.o
                0x08003674                HAL_Init
 .text.HAL_IncTick
                0x080036d4       0x28 ./Drivers/STM32U5xx_HAL_Driver/Src/stm32u5xx_hal.o
                0x080036d4                HAL_IncTick
 .text.HAL_GetTick
                0x080036fc       0x18 ./Drivers/STM32U5xx_HAL_Driver/Src/stm32u5xx_hal.o
                0x080036fc                HAL_GetTick
 .text.HAL_Delay
                0x08003714       0x48 ./Drivers/STM32U5xx_HAL_Driver/Src/stm32u5xx_hal.o
                0x08003714                HAL_Delay
 .text.__NVIC_SetPriorityGrouping
                0x0800375c       0x48 ./Drivers/STM32U5xx_HAL_Driver/Src/stm32u5xx_hal_cortex.o
 .text.__NVIC_GetPriorityGrouping
                0x080037a4       0x1c ./Drivers/STM32U5xx_HAL_Driver/Src/stm32u5xx_hal_cortex.o
 .text.__NVIC_EnableIRQ
                0x080037c0       0x3c ./Drivers/STM32U5xx_HAL_Driver/Src/stm32u5xx_hal_cortex.o
 .text.__NVIC_SetPriority
                0x080037fc       0x54 ./Drivers/STM32U5xx_HAL_Driver/Src/stm32u5xx_hal_cortex.o
 .text.NVIC_EncodePriority
                0x08003850       0x66 ./Drivers/STM32U5xx_HAL_Driver/Src/stm32u5xx_hal_cortex.o
 .text.HAL_NVIC_SetPriorityGrouping
                0x080038b6       0x16 ./Drivers/STM32U5xx_HAL_Driver/Src/stm32u5xx_hal_cortex.o
                0x080038b6                HAL_NVIC_SetPriorityGrouping
 .text.HAL_NVIC_SetPriority
                0x080038cc       0x34 ./Drivers/STM32U5xx_HAL_Driver/Src/stm32u5xx_hal_cortex.o
                0x080038cc                HAL_NVIC_SetPriority
 .text.HAL_NVIC_EnableIRQ
                0x08003900       0x1c ./Drivers/STM32U5xx_HAL_Driver/Src/stm32u5xx_hal_cortex.o
                0x08003900                HAL_NVIC_EnableIRQ
 .text.HAL_SYSTICK_CLKSourceConfig
                0x0800391c       0xb0 ./Drivers/STM32U5xx_HAL_Driver/Src/stm32u5xx_hal_cortex.o
                0x0800391c                HAL_SYSTICK_CLKSourceConfig
 .text.HAL_DMA_Start_IT
                0x080039cc       0xc0 ./Drivers/STM32U5xx_HAL_Driver/Src/stm32u5xx_hal_dma.o
                0x080039cc                HAL_DMA_Start_IT
 .text.HAL_DMA_Abort
                0x08003a8c       0xf8 ./Drivers/STM32U5xx_HAL_Driver/Src/stm32u5xx_hal_dma.o
                0x08003a8c                HAL_DMA_Abort
 .text.HAL_DMA_Abort_IT
                0x08003b84       0x52 ./Drivers/STM32U5xx_HAL_Driver/Src/stm32u5xx_hal_dma.o
                0x08003b84                HAL_DMA_Abort_IT
 .text.HAL_DMA_IRQHandler
                0x08003bd6      0x2c2 ./Drivers/STM32U5xx_HAL_Driver/Src/stm32u5xx_hal_dma.o
                0x08003bd6                HAL_DMA_IRQHandler
 .text.HAL_DMA_ConfigChannelAttributes
                0x08003e98       0x78 ./Drivers/STM32U5xx_HAL_Driver/Src/stm32u5xx_hal_dma.o
                0x08003e98                HAL_DMA_ConfigChannelAttributes
 .text.DMA_SetConfig
                0x08003f10       0x4a ./Drivers/STM32U5xx_HAL_Driver/Src/stm32u5xx_hal_dma.o
 *fill*         0x08003f5a        0x2 
 .text.HAL_DMAEx_List_Init
                0x08003f5c      0x258 ./Drivers/STM32U5xx_HAL_Driver/Src/stm32u5xx_hal_dma_ex.o
                0x08003f5c                HAL_DMAEx_List_Init
 .text.HAL_DMAEx_List_Start_IT
                0x080041b4      0x128 ./Drivers/STM32U5xx_HAL_Driver/Src/stm32u5xx_hal_dma_ex.o
                0x080041b4                HAL_DMAEx_List_Start_IT
 .text.HAL_DMAEx_List_BuildNode
                0x080042dc       0x2c ./Drivers/STM32U5xx_HAL_Driver/Src/stm32u5xx_hal_dma_ex.o
                0x080042dc                HAL_DMAEx_List_BuildNode
 .text.HAL_DMAEx_List_InsertNode
                0x08004308      0x192 ./Drivers/STM32U5xx_HAL_Driver/Src/stm32u5xx_hal_dma_ex.o
                0x08004308                HAL_DMAEx_List_InsertNode
 .text.HAL_DMAEx_List_SetCircularMode
                0x0800449a       0xc0 ./Drivers/STM32U5xx_HAL_Driver/Src/stm32u5xx_hal_dma_ex.o
                0x0800449a                HAL_DMAEx_List_SetCircularMode
 *fill*         0x0800455a        0x2 
 .text.HAL_DMAEx_List_LinkQ
                0x0800455c      0x12c ./Drivers/STM32U5xx_HAL_Driver/Src/stm32u5xx_hal_dma_ex.o
                0x0800455c                HAL_DMAEx_List_LinkQ
 .text.DMA_List_Init
                0x08004688      0x2b0 ./Drivers/STM32U5xx_HAL_Driver/Src/stm32u5xx_hal_dma_ex.o
 .text.DMA_List_BuildNode
                0x08004938      0x2a4 ./Drivers/STM32U5xx_HAL_Driver/Src/stm32u5xx_hal_dma_ex.o
 .text.DMA_List_CheckNodesBaseAddresses
                0x08004bdc       0x60 ./Drivers/STM32U5xx_HAL_Driver/Src/stm32u5xx_hal_dma_ex.o
 .text.DMA_List_CheckNodesTypes
                0x08004c3c       0x78 ./Drivers/STM32U5xx_HAL_Driver/Src/stm32u5xx_hal_dma_ex.o
 .text.DMA_List_GetCLLRNodeInfo
                0x08004cb4       0x60 ./Drivers/STM32U5xx_HAL_Driver/Src/stm32u5xx_hal_dma_ex.o
 .text.DMA_List_FindNode
                0x08004d14      0x13e ./Drivers/STM32U5xx_HAL_Driver/Src/stm32u5xx_hal_dma_ex.o
 *fill*         0x08004e52        0x2 
 .text.HAL_GPIO_Init
                0x08004e54      0x3c0 ./Drivers/STM32U5xx_HAL_Driver/Src/stm32u5xx_hal_gpio.o
                0x08004e54                HAL_GPIO_Init
 .text.HAL_GPIO_ReadPin
                0x08005214       0x30 ./Drivers/STM32U5xx_HAL_Driver/Src/stm32u5xx_hal_gpio.o
                0x08005214                HAL_GPIO_ReadPin
 .text.HAL_GPIO_WritePin
                0x08005244       0x30 ./Drivers/STM32U5xx_HAL_Driver/Src/stm32u5xx_hal_gpio.o
                0x08005244                HAL_GPIO_WritePin
 .text.HAL_GPIO_TogglePin
                0x08005274       0x34 ./Drivers/STM32U5xx_HAL_Driver/Src/stm32u5xx_hal_gpio.o
                0x08005274                HAL_GPIO_TogglePin
 .text.HAL_ICACHE_ConfigAssociativityMode
                0x080052a8       0x40 ./Drivers/STM32U5xx_HAL_Driver/Src/stm32u5xx_hal_icache.o
                0x080052a8                HAL_ICACHE_ConfigAssociativityMode
 .text.HAL_ICACHE_Enable
                0x080052e8       0x20 ./Drivers/STM32U5xx_HAL_Driver/Src/stm32u5xx_hal_icache.o
                0x080052e8                HAL_ICACHE_Enable
 .text.HAL_PWREx_ControlVoltageScaling
                0x08005308       0xfc ./Drivers/STM32U5xx_HAL_Driver/Src/stm32u5xx_hal_pwr_ex.o
                0x08005308                HAL_PWREx_ControlVoltageScaling
 .text.HAL_PWREx_GetVoltageRange
                0x08005404       0x1c ./Drivers/STM32U5xx_HAL_Driver/Src/stm32u5xx_hal_pwr_ex.o
                0x08005404                HAL_PWREx_GetVoltageRange
 .text.HAL_PWREx_ConfigSupply
                0x08005420       0xa0 ./Drivers/STM32U5xx_HAL_Driver/Src/stm32u5xx_hal_pwr_ex.o
                0x08005420                HAL_PWREx_ConfigSupply
 .text.HAL_PWREx_EnableVddIO2
                0x080054c0       0x20 ./Drivers/STM32U5xx_HAL_Driver/Src/stm32u5xx_hal_pwr_ex.o
                0x080054c0                HAL_PWREx_EnableVddIO2
 .text.HAL_PWREx_DisableUCPDDeadBattery
                0x080054e0       0x20 ./Drivers/STM32U5xx_HAL_Driver/Src/stm32u5xx_hal_pwr_ex.o
                0x080054e0                HAL_PWREx_DisableUCPDDeadBattery
 .text.HAL_RCC_OscConfig
                0x08005500      0xdb8 ./Drivers/STM32U5xx_HAL_Driver/Src/stm32u5xx_hal_rcc.o
                0x08005500                HAL_RCC_OscConfig
 .text.HAL_RCC_ClockConfig
                0x080062b8      0x3e4 ./Drivers/STM32U5xx_HAL_Driver/Src/stm32u5xx_hal_rcc.o
                0x080062b8                HAL_RCC_ClockConfig
 .text.HAL_RCC_GetSysClockFreq
                0x0800669c      0x204 ./Drivers/STM32U5xx_HAL_Driver/Src/stm32u5xx_hal_rcc.o
                0x0800669c                HAL_RCC_GetSysClockFreq
 .text.HAL_RCC_GetHCLKFreq
                0x080068a0       0x34 ./Drivers/STM32U5xx_HAL_Driver/Src/stm32u5xx_hal_rcc.o
                0x080068a0                HAL_RCC_GetHCLKFreq
 .text.HAL_RCC_GetPCLK1Freq
                0x080068d4       0x28 ./Drivers/STM32U5xx_HAL_Driver/Src/stm32u5xx_hal_rcc.o
                0x080068d4                HAL_RCC_GetPCLK1Freq
 .text.HAL_RCC_GetPCLK2Freq
                0x080068fc       0x28 ./Drivers/STM32U5xx_HAL_Driver/Src/stm32u5xx_hal_rcc.o
                0x080068fc                HAL_RCC_GetPCLK2Freq
 .text.HAL_RCC_GetPCLK3Freq
                0x08006924       0x28 ./Drivers/STM32U5xx_HAL_Driver/Src/stm32u5xx_hal_rcc.o
                0x08006924                HAL_RCC_GetPCLK3Freq
 .text.HAL_RCC_GetClockConfig
                0x0800694c       0x70 ./Drivers/STM32U5xx_HAL_Driver/Src/stm32u5xx_hal_rcc.o
                0x0800694c                HAL_RCC_GetClockConfig
 .text.RCC_SetFlashLatencyFromMSIRange
                0x080069bc      0x10c ./Drivers/STM32U5xx_HAL_Driver/Src/stm32u5xx_hal_rcc.o
 .text.HAL_RCCEx_PeriphCLKConfig
                0x08006ac8      0xb48 ./Drivers/STM32U5xx_HAL_Driver/Src/stm32u5xx_hal_rcc_ex.o
                0x08006ac8                HAL_RCCEx_PeriphCLKConfig
 .text.HAL_RCCEx_GetPLL1ClockFreq
                0x08007610      0x2b4 ./Drivers/STM32U5xx_HAL_Driver/Src/stm32u5xx_hal_rcc_ex.o
                0x08007610                HAL_RCCEx_GetPLL1ClockFreq
 .text.HAL_RCCEx_GetPLL2ClockFreq
                0x080078c4      0x2b4 ./Drivers/STM32U5xx_HAL_Driver/Src/stm32u5xx_hal_rcc_ex.o
                0x080078c4                HAL_RCCEx_GetPLL2ClockFreq
 .text.HAL_RCCEx_GetPLL3ClockFreq
                0x08007b78      0x2b4 ./Drivers/STM32U5xx_HAL_Driver/Src/stm32u5xx_hal_rcc_ex.o
                0x08007b78                HAL_RCCEx_GetPLL3ClockFreq
 .text.HAL_RCCEx_GetPeriphCLKFreq
                0x08007e2c     0x136c ./Drivers/STM32U5xx_HAL_Driver/Src/stm32u5xx_hal_rcc_ex.o
                0x08007e2c                HAL_RCCEx_GetPeriphCLKFreq
 .text.RCCEx_PLL2_Config
                0x08009198      0x130 ./Drivers/STM32U5xx_HAL_Driver/Src/stm32u5xx_hal_rcc_ex.o
 .text.RCCEx_PLL3_Config
                0x080092c8      0x130 ./Drivers/STM32U5xx_HAL_Driver/Src/stm32u5xx_hal_rcc_ex.o
 .text.HAL_TIM_Base_Init
                0x080093f8       0xae ./Drivers/STM32U5xx_HAL_Driver/Src/stm32u5xx_hal_tim.o
                0x080093f8                HAL_TIM_Base_Init
 .text.HAL_TIM_Base_MspInit
                0x080094a6       0x14 ./Drivers/STM32U5xx_HAL_Driver/Src/stm32u5xx_hal_tim.o
                0x080094a6                HAL_TIM_Base_MspInit
 *fill*         0x080094ba        0x2 
 .text.HAL_TIM_Base_Start_IT
                0x080094bc      0x140 ./Drivers/STM32U5xx_HAL_Driver/Src/stm32u5xx_hal_tim.o
                0x080094bc                HAL_TIM_Base_Start_IT
 .text.HAL_TIM_IRQHandler
                0x080095fc      0x29e ./Drivers/STM32U5xx_HAL_Driver/Src/stm32u5xx_hal_tim.o
                0x080095fc                HAL_TIM_IRQHandler
 .text.HAL_TIM_OC_DelayElapsedCallback
                0x0800989a       0x14 ./Drivers/STM32U5xx_HAL_Driver/Src/stm32u5xx_hal_tim.o
                0x0800989a                HAL_TIM_OC_DelayElapsedCallback
 .text.HAL_TIM_IC_CaptureCallback
                0x080098ae       0x14 ./Drivers/STM32U5xx_HAL_Driver/Src/stm32u5xx_hal_tim.o
                0x080098ae                HAL_TIM_IC_CaptureCallback
 .text.HAL_TIM_PWM_PulseFinishedCallback
                0x080098c2       0x14 ./Drivers/STM32U5xx_HAL_Driver/Src/stm32u5xx_hal_tim.o
                0x080098c2                HAL_TIM_PWM_PulseFinishedCallback
 .text.HAL_TIM_TriggerCallback
                0x080098d6       0x14 ./Drivers/STM32U5xx_HAL_Driver/Src/stm32u5xx_hal_tim.o
                0x080098d6                HAL_TIM_TriggerCallback
 *fill*         0x080098ea        0x2 
 .text.TIM_Base_SetConfig
                0x080098ec      0x200 ./Drivers/STM32U5xx_HAL_Driver/Src/stm32u5xx_hal_tim.o
                0x080098ec                TIM_Base_SetConfig
 .text.HAL_TIMEx_CommutCallback
                0x08009aec       0x14 ./Drivers/STM32U5xx_HAL_Driver/Src/stm32u5xx_hal_tim_ex.o
                0x08009aec                HAL_TIMEx_CommutCallback
 .text.HAL_TIMEx_BreakCallback
                0x08009b00       0x14 ./Drivers/STM32U5xx_HAL_Driver/Src/stm32u5xx_hal_tim_ex.o
                0x08009b00                HAL_TIMEx_BreakCallback
 .text.HAL_TIMEx_Break2Callback
                0x08009b14       0x14 ./Drivers/STM32U5xx_HAL_Driver/Src/stm32u5xx_hal_tim_ex.o
                0x08009b14                HAL_TIMEx_Break2Callback
 .text.HAL_TIMEx_EncoderIndexCallback
                0x08009b28       0x14 ./Drivers/STM32U5xx_HAL_Driver/Src/stm32u5xx_hal_tim_ex.o
                0x08009b28                HAL_TIMEx_EncoderIndexCallback
 .text.HAL_TIMEx_DirectionChangeCallback
                0x08009b3c       0x14 ./Drivers/STM32U5xx_HAL_Driver/Src/stm32u5xx_hal_tim_ex.o
                0x08009b3c                HAL_TIMEx_DirectionChangeCallback
 .text.HAL_TIMEx_IndexErrorCallback
                0x08009b50       0x14 ./Drivers/STM32U5xx_HAL_Driver/Src/stm32u5xx_hal_tim_ex.o
                0x08009b50                HAL_TIMEx_IndexErrorCallback
 .text.HAL_TIMEx_TransitionErrorCallback
                0x08009b64       0x14 ./Drivers/STM32U5xx_HAL_Driver/Src/stm32u5xx_hal_tim_ex.o
                0x08009b64                HAL_TIMEx_TransitionErrorCallback
 .text.HAL_UART_Init
                0x08009b78       0xa0 ./Drivers/STM32U5xx_HAL_Driver/Src/stm32u5xx_hal_uart.o
                0x08009b78                HAL_UART_Init
 .text.HAL_UART_Transmit
                0x08009c18      0x13c ./Drivers/STM32U5xx_HAL_Driver/Src/stm32u5xx_hal_uart.o
                0x08009c18                HAL_UART_Transmit
 .text.HAL_UART_Receive_DMA
                0x08009d54       0xa4 ./Drivers/STM32U5xx_HAL_Driver/Src/stm32u5xx_hal_uart.o
                0x08009d54                HAL_UART_Receive_DMA
 .text.HAL_UART_IRQHandler
                0x08009df8      0x5b0 ./Drivers/STM32U5xx_HAL_Driver/Src/stm32u5xx_hal_uart.o
                0x08009df8                HAL_UART_IRQHandler
 .text.HAL_UART_TxCpltCallback
                0x0800a3a8       0x14 ./Drivers/STM32U5xx_HAL_Driver/Src/stm32u5xx_hal_uart.o
                0x0800a3a8                HAL_UART_TxCpltCallback
 .text.HAL_UART_RxCpltCallback
                0x0800a3bc       0x14 ./Drivers/STM32U5xx_HAL_Driver/Src/stm32u5xx_hal_uart.o
                0x0800a3bc                HAL_UART_RxCpltCallback
 .text.HAL_UART_RxHalfCpltCallback
                0x0800a3d0       0x14 ./Drivers/STM32U5xx_HAL_Driver/Src/stm32u5xx_hal_uart.o
                0x0800a3d0                HAL_UART_RxHalfCpltCallback
 .text.HAL_UART_ErrorCallback
                0x0800a3e4       0x14 ./Drivers/STM32U5xx_HAL_Driver/Src/stm32u5xx_hal_uart.o
                0x0800a3e4                HAL_UART_ErrorCallback
 .text.HAL_UARTEx_RxEventCallback
                0x0800a3f8       0x18 ./Drivers/STM32U5xx_HAL_Driver/Src/stm32u5xx_hal_uart.o
                0x0800a3f8                HAL_UARTEx_RxEventCallback
 .text.UART_SetConfig
                0x0800a410      0x344 ./Drivers/STM32U5xx_HAL_Driver/Src/stm32u5xx_hal_uart.o
                0x0800a410                UART_SetConfig
 .text.UART_AdvFeatureConfig
                0x0800a754      0x144 ./Drivers/STM32U5xx_HAL_Driver/Src/stm32u5xx_hal_uart.o
                0x0800a754                UART_AdvFeatureConfig
 .text.UART_CheckIdleState
                0x0800a898      0x154 ./Drivers/STM32U5xx_HAL_Driver/Src/stm32u5xx_hal_uart.o
                0x0800a898                UART_CheckIdleState
 .text.UART_WaitOnFlagUntilTimeout
                0x0800a9ec       0xda ./Drivers/STM32U5xx_HAL_Driver/Src/stm32u5xx_hal_uart.o
                0x0800a9ec                UART_WaitOnFlagUntilTimeout
 *fill*         0x0800aac6        0x2 
 .text.UART_Start_Receive_DMA
                0x0800aac8      0x1f0 ./Drivers/STM32U5xx_HAL_Driver/Src/stm32u5xx_hal_uart.o
                0x0800aac8                UART_Start_Receive_DMA
 .text.UART_EndTxTransfer
                0x0800acb8       0x82 ./Drivers/STM32U5xx_HAL_Driver/Src/stm32u5xx_hal_uart.o
 .text.UART_EndRxTransfer
                0x0800ad3a       0xcc ./Drivers/STM32U5xx_HAL_Driver/Src/stm32u5xx_hal_uart.o
 .text.UART_DMAReceiveCplt
                0x0800ae06      0x128 ./Drivers/STM32U5xx_HAL_Driver/Src/stm32u5xx_hal_uart.o
 .text.UART_DMARxHalfCplt
                0x0800af2e       0x72 ./Drivers/STM32U5xx_HAL_Driver/Src/stm32u5xx_hal_uart.o
 .text.UART_DMAError
                0x0800afa0       0x80 ./Drivers/STM32U5xx_HAL_Driver/Src/stm32u5xx_hal_uart.o
 .text.UART_DMAAbortOnError
                0x0800b020       0x24 ./Drivers/STM32U5xx_HAL_Driver/Src/stm32u5xx_hal_uart.o
 .text.UART_EndTransmit_IT
                0x0800b044       0x56 ./Drivers/STM32U5xx_HAL_Driver/Src/stm32u5xx_hal_uart.o
 .text.HAL_UARTEx_RxFifoFullCallback
                0x0800b09a       0x14 ./Drivers/STM32U5xx_HAL_Driver/Src/stm32u5xx_hal_uart_ex.o
                0x0800b09a                HAL_UARTEx_RxFifoFullCallback
 .text.HAL_UARTEx_TxFifoEmptyCallback
                0x0800b0ae       0x14 ./Drivers/STM32U5xx_HAL_Driver/Src/stm32u5xx_hal_uart_ex.o
                0x0800b0ae                HAL_UARTEx_TxFifoEmptyCallback
 .text.HAL_UARTEx_DisableFifoMode
                0x0800b0c2       0x72 ./Drivers/STM32U5xx_HAL_Driver/Src/stm32u5xx_hal_uart_ex.o
                0x0800b0c2                HAL_UARTEx_DisableFifoMode
 .text.HAL_UARTEx_SetTxFifoThreshold
                0x0800b134       0x7c ./Drivers/STM32U5xx_HAL_Driver/Src/stm32u5xx_hal_uart_ex.o
                0x0800b134                HAL_UARTEx_SetTxFifoThreshold
 .text.HAL_UARTEx_SetRxFifoThreshold
                0x0800b1b0       0x7c ./Drivers/STM32U5xx_HAL_Driver/Src/stm32u5xx_hal_uart_ex.o
                0x0800b1b0                HAL_UARTEx_SetRxFifoThreshold
 .text.UARTEx_SetNbDataToProcess
                0x0800b22c       0x9c ./Drivers/STM32U5xx_HAL_Driver/Src/stm32u5xx_hal_uart_ex.o
 .text.network_configure_activations
                0x0800b2c8      0x1e4 ./X-CUBE-AI/App/network.o
 .text.network_configure_weights
                0x0800b4ac      0x238 ./X-CUBE-AI/App/network.o
 .text.ai_network_get_error
                0x0800b6e4       0x18 ./X-CUBE-AI/App/network.o
                0x0800b6e4                ai_network_get_error
 .text.ai_network_create
                0x0800b6fc       0x2c ./X-CUBE-AI/App/network.o
                0x0800b6fc                ai_network_create
 .text.ai_network_create_and_init
                0x0800b728       0xfc ./X-CUBE-AI/App/network.o
                0x0800b728                ai_network_create_and_init
 .text.ai_network_init
                0x0800b824       0x78 ./X-CUBE-AI/App/network.o
                0x0800b824                ai_network_init
 .text.ai_network_run
                0x0800b89c       0x20 ./X-CUBE-AI/App/network.o
                0x0800b89c                ai_network_run
 .text.ai_network_data_weights_get
                0x0800b8bc       0x14 ./X-CUBE-AI/App/network_data.o
                0x0800b8bc                ai_network_data_weights_get
 .text.ai_network_data_params_get
                0x0800b8d0       0x50 ./X-CUBE-AI/App/network_data.o
                0x0800b8d0                ai_network_data_params_get
 .text.ai_buffer_get_size
                0x0800b920       0x64 ../Middlewares/ST/AI/Lib\NetworkRuntime1020_CM33_GCC.a(ai_platform.o)
                0x0800b920                ai_buffer_get_size
 .text.ai_buffer_array_sane
                0x0800b984       0x14 ../Middlewares/ST/AI/Lib\NetworkRuntime1020_CM33_GCC.a(ai_platform.o)
                0x0800b984                ai_buffer_array_sane
 .text.ai_buffer_array_item_set_address
                0x0800b998       0x1c ../Middlewares/ST/AI/Lib\NetworkRuntime1020_CM33_GCC.a(ai_platform.o)
                0x0800b998                ai_buffer_array_item_set_address
 .text.ai_platform_get_weights_map
                0x0800b9b4       0xa0 ../Middlewares/ST/AI/Lib\NetworkRuntime1020_CM33_GCC.a(ai_platform_interface.o)
                0x0800b9b4                ai_platform_get_weights_map
 .text.ai_platform_get_activations_map
                0x0800ba54       0xa4 ../Middlewares/ST/AI/Lib\NetworkRuntime1020_CM33_GCC.a(ai_platform_interface.o)
                0x0800ba54                ai_platform_get_activations_map
 .text.ai_platform_bind_network_params
                0x0800baf8       0x44 ../Middlewares/ST/AI/Lib\NetworkRuntime1020_CM33_GCC.a(ai_platform_interface.o)
                0x0800baf8                ai_platform_bind_network_params
 .text.ai_platform_network_get_error
                0x0800bb3c       0x18 ../Middlewares/ST/AI/Lib\NetworkRuntime1020_CM33_GCC.a(ai_platform_interface.o)
                0x0800bb3c                ai_platform_network_get_error
 .text.ai_platform_network_set_error
                0x0800bb54        0xc ../Middlewares/ST/AI/Lib\NetworkRuntime1020_CM33_GCC.a(ai_platform_interface.o)
                0x0800bb54                ai_platform_network_set_error
 .text.ai_platform_network_create
                0x0800bb60       0x84 ../Middlewares/ST/AI/Lib\NetworkRuntime1020_CM33_GCC.a(ai_platform_interface.o)
                0x0800bb60                ai_platform_network_create
 .text.ai_platform_network_init
                0x0800bbe4      0x130 ../Middlewares/ST/AI/Lib\NetworkRuntime1020_CM33_GCC.a(ai_platform_interface.o)
                0x0800bbe4                ai_platform_network_init
 .text.ai_platform_network_post_init
                0x0800bd14       0x58 ../Middlewares/ST/AI/Lib\NetworkRuntime1020_CM33_GCC.a(ai_platform_interface.o)
                0x0800bd14                ai_platform_network_post_init
 .text.ai_platform_network_process
                0x0800bd6c      0x438 ../Middlewares/ST/AI/Lib\NetworkRuntime1020_CM33_GCC.a(ai_platform_interface.o)
                0x0800bd6c                ai_platform_network_process
 .text.core_init
                0x0800c1a4        0x4 ../Middlewares/ST/AI/Lib\NetworkRuntime1020_CM33_GCC.a(core_common.o)
                0x0800c1a4                core_init
 .text.core_get_error
                0x0800c1a8        0xc ../Middlewares/ST/AI/Lib\NetworkRuntime1020_CM33_GCC.a(core_common.o)
                0x0800c1a8                core_get_error
 .text.core_set_error
                0x0800c1b4       0x18 ../Middlewares/ST/AI/Lib\NetworkRuntime1020_CM33_GCC.a(core_common.o)
                0x0800c1b4                core_set_error
 .text.ai_check_custom_types
                0x0800c1cc       0x50 ../Middlewares/ST/AI/Lib\NetworkRuntime1020_CM33_GCC.a(layers.o)
                0x0800c1cc                ai_check_custom_types
 .text.ai_layers_init_all
                0x0800c21c       0x20 ../Middlewares/ST/AI/Lib\NetworkRuntime1020_CM33_GCC.a(layers.o)
                0x0800c21c                ai_layers_init_all
 .text.ai_layers_post_init_all
                0x0800c23c       0x38 ../Middlewares/ST/AI/Lib\NetworkRuntime1020_CM33_GCC.a(layers.o)
                0x0800c23c                ai_layers_post_init_all
 .text.ai_layers_forward_all
                0x0800c274       0x94 ../Middlewares/ST/AI/Lib\NetworkRuntime1020_CM33_GCC.a(layers.o)
                0x0800c274                ai_layers_forward_all
 .text.forward_conv2d_deep_sssa8_ch
                0x0800c308      0x1b0 ../Middlewares/ST/AI/Lib\NetworkRuntime1020_CM33_GCC.a(layers_conv2d_sssa8_ch.o)
                0x0800c308                forward_conv2d_deep_sssa8_ch
 .text.forward_conv2d_sssa8_ch
                0x0800c4b8      0x1c8 ../Middlewares/ST/AI/Lib\NetworkRuntime1020_CM33_GCC.a(layers_conv2d_sssa8_ch.o)
                0x0800c4b8                forward_conv2d_sssa8_ch
 .text.forward_dense_integer_SSSA
                0x0800c680      0x1e8 ../Middlewares/ST/AI/Lib\NetworkRuntime1020_CM33_GCC.a(layers_conv2d_stm32_integer.o)
                0x0800c680                forward_dense_integer_SSSA
 .text.forward_dense_integer_SSSA_ch
                0x0800c868      0x1e4 ../Middlewares/ST/AI/Lib\NetworkRuntime1020_CM33_GCC.a(layers_conv2d_stm32_integer.o)
                0x0800c868                forward_dense_integer_SSSA_ch
 .text.forward_pad
                0x0800ca4c       0x20 ../Middlewares/ST/AI/Lib\NetworkRuntime1020_CM33_GCC.a(layers_generic_float.o)
                0x0800ca4c                forward_pad
 .text.forward_nl_integer
                0x0800ca6c       0xa0 ../Middlewares/ST/AI/Lib\NetworkRuntime1020_CM33_GCC.a(layers_nl_stm32_integer.o)
                0x0800ca6c                forward_nl_integer
 .text.forward_pad_8bit_ch1st_3x3_constant
                0x0800cb0c       0x94 ../Middlewares/ST/AI/Lib\NetworkRuntime1020_CM33_GCC.a(layers_pad_generic.o)
                0x0800cb0c                forward_pad_8bit_ch1st_3x3_constant
 .text.forward_pad_constant
                0x0800cba0       0x8c ../Middlewares/ST/AI/Lib\NetworkRuntime1020_CM33_GCC.a(layers_pad_generic.o)
                0x0800cba0                forward_pad_constant
 .text.forward_pad_edge
                0x0800cc2c       0x80 ../Middlewares/ST/AI/Lib\NetworkRuntime1020_CM33_GCC.a(layers_pad_generic.o)
                0x0800cc2c                forward_pad_edge
 .text.forward_pad_reflect
                0x0800ccac       0xb0 ../Middlewares/ST/AI/Lib\NetworkRuntime1020_CM33_GCC.a(layers_pad_generic.o)
                0x0800ccac                forward_pad_reflect
 .text.forward_ap_integer_INT8
                0x0800cd5c      0x1bc ../Middlewares/ST/AI/Lib\NetworkRuntime1020_CM33_GCC.a(layers_pool_stm32_integer.o)
                0x0800cd5c                forward_ap_integer_INT8
 .text.forward_lite_dense_is8os8ws8_ch
                0x0800cf18       0x80 ../Middlewares/ST/AI/Lib\NetworkRuntime1020_CM33_GCC.a(forward_lite_dense_is8os8ws8_ch.o)
                0x0800cf18                forward_lite_dense_is8os8ws8_ch
 .text.forward_lite_dense_is8os8ws8
                0x0800cf98       0x84 ../Middlewares/ST/AI/Lib\NetworkRuntime1020_CM33_GCC.a(forward_lite_dense_is8os8ws8.o)
                0x0800cf98                forward_lite_dense_is8os8ws8
 .text.forward_lite_avepool_is8os8
                0x0800d01c       0x4c ../Middlewares/ST/AI/Lib\NetworkRuntime1020_CM33_GCC.a(forward_lite_avepool_is8os8.o)
                0x0800d01c                forward_lite_avepool_is8os8
 .text.forward_lite_conv2d_deep_sssa8_ch
                0x0800d068      0x1c0 ../Middlewares/ST/AI/Lib\NetworkRuntime1020_CM33_GCC.a(forward_lite_conv2d_sssa8_ch.o)
                0x0800d068                forward_lite_conv2d_deep_sssa8_ch
 .text.forward_lite_conv2d_sssa8_ch
                0x0800d228      0xa78 ../Middlewares/ST/AI/Lib\NetworkRuntime1020_CM33_GCC.a(forward_lite_conv2d_sssa8_ch.o)
                0x0800d228                forward_lite_conv2d_sssa8_ch
 .text.forward_lite_pad_8bit_ch1st_3x3_constant_P0022
                0x0800dca0       0x60 ../Middlewares/ST/AI/Lib\NetworkRuntime1020_CM33_GCC.a(forward_lite_pad_generic.o)
                0x0800dca0                forward_lite_pad_8bit_ch1st_3x3_constant_P0022
 .text.forward_lite_pad_8bit_ch1st_3x3_constant_P1111
                0x0800dd00      0x17c ../Middlewares/ST/AI/Lib\NetworkRuntime1020_CM33_GCC.a(forward_lite_pad_generic.o)
                0x0800dd00                forward_lite_pad_8bit_ch1st_3x3_constant_P1111
 .text.forward_lite_pad_constant
                0x0800de7c      0x140 ../Middlewares/ST/AI/Lib\NetworkRuntime1020_CM33_GCC.a(forward_lite_pad_generic.o)
                0x0800de7c                forward_lite_pad_constant
 .text.forward_lite_pad_edge
                0x0800dfbc       0xe4 ../Middlewares/ST/AI/Lib\NetworkRuntime1020_CM33_GCC.a(forward_lite_pad_generic.o)
                0x0800dfbc                forward_lite_pad_edge
 .text.forward_lite_pad_reflect
                0x0800e0a0      0x150 ../Middlewares/ST/AI/Lib\NetworkRuntime1020_CM33_GCC.a(forward_lite_pad_generic.o)
                0x0800e0a0                forward_lite_pad_reflect
 .text.align_factor
                0x0800e1f0       0xac ../Middlewares/ST/AI/Lib\NetworkRuntime1020_CM33_GCC.a(st_align_factor.o)
                0x0800e1f0                align_factor
 .text.align_factor_ch
                0x0800e29c       0x60 ../Middlewares/ST/AI/Lib\NetworkRuntime1020_CM33_GCC.a(st_align_factor.o)
                0x0800e29c                align_factor_ch
 .text.st_int8_to16_no_shift
                0x0800e2fc       0xc4 ../Middlewares/ST/AI/Lib\NetworkRuntime1020_CM33_GCC.a(st_int8_to16_no_shift.o)
                0x0800e2fc                st_int8_to16_no_shift
 .text.st_int8_to16_no_shift_interleaved
                0x0800e3c0       0x88 ../Middlewares/ST/AI/Lib\NetworkRuntime1020_CM33_GCC.a(st_int8_to16_no_shift.o)
                0x0800e3c0                st_int8_to16_no_shift_interleaved
 .text.st_int8_to16_dual
                0x0800e448      0x1d8 ../Middlewares/ST/AI/Lib\NetworkRuntime1020_CM33_GCC.a(st_int8_to16_no_shift.o)
                0x0800e448                st_int8_to16_dual
 .text.st_int8_to16_dual_interleaved
                0x0800e620      0x178 ../Middlewares/ST/AI/Lib\NetworkRuntime1020_CM33_GCC.a(st_int8_to16_no_shift.o)
                0x0800e620                st_int8_to16_dual_interleaved
 .text.ai_padding_opt_init
                0x0800e798       0xb0 ../Middlewares/ST/AI/Lib\NetworkRuntime1020_CM33_GCC.a(st_padding_opt.o)
                0x0800e798                ai_padding_opt_init
 .text.ai_padding_opt_phase1
                0x0800e848       0x34 ../Middlewares/ST/AI/Lib\NetworkRuntime1020_CM33_GCC.a(st_padding_opt.o)
                0x0800e848                ai_padding_opt_phase1
 .text.st_int8_avepool
                0x0800e87c      0x204 ../Middlewares/ST/AI/Lib\NetworkRuntime1020_CM33_GCC.a(st_int8_pool.o)
                0x0800e87c                st_int8_avepool
 .text.st_int16_fill
                0x0800ea80       0x40 ../Middlewares/ST/AI/Lib\NetworkRuntime1020_CM33_GCC.a(st_int16_fill.o)
                0x0800ea80                st_int16_fill
 .text.st_sssa8_ch_convolve_rank1upd
                0x0800eac0      0x144 ../Middlewares/ST/AI/Lib\NetworkRuntime1020_CM33_GCC.a(st_sssa8_ch_convolve.o)
                0x0800eac0                st_sssa8_ch_convolve_rank1upd
 .text.st_sssa8_ch_fully_connected
                0x0800ec04      0x510 ../Middlewares/ST/AI/Lib\NetworkRuntime1020_CM33_GCC.a(st_sssa8_ch_dense.o)
                0x0800ec04                st_sssa8_ch_fully_connected
 .text.st_sssa8_fully_connected
                0x0800f114      0x364 ../Middlewares/ST/AI/Lib\NetworkRuntime1020_CM33_GCC.a(st_sssa8_dense.o)
                0x0800f114                st_sssa8_fully_connected
 .text.st_int8_copy
                0x0800f478      0x13c ../Middlewares/ST/AI/Lib\NetworkRuntime1020_CM33_GCC.a(st_int8_fill.o)
                0x0800f478                st_int8_copy
 .text.st_int8_fill
                0x0800f5b4       0x80 ../Middlewares/ST/AI/Lib\NetworkRuntime1020_CM33_GCC.a(st_int8_fill.o)
                0x0800f5b4                st_int8_fill
 .text.st_int8_reordered_no_shift_zero
                0x0800f634       0x68 ../Middlewares/ST/AI/Lib\NetworkRuntime1020_CM33_GCC.a(st_int8_reordered_no_shift.o)
                0x0800f634                st_int8_reordered_no_shift_zero
 .text.st_sssa8_ch_nn_mat_mult_conv2d_nt_t
                0x0800f69c      0xc5c ../Middlewares/ST/AI/Lib\NetworkRuntime1020_CM33_GCC.a(st_sssa8_ch_nn_mat_mult_conv2d_nt_t.o)
                0x0800f69c                st_sssa8_ch_nn_mat_mult_conv2d_nt_t
 .text.st_sssa8_ch_nn_mat_mult_kernel_single_opt
                0x080102f8      0x338 ../Middlewares/ST/AI/Lib\NetworkRuntime1020_CM33_GCC.a(st_sssa8_ch_nn_mat_mult_kernel_single_opt.o)
                0x080102f8                st_sssa8_ch_nn_mat_mult_kernel_single_opt
 .text.st_sssa8_ch_1_output_mgt
                0x08010630       0x64 ../Middlewares/ST/AI/Lib\NetworkRuntime1020_CM33_GCC.a(st_sssa8_ch_nn_mat_mult_nt_t.o)
                0x08010630                st_sssa8_ch_1_output_mgt
 .text.st_sssa8_ch_2_output_mgt
                0x08010694       0xb4 ../Middlewares/ST/AI/Lib\NetworkRuntime1020_CM33_GCC.a(st_sssa8_ch_nn_mat_mult_nt_t.o)
                0x08010694                st_sssa8_ch_2_output_mgt
 .text.weights_offset_contribution_calc
                0x08010748       0xb8 ../Middlewares/ST/AI/Lib\NetworkRuntime1020_CM33_GCC.a(st_sssa8_ch_nn_mat_mult_nt_t.o)
                0x08010748                weights_offset_contribution_calc
 .text.weights_2channels_prefetch
                0x08010800      0x200 ../Middlewares/ST/AI/Lib\NetworkRuntime1020_CM33_GCC.a(st_sssa8_ch_nn_mat_mult_nt_t.o)
                0x08010800                weights_2channels_prefetch
 .text.st_sssa8_ch_fullW_prefetch
                0x08010a00       0x78 ../Middlewares/ST/AI/Lib\NetworkRuntime1020_CM33_GCC.a(st_sssa8_ch_nn_mat_mult_nt_t.o)
                0x08010a00                st_sssa8_ch_fullW_prefetch
 *fill*         0x08010a78        0x8 
 .text.st_sssa8_dense_memopt_loop
                0x08010a80      0x794 ../Middlewares/ST/AI/Lib\NetworkRuntime1020_CM33_GCC.a(st_sssa8_dense_loop.o)
                0x08010a80                st_sssa8_dense_loop
                0x08010e30                st_sssa8_dense_memopt_loop
 .text.st_sssa8_ch_nn_mat_mult_kernel_opt
                0x08011214      0x33c ../Middlewares/ST/AI/Lib\NetworkRuntime1020_CM33_GCC.a(st_sssa8_ch_nn_mat_mult_kernel_opt.o)
                0x08011214                st_sssa8_ch_nn_mat_mult_kernel_opt
 .text.ai_array_to_buffer_fmt
                0x08011550       0xe0 ../Middlewares/ST/AI/Lib\NetworkRuntime1020_CM33_GCC.a(ai_datatypes_format.o)
                0x08011550                ai_array_to_buffer_fmt
 .text.ai_array_get_byte_size
                0x08011630       0x40 ../Middlewares/ST/AI/Lib\NetworkRuntime1020_CM33_GCC.a(ai_datatypes_format.o)
                0x08011630                ai_array_get_byte_size
 .text.ai_array_get_data_byte_size
                0x08011670       0x20 ../Middlewares/ST/AI/Lib\NetworkRuntime1020_CM33_GCC.a(ai_datatypes_format.o)
                0x08011670                ai_array_get_data_byte_size
 .text.ai_version_get
                0x08011690        0xc ../Middlewares/ST/AI/Lib\NetworkRuntime1020_CM33_GCC.a(ai_datatypes_internal.o)
                0x08011690                ai_version_get
 .text.get_tensor_byte_size
                0x0801169c       0x30 ../Middlewares/ST/AI/Lib\NetworkRuntime1020_CM33_GCC.a(ai_datatypes_internal.o)
                0x0801169c                get_tensor_byte_size
 .text.malloc   0x080116cc       0x10 D:/STM32CubeIDE_2.0.0/STM32CubeIDE/plugins/com.st.stm32cube.ide.mcu.externaltools.gnu-tools-for-stm32.13.3.rel1.win32_1.0.100.202509120712/tools/bin/../lib/gcc/arm-none-eabi/13.3.1/../../../../arm-none-eabi/lib/thumb/v8-m.main+fp/hard\libc_nano.a(libc_a-malloc.o)
                0x080116cc                malloc
 .text.free     0x080116dc       0x10 D:/STM32CubeIDE_2.0.0/STM32CubeIDE/plugins/com.st.stm32cube.ide.mcu.externaltools.gnu-tools-for-stm32.13.3.rel1.win32_1.0.100.202509120712/tools/bin/../lib/gcc/arm-none-eabi/13.3.1/../../../../arm-none-eabi/lib/thumb/v8-m.main+fp/hard\libc_nano.a(libc_a-malloc.o)
                0x080116dc                free
 .text.sbrk_aligned
                0x080116ec       0x44 D:/STM32CubeIDE_2.0.0/STM32CubeIDE/plugins/com.st.stm32cube.ide.mcu.externaltools.gnu-tools-for-stm32.13.3.rel1.win32_1.0.100.202509120712/tools/bin/../lib/gcc/arm-none-eabi/13.3.1/../../../../arm-none-eabi/lib/thumb/v8-m.main+fp/hard\libc_nano.a(libc_a-mallocr.o)
 .text._malloc_r
                0x08011730      0x100 D:/STM32CubeIDE_2.0.0/STM32CubeIDE/plugins/com.st.stm32cube.ide.mcu.externaltools.gnu-tools-for-stm32.13.3.rel1.win32_1.0.100.202509120712/tools/bin/../lib/gcc/arm-none-eabi/13.3.1/../../../../arm-none-eabi/lib/thumb/v8-m.main+fp/hard\libc_nano.a(libc_a-mallocr.o)
                0x08011730                _malloc_r
 .text.__malloc_lock
                0x08011830        0xc D:/STM32CubeIDE_2.0.0/STM32CubeIDE/plugins/com.st.stm32cube.ide.mcu.externaltools.gnu-tools-for-stm32.13.3.rel1.win32_1.0.100.202509120712/tools/bin/../lib/gcc/arm-none-eabi/13.3.1/../../../../arm-none-eabi/lib/thumb/v8-m.main+fp/hard\libc_nano.a(libc_a-mlock.o)
                0x08011830                __malloc_lock
 .text.__malloc_unlock
                0x0801183c        0xc D:/STM32CubeIDE_2.0.0/STM32CubeIDE/plugins/com.st.stm32cube.ide.mcu.externaltools.gnu-tools-for-stm32.13.3.rel1.win32_1.0.100.202509120712/tools/bin/../lib/gcc/arm-none-eabi/13.3.1/../../../../arm-none-eabi/lib/thumb/v8-m.main+fp/hard\libc_nano.a(libc_a-mlock.o)
                0x0801183c                __malloc_unlock
 .text._realloc_r
                0x08011848       0x5c D:/STM32CubeIDE_2.0.0/STM32CubeIDE/plugins/com.st.stm32cube.ide.mcu.externaltools.gnu-tools-for-stm32.13.3.rel1.win32_1.0.100.202509120712/tools/bin/../lib/gcc/arm-none-eabi/13.3.1/../../../../arm-none-eabi/lib/thumb/v8-m.main+fp/hard\libc_nano.a(libc_a-reallocr.o)
                0x08011848                _realloc_r
 .text.snprintf
                0x080118a4       0x6c D:/STM32CubeIDE_2.0.0/STM32CubeIDE/plugins/com.st.stm32cube.ide.mcu.externaltools.gnu-tools-for-stm32.13.3.rel1.win32_1.0.100.202509120712/tools/bin/../lib/gcc/arm-none-eabi/13.3.1/../../../../arm-none-eabi/lib/thumb/v8-m.main+fp/hard\libc_nano.a(libc_a-snprintf.o)
                0x080118a4                sniprintf
                0x080118a4                snprintf
 .text.memmove  0x08011910       0x34 D:/STM32CubeIDE_2.0.0/STM32CubeIDE/plugins/com.st.stm32cube.ide.mcu.externaltools.gnu-tools-for-stm32.13.3.rel1.win32_1.0.100.202509120712/tools/bin/../lib/gcc/arm-none-eabi/13.3.1/../../../../arm-none-eabi/lib/thumb/v8-m.main+fp/hard\libc_nano.a(libc_a-memmove.o)
                0x08011910                memmove
 .text.memset   0x08011944       0x10 D:/STM32CubeIDE_2.0.0/STM32CubeIDE/plugins/com.st.stm32cube.ide.mcu.externaltools.gnu-tools-for-stm32.13.3.rel1.win32_1.0.100.202509120712/tools/bin/../lib/gcc/arm-none-eabi/13.3.1/../../../../arm-none-eabi/lib/thumb/v8-m.main+fp/hard\libc_nano.a(libc_a-memset.o)
                0x08011944                memset
 .text._sbrk_r  0x08011954       0x20 D:/STM32CubeIDE_2.0.0/STM32CubeIDE/plugins/com.st.stm32cube.ide.mcu.externaltools.gnu-tools-for-stm32.13.3.rel1.win32_1.0.100.202509120712/tools/bin/../lib/gcc/arm-none-eabi/13.3.1/../../../../arm-none-eabi/lib/thumb/v8-m.main+fp/hard\libc_nano.a(libc_a-sbrkr.o)
                0x08011954                _sbrk_r
 .text.__errno  0x08011974        0xc D:/STM32CubeIDE_2.0.0/STM32CubeIDE/plugins/com.st.stm32cube.ide.mcu.externaltools.gnu-tools-for-stm32.13.3.rel1.win32_1.0.100.202509120712/tools/bin/../lib/gcc/arm-none-eabi/13.3.1/../../../../arm-none-eabi/lib/thumb/v8-m.main+fp/hard\libc_nano.a(libc_a-errno.o)
                0x08011974                __errno
 .text.__libc_init_array
                0x08011980       0x48 D:/STM32CubeIDE_2.0.0/STM32CubeIDE/plugins/com.st.stm32cube.ide.mcu.externaltools.gnu-tools-for-stm32.13.3.rel1.win32_1.0.100.202509120712/tools/bin/../lib/gcc/arm-none-eabi/13.3.1/../../../../arm-none-eabi/lib/thumb/v8-m.main+fp/hard\libc_nano.a(libc_a-init.o)
                0x08011980                __libc_init_array
 .text.__retarget_lock_acquire_recursive
                0x080119c8        0x2 D:/STM32CubeIDE_2.0.0/STM32CubeIDE/plugins/com.st.stm32cube.ide.mcu.externaltools.gnu-tools-for-stm32.13.3.rel1.win32_1.0.100.202509120712/tools/bin/../lib/gcc/arm-none-eabi/13.3.1/../../../../arm-none-eabi/lib/thumb/v8-m.main+fp/hard\libc_nano.a(libc_a-lock.o)
                0x080119c8                __retarget_lock_acquire_recursive
 .text.__retarget_lock_release_recursive
                0x080119ca        0x2 D:/STM32CubeIDE_2.0.0/STM32CubeIDE/plugins/com.st.stm32cube.ide.mcu.externaltools.gnu-tools-for-stm32.13.3.rel1.win32_1.0.100.202509120712/tools/bin/../lib/gcc/arm-none-eabi/13.3.1/../../../../arm-none-eabi/lib/thumb/v8-m.main+fp/hard\libc_nano.a(libc_a-lock.o)
                0x080119ca                __retarget_lock_release_recursive
 .text.memcpy   0x080119cc       0x1a D:/STM32CubeIDE_2.0.0/STM32CubeIDE/plugins/com.st.stm32cube.ide.mcu.externaltools.gnu-tools-for-stm32.13.3.rel1.win32_1.0.100.202509120712/tools/bin/../lib/gcc/arm-none-eabi/13.3.1/../../../../arm-none-eabi/lib/thumb/v8-m.main+fp/hard\libc_nano.a(libc_a-memcpy-stub.o)
                0x080119cc                memcpy
 *fill*         0x080119e6        0x2 
 .text._free_r  0x080119e8       0x94 D:/STM32CubeIDE_2.0.0/STM32CubeIDE/plugins/com.st.stm32cube.ide.mcu.externaltools.gnu-tools-for-stm32.13.3.rel1.win32_1.0.100.202509120712/tools/bin/../lib/gcc/arm-none-eabi/13.3.1/../../../../arm-none-eabi/lib/thumb/v8-m.main+fp/hard\libc_nano.a(libc_a-freer.o)
                0x080119e8                _free_r
 .text._malloc_usable_size_r
                0x08011a7c       0x10 D:/STM32CubeIDE_2.0.0/STM32CubeIDE/plugins/com.st.stm32cube.ide.mcu.externaltools.gnu-tools-for-stm32.13.3.rel1.win32_1.0.100.202509120712/tools/bin/../lib/gcc/arm-none-eabi/13.3.1/../../../../arm-none-eabi/lib/thumb/v8-m.main+fp/hard\libc_nano.a(libc_a-msizer.o)
                0x08011a7c                _malloc_usable_size_r
 .text.__ssputs_r
                0x08011a8c       0xb6 D:/STM32CubeIDE_2.0.0/STM32CubeIDE/plugins/com.st.stm32cube.ide.mcu.externaltools.gnu-tools-for-stm32.13.3.rel1.win32_1.0.100.202509120712/tools/bin/../lib/gcc/arm-none-eabi/13.3.1/../../../../arm-none-eabi/lib/thumb/v8-m.main+fp/hard\libc_nano.a(libc_a-nano-svfprintf.o)
                0x08011a8c                __ssputs_r
 *fill*         0x08011b42        0x2 
 .text._svfprintf_r
                0x08011b44      0x1f8 D:/STM32CubeIDE_2.0.0/STM32CubeIDE/plugins/com.st.stm32cube.ide.mcu.externaltools.gnu-tools-for-stm32.13.3.rel1.win32_1.0.100.202509120712/tools/bin/../lib/gcc/arm-none-eabi/13.3.1/../../../../arm-none-eabi/lib/thumb/v8-m.main+fp/hard\libc_nano.a(libc_a-nano-svfprintf.o)
                0x08011b44                _svfiprintf_r
                0x08011b44                _svfprintf_r
 .text._printf_common
                0x08011d3c       0xe4 D:/STM32CubeIDE_2.0.0/STM32CubeIDE/plugins/com.st.stm32cube.ide.mcu.externaltools.gnu-tools-for-stm32.13.3.rel1.win32_1.0.100.202509120712/tools/bin/../lib/gcc/arm-none-eabi/13.3.1/../../../../arm-none-eabi/lib/thumb/v8-m.main+fp/hard\libc_nano.a(libc_a-nano-vfprintf_i.o)
                0x08011d3c                _printf_common
 .text._printf_i
                0x08011e20      0x23c D:/STM32CubeIDE_2.0.0/STM32CubeIDE/plugins/com.st.stm32cube.ide.mcu.externaltools.gnu-tools-for-stm32.13.3.rel1.win32_1.0.100.202509120712/tools/bin/../lib/gcc/arm-none-eabi/13.3.1/../../../../arm-none-eabi/lib/thumb/v8-m.main+fp/hard\libc_nano.a(libc_a-nano-vfprintf_i.o)
                0x08011e20                _printf_i
 .text.memchr   0x0801205c       0x1c D:/STM32CubeIDE_2.0.0/STM32CubeIDE/plugins/com.st.stm32cube.ide.mcu.externaltools.gnu-tools-for-stm32.13.3.rel1.win32_1.0.100.202509120712/tools/bin/../lib/gcc/arm-none-eabi/13.3.1/../../../../arm-none-eabi/lib/thumb/v8-m.main+fp/hard\libc_nano.a(libc_a-memchr-stub.o)
                0x0801205c                memchr
 .text.sqrtf    0x08012078       0x3c D:/STM32CubeIDE_2.0.0/STM32CubeIDE/plugins/com.st.stm32cube.ide.mcu.externaltools.gnu-tools-for-stm32.13.3.rel1.win32_1.0.100.202509120712/tools/bin/../lib/gcc/arm-none-eabi/13.3.1/../../../../arm-none-eabi/lib/thumb/v8-m.main+fp/hard\libm.a(libm_a-wf_sqrt.o)
                0x08012078                sqrtf
 .text.__ieee754_sqrtf
                0x080120b4        0x6 D:/STM32CubeIDE_2.0.0/STM32CubeIDE/plugins/com.st.stm32cube.ide.mcu.externaltools.gnu-tools-for-stm32.13.3.rel1.win32_1.0.100.202509120712/tools/bin/../lib/gcc/arm-none-eabi/13.3.1/../../../../arm-none-eabi/lib/thumb/v8-m.main+fp/hard\libm.a(libm_a-ef_sqrt.o)
                0x080120b4                __ieee754_sqrtf
 *(.glue_7)
 .glue_7        0x080120ba        0x0 linker stubs
 *(.glue_7t)
 .glue_7t       0x080120ba        0x0 linker stubs
 *(.eh_frame)
 *fill*         0x080120ba        0x2 
 .eh_frame      0x080120bc        0x0 D:/STM32CubeIDE_2.0.0/STM32CubeIDE/plugins/com.st.stm32cube.ide.mcu.externaltools.gnu-tools-for-stm32.13.3.rel1.win32_1.0.100.202509120712/tools/bin/../lib/gcc/arm-none-eabi/13.3.1/thumb/v8-m.main+fp/hard/crtbegin.o
 *(.init)
 .init          0x080120bc        0x4 D:/STM32CubeIDE_2.0.0/STM32CubeIDE/plugins/com.st.stm32cube.ide.mcu.externaltools.gnu-tools-for-stm32.13.3.rel1.win32_1.0.100.202509120712/tools/bin/../lib/gcc/arm-none-eabi/13.3.1/thumb/v8-m.main+fp/hard/crti.o
                0x080120bc                _init
 .init          0x080120c0        0x8 D:/STM32CubeIDE_2.0.0/STM32CubeIDE/plugins/com.st.stm32cube.ide.mcu.externaltools.gnu-tools-for-stm32.13.3.rel1.win32_1.0.100.202509120712/tools/bin/../lib/gcc/arm-none-eabi/13.3.1/thumb/v8-m.main+fp/hard/crtn.o
 *(.fini)
 .fini          0x080120c8        0x4 D:/STM32CubeIDE_2.0.0/STM32CubeIDE/plugins/com.st.stm32cube.ide.mcu.externaltools.gnu-tools-for-stm32.13.3.rel1.win32_1.0.100.202509120712/tools/bin/../lib/gcc/arm-none-eabi/13.3.1/thumb/v8-m.main+fp/hard/crti.o
                0x080120c8                _fini
 .fini          0x080120cc        0x8 D:/STM32CubeIDE_2.0.0/STM32CubeIDE/plugins/com.st.stm32cube.ide.mcu.externaltools.gnu-tools-for-stm32.13.3.rel1.win32_1.0.100.202509120712/tools/bin/../lib/gcc/arm-none-eabi/13.3.1/thumb/v8-m.main+fp/hard/crtn.o
                0x080120d4                        _etext = .

.vfp11_veneer   0x080120d4        0x0
 .vfp11_veneer  0x080120d4        0x0 linker stubs

.v4_bx          0x080120d4        0x0
 .v4_bx         0x080120d4        0x0 linker stubs

.iplt           0x080120d4        0x0
 .iplt          0x080120d4        0x0 D:/STM32CubeIDE_2.0.0/STM32CubeIDE/plugins/com.st.stm32cube.ide.mcu.externaltools.gnu-tools-for-stm32.13.3.rel1.win32_1.0.100.202509120712/tools/bin/../lib/gcc/arm-none-eabi/13.3.1/thumb/v8-m.main+fp/hard/crtbegin.o

.rodata         0x080120e0    0x14f7b
 *(.rodata)
 .rodata        0x080120e0       0x20 ./Core/Src/ann_infer.o
 .rodata        0x08012100       0xa8 ./Core/Src/control_loop.o
 .rodata        0x080121a8       0x30 ./X-CUBE-AI/App/network_data.o
 *(.rodata*)
 .rodata.AHBPrescTable
                0x080121d8       0x10 ./Core/Src/system_stm32u5xx.o
                0x080121d8                AHBPrescTable
 .rodata.APBPrescTable
                0x080121e8        0x8 ./Core/Src/system_stm32u5xx.o
                0x080121e8                APBPrescTable
 .rodata.MSIRangeTable
                0x080121f0       0x40 ./Core/Src/system_stm32u5xx.o
                0x080121f0                MSIRangeTable
 .rodata.LPGPIO_Map
                0x08012230       0x80 ./Drivers/STM32U5xx_HAL_Driver/Src/stm32u5xx_hal_gpio.o
 .rodata.UARTPrescTable
                0x080122b0       0x18 ./Drivers/STM32U5xx_HAL_Driver/Src/stm32u5xx_hal_uart.o
                0x080122b0                UARTPrescTable
 .rodata.numerator.1
                0x080122c8        0x8 ./Drivers/STM32U5xx_HAL_Driver/Src/stm32u5xx_hal_uart_ex.o
 .rodata.denominator.0
                0x080122d0        0x8 ./Drivers/STM32U5xx_HAL_Driver/Src/stm32u5xx_hal_uart_ex.o
 .rodata.__compound_literal.0
                0x080122d8        0x4 ./X-CUBE-AI/App/network.o
 .rodata.__compound_literal.1
                0x080122dc        0x1 ./X-CUBE-AI/App/network.o
 *fill*         0x080122dd        0x3 
 .rodata.__compound_literal.2
                0x080122e0        0x8 ./X-CUBE-AI/App/network.o
 .rodata.conv2d_1_output_array_intq
                0x080122e8        0x8 ./X-CUBE-AI/App/network.o
 .rodata.__compound_literal.3
                0x080122f0       0x80 ./X-CUBE-AI/App/network.o
 .rodata.__compound_literal.4
                0x08012370       0x20 ./X-CUBE-AI/App/network.o
 .rodata.__compound_literal.5
                0x08012390        0x8 ./X-CUBE-AI/App/network.o
 .rodata.conv2d_1_weights_array_intq
                0x08012398        0x8 ./X-CUBE-AI/App/network.o
 .rodata.__compound_literal.6
                0x080123a0        0x4 ./X-CUBE-AI/App/network.o
 .rodata.__compound_literal.7
                0x080123a4        0x1 ./X-CUBE-AI/App/network.o
 *fill*         0x080123a5        0x3 
 .rodata.__compound_literal.8
                0x080123a8        0x8 ./X-CUBE-AI/App/network.o
 .rodata.conv2d_4_output_array_intq
                0x080123b0        0x8 ./X-CUBE-AI/App/network.o
 .rodata.__compound_literal.9
                0x080123b8        0x4 ./X-CUBE-AI/App/network.o
 .rodata.__compound_literal.10
                0x080123bc        0x1 ./X-CUBE-AI/App/network.o
 *fill*         0x080123bd        0x3 
 .rodata.__compound_literal.11
                0x080123c0        0x8 ./X-CUBE-AI/App/network.o
 .rodata.conv2d_4_pad_before_output_array_intq
                0x080123c8        0x8 ./X-CUBE-AI/App/network.o
 .rodata.__compound_literal.12
                0x080123d0      0x100 ./X-CUBE-AI/App/network.o
 .rodata.__compound_literal.13
                0x080124d0       0x40 ./X-CUBE-AI/App/network.o
 .rodata.__compound_literal.14
                0x08012510        0x8 ./X-CUBE-AI/App/network.o
 .rodata.conv2d_4_weights_array_intq
                0x08012518        0x8 ./X-CUBE-AI/App/network.o
 .rodata.__compound_literal.15
                0x08012520        0x4 ./X-CUBE-AI/App/network.o
 .rodata.__compound_literal.16
                0x08012524        0x1 ./X-CUBE-AI/App/network.o
 *fill*         0x08012525        0x3 
 .rodata.__compound_literal.17
                0x08012528        0x8 ./X-CUBE-AI/App/network.o
 .rodata.conv2d_7_output_array_intq
                0x08012530        0x8 ./X-CUBE-AI/App/network.o
 .rodata.__compound_literal.18
                0x08012538        0x4 ./X-CUBE-AI/App/network.o
 .rodata.__compound_literal.19
                0x0801253c        0x1 ./X-CUBE-AI/App/network.o
 *fill*         0x0801253d        0x3 
 .rodata.__compound_literal.20
                0x08012540        0x8 ./X-CUBE-AI/App/network.o
 .rodata.conv2d_7_pad_before_output_array_intq
                0x08012548        0x8 ./X-CUBE-AI/App/network.o
 .rodata.__compound_literal.21
                0x08012550      0x200 ./X-CUBE-AI/App/network.o
 .rodata.__compound_literal.22
                0x08012750       0x80 ./X-CUBE-AI/App/network.o
 .rodata.__compound_literal.23
                0x080127d0        0x8 ./X-CUBE-AI/App/network.o
 .rodata.conv2d_7_weights_array_intq
                0x080127d8        0x8 ./X-CUBE-AI/App/network.o
 .rodata.__compound_literal.24
                0x080127e0        0x4 ./X-CUBE-AI/App/network.o
 .rodata.__compound_literal.25
                0x080127e4        0x1 ./X-CUBE-AI/App/network.o
 *fill*         0x080127e5        0x3 
 .rodata.__compound_literal.26
                0x080127e8        0x8 ./X-CUBE-AI/App/network.o
 .rodata.gemm_10_output_array_intq
                0x080127f0        0x8 ./X-CUBE-AI/App/network.o
 .rodata.__compound_literal.27
                0x080127f8      0x200 ./X-CUBE-AI/App/network.o
 .rodata.__compound_literal.28
                0x080129f8       0x80 ./X-CUBE-AI/App/network.o
 .rodata.__compound_literal.29
                0x08012a78        0x8 ./X-CUBE-AI/App/network.o
 .rodata.gemm_10_weights_array_intq
                0x08012a80        0x8 ./X-CUBE-AI/App/network.o
 .rodata.__compound_literal.30
                0x08012a88        0x4 ./X-CUBE-AI/App/network.o
 .rodata.__compound_literal.31
                0x08012a8c        0x1 ./X-CUBE-AI/App/network.o
 *fill*         0x08012a8d        0x3 
 .rodata.__compound_literal.32
                0x08012a90        0x8 ./X-CUBE-AI/App/network.o
 .rodata.gemm_11_output_array_intq
                0x08012a98        0x8 ./X-CUBE-AI/App/network.o
 .rodata.__compound_literal.33
                0x08012aa0      0x100 ./X-CUBE-AI/App/network.o
 .rodata.__compound_literal.34
                0x08012ba0       0x40 ./X-CUBE-AI/App/network.o
 .rodata.__compound_literal.35
                0x08012be0        0x8 ./X-CUBE-AI/App/network.o
 .rodata.gemm_11_weights_array_intq
                0x08012be8        0x8 ./X-CUBE-AI/App/network.o
 .rodata.__compound_literal.36
                0x08012bf0        0x4 ./X-CUBE-AI/App/network.o
 .rodata.__compound_literal.37
                0x08012bf4        0x1 ./X-CUBE-AI/App/network.o
 *fill*         0x08012bf5        0x3 
 .rodata.__compound_literal.38
                0x08012bf8        0x8 ./X-CUBE-AI/App/network.o
 .rodata.gemm_12_output_array_intq
                0x08012c00        0x8 ./X-CUBE-AI/App/network.o
 .rodata.__compound_literal.39
                0x08012c08        0x4 ./X-CUBE-AI/App/network.o
 .rodata.__compound_literal.40
                0x08012c0c        0x1 ./X-CUBE-AI/App/network.o
 *fill*         0x08012c0d        0x3 
 .rodata.__compound_literal.41
                0x08012c10        0x8 ./X-CUBE-AI/App/network.o
 .rodata.gemm_12_weights_array_intq
                0x08012c18        0x8 ./X-CUBE-AI/App/network.o
 .rodata.__compound_literal.42
                0x08012c20        0x4 ./X-CUBE-AI/App/network.o
 .rodata.__compound_literal.43
                0x08012c24        0x1 ./X-CUBE-AI/App/network.o
 *fill*         0x08012c25        0x3 
 .rodata.__compound_literal.44
                0x08012c28        0x8 ./X-CUBE-AI/App/network.o
 .rodata.nl_13_output_array_intq
                0x08012c30        0x8 ./X-CUBE-AI/App/network.o
 .rodata.__compound_literal.45
                0x08012c38        0x4 ./X-CUBE-AI/App/network.o
 .rodata.__compound_literal.46
                0x08012c3c        0x1 ./X-CUBE-AI/App/network.o
 *fill*         0x08012c3d        0x3 
 .rodata.__compound_literal.47
                0x08012c40        0x8 ./X-CUBE-AI/App/network.o
 .rodata.pool_9_output_array_intq
                0x08012c48        0x8 ./X-CUBE-AI/App/network.o
 .rodata.__compound_literal.48
                0x08012c50        0x4 ./X-CUBE-AI/App/network.o
 .rodata.__compound_literal.49
                0x08012c54        0x1 ./X-CUBE-AI/App/network.o
 *fill*         0x08012c55        0x3 
 .rodata.__compound_literal.50
                0x08012c58        0x8 ./X-CUBE-AI/App/network.o
 .rodata.serving_default_emg0_output_array_intq
                0x08012c60        0x8 ./X-CUBE-AI/App/network.o
 .rodata.nl_13_nl_params_data
                0x08012c68      0x100 ./X-CUBE-AI/App/network.o
 .rodata.nl_13_nl_params
                0x08012d68       0x10 ./X-CUBE-AI/App/network.o
 .rodata.nl_13_chain
                0x08012d78        0x8 ./X-CUBE-AI/App/network.o
 .rodata.gemm_12_chain
                0x08012d80        0x8 ./X-CUBE-AI/App/network.o
 .rodata.gemm_11_chain
                0x08012d88        0x8 ./X-CUBE-AI/App/network.o
 .rodata.gemm_10_chain
                0x08012d90        0x8 ./X-CUBE-AI/App/network.o
 .rodata.pool_9_chain
                0x08012d98        0x8 ./X-CUBE-AI/App/network.o
 .rodata.conv2d_7_chain
                0x08012da0        0x8 ./X-CUBE-AI/App/network.o
 .rodata.conv2d_7_pad_before_value_data
                0x08012da8        0x1 ./X-CUBE-AI/App/network.o
 *fill*         0x08012da9        0x3 
 .rodata.conv2d_7_pad_before_value
                0x08012dac       0x10 ./X-CUBE-AI/App/network.o
 .rodata.conv2d_7_pad_before_chain
                0x08012dbc        0x8 ./X-CUBE-AI/App/network.o
 .rodata.conv2d_4_chain
                0x08012dc4        0x8 ./X-CUBE-AI/App/network.o
 .rodata.conv2d_4_pad_before_value_data
                0x08012dcc        0x1 ./X-CUBE-AI/App/network.o
 *fill*         0x08012dcd        0x3 
 .rodata.conv2d_4_pad_before_value
                0x08012dd0       0x10 ./X-CUBE-AI/App/network.o
 .rodata.conv2d_4_pad_before_chain
                0x08012de0        0x8 ./X-CUBE-AI/App/network.o
 .rodata.conv2d_1_chain
                0x08012de8        0x8 ./X-CUBE-AI/App/network.o
 *fill*         0x08012df0       0x10 
 .rodata.s_network_weights_array_u64
                0x08012e00    0x14228 ./X-CUBE-AI/App/network_data_params.o
                0x08012e00                s_network_weights_array_u64
 .rodata._svfprintf_r.str1.1
                0x08027028       0x33 D:/STM32CubeIDE_2.0.0/STM32CubeIDE/plugins/com.st.stm32cube.ide.mcu.externaltools.gnu-tools-for-stm32.13.3.rel1.win32_1.0.100.202509120712/tools/bin/../lib/gcc/arm-none-eabi/13.3.1/../../../../arm-none-eabi/lib/thumb/v8-m.main+fp/hard\libc_nano.a(libc_a-nano-svfprintf.o)
                                 0x11 (size before relaxing)
 .rodata._printf_i.str1.1
                0x0802705b        0x0 D:/STM32CubeIDE_2.0.0/STM32CubeIDE/plugins/com.st.stm32cube.ide.mcu.externaltools.gnu-tools-for-stm32.13.3.rel1.win32_1.0.100.202509120712/tools/bin/../lib/gcc/arm-none-eabi/13.3.1/../../../../arm-none-eabi/lib/thumb/v8-m.main+fp/hard\libc_nano.a(libc_a-nano-vfprintf_i.o)
                                 0x22 (size before relaxing)

.ARM.extab
 *(.ARM.extab* .gnu.linkonce.armextab.*)

.ARM            0x0802705c        0x8
                0x0802705c                        __exidx_start = .
 *(.ARM.exidx*)
 .ARM.exidx     0x0802705c        0x8 D:/STM32CubeIDE_2.0.0/STM32CubeIDE/plugins/com.st.stm32cube.ide.mcu.externaltools.gnu-tools-for-stm32.13.3.rel1.win32_1.0.100.202509120712/tools/bin/../lib/gcc/arm-none-eabi/13.3.1/thumb/v8-m.main+fp/hard\libgcc.a(_udivmoddi4.o)
                0x08027064                        __exidx_end = .

.preinit_array  0x08027064        0x0
                0x08027064                        PROVIDE (__preinit_array_start = .)
 *(.preinit_array*)
                0x08027064                        PROVIDE (__preinit_array_end = .)

.init_array     0x08027064        0x4
                0x08027064                        PROVIDE (__init_array_start = .)
 *(SORT_BY_NAME(.init_array.*))
 *(.init_array*)
 .init_array    0x08027064        0x4 D:/STM32CubeIDE_2.0.0/STM32CubeIDE/plugins/com.st.stm32cube.ide.mcu.externaltools.gnu-tools-for-stm32.13.3.rel1.win32_1.0.100.202509120712/tools/bin/../lib/gcc/arm-none-eabi/13.3.1/thumb/v8-m.main+fp/hard/crtbegin.o
                0x08027068                        PROVIDE (__init_array_end = .)

.fini_array     0x08027068        0x4
                [!provide]                        PROVIDE (__fini_array_start = .)
 *(SORT_BY_NAME(.fini_array.*))
 *(.fini_array*)
 .fini_array    0x08027068        0x4 D:/STM32CubeIDE_2.0.0/STM32CubeIDE/plugins/com.st.stm32cube.ide.mcu.externaltools.gnu-tools-for-stm32.13.3.rel1.win32_1.0.100.202509120712/tools/bin/../lib/gcc/arm-none-eabi/13.3.1/thumb/v8-m.main+fp/hard/crtbegin.o
                [!provide]                        PROVIDE (__fini_array_end = .)
                0x0802706c                        _sidata = LOADADDR (.data)

.rel.dyn        0x0802706c        0x0
 .rel.iplt      0x0802706c        0x0 D:/STM32CubeIDE_2.0.0/STM32CubeIDE/plugins/com.st.stm32cube.ide.mcu.externaltools.gnu-tools-for-stm32.13.3.rel1.win32_1.0.100.202509120712/tools/bin/../lib/gcc/arm-none-eabi/13.3.1/thumb/v8-m.main+fp/hard/crtbegin.o

.data           0x20000000      0xf38 load address 0x0802706c
                0x20000000                        _sdata = .
 *(.data)
 *(.data*)
 .data.g_uart   0x20000000        0x4 ./Core/Src/stm32u5xx_it.o
 .data.SystemCoreClock
                0x20000004        0x4 ./Core/Src/system_stm32u5xx.o
                0x20000004                SystemCoreClock
 .data.uwTickPrio
                0x20000008        0x4 ./Drivers/STM32U5xx_HAL_Driver/Src/stm32u5xx_hal.o
                0x20000008                uwTickPrio
 .data.uwTickFreq
                0x2000000c        0x1 ./Drivers/STM32U5xx_HAL_Driver/Src/stm32u5xx_hal.o
                0x2000000c                uwTickFreq
 *fill*         0x2000000d        0x3 
 .data.serving_default_emg0_output_array
                0x20000010       0x10 ./X-CUBE-AI/App/network.o
 .data.conv2d_1_output_array
                0x20000020       0x10 ./X-CUBE-AI/App/network.o
 .data.conv2d_4_pad_before_output_array
                0x20000030       0x10 ./X-CUBE-AI/App/network.o
 .data.conv2d_4_output_array
                0x20000040       0x10 ./X-CUBE-AI/App/network.o
 .data.conv2d_7_pad_before_output_array
                0x20000050       0x10 ./X-CUBE-AI/App/network.o
 .data.conv2d_7_output_array
                0x20000060       0x10 ./X-CUBE-AI/App/network.o
 .data.pool_9_output_array
                0x20000070       0x10 ./X-CUBE-AI/App/network.o
 .data.gemm_10_output_array
                0x20000080       0x10 ./X-CUBE-AI/App/network.o
 .data.gemm_11_output_array
                0x20000090       0x10 ./X-CUBE-AI/App/network.o
 .data.gemm_12_output_array
                0x200000a0       0x10 ./X-CUBE-AI/App/network.o
 .data.nl_13_output_array
                0x200000b0       0x10 ./X-CUBE-AI/App/network.o
 .data.conv2d_1_weights_array
                0x200000c0       0x10 ./X-CUBE-AI/App/network.o
 .data.conv2d_1_bias_array
                0x200000d0       0x10 ./X-CUBE-AI/App/network.o
 .data.conv2d_4_weights_array
                0x200000e0       0x10 ./X-CUBE-AI/App/network.o
 .data.conv2d_4_bias_array
                0x200000f0       0x10 ./X-CUBE-AI/App/network.o
 .data.conv2d_7_weights_array
                0x20000100       0x10 ./X-CUBE-AI/App/network.o
 .data.conv2d_7_bias_array
                0x20000110       0x10 ./X-CUBE-AI/App/network.o
 .data.gemm_10_weights_array
                0x20000120       0x10 ./X-CUBE-AI/App/network.o
 .data.gemm_10_bias_array
                0x20000130       0x10 ./X-CUBE-AI/App/network.o
 .data.gemm_11_weights_array
                0x20000140       0x10 ./X-CUBE-AI/App/network.o
 .data.gemm_11_bias_array
                0x20000150       0x10 ./X-CUBE-AI/App/network.o
 .data.gemm_12_weights_array
                0x20000160       0x10 ./X-CUBE-AI/App/network.o
 .data.gemm_12_bias_array
                0x20000170       0x10 ./X-CUBE-AI/App/network.o
 .data.conv2d_1_scratch0_array
                0x20000180       0x10 ./X-CUBE-AI/App/network.o
 .data.conv2d_4_scratch0_array
                0x20000190       0x10 ./X-CUBE-AI/App/network.o
 .data.conv2d_7_scratch0_array
                0x200001a0       0x10 ./X-CUBE-AI/App/network.o
 .data.gemm_10_scratch0_array
                0x200001b0       0x10 ./X-CUBE-AI/App/network.o
 .data.gemm_11_scratch0_array
                0x200001c0       0x10 ./X-CUBE-AI/App/network.o
 .data.gemm_12_scratch0_array
                0x200001d0       0x10 ./X-CUBE-AI/App/network.o
 .data.__compound_literal.51
                0x200001e0       0x10 ./X-CUBE-AI/App/network.o
 .data.__compound_literal.52
                0x200001f0       0x10 ./X-CUBE-AI/App/network.o
 .data.conv2d_1_bias
                0x20000200       0x1c ./X-CUBE-AI/App/network.o
 .data.__compound_literal.53
                0x2000021c       0x10 ./X-CUBE-AI/App/network.o
 .data.__compound_literal.54
                0x2000022c       0x10 ./X-CUBE-AI/App/network.o
 .data.conv2d_1_output
                0x2000023c       0x1c ./X-CUBE-AI/App/network.o
 .data.__compound_literal.55
                0x20000258       0x10 ./X-CUBE-AI/App/network.o
 .data.__compound_literal.56
                0x20000268       0x10 ./X-CUBE-AI/App/network.o
 .data.conv2d_1_scratch0
                0x20000278       0x1c ./X-CUBE-AI/App/network.o
 .data.__compound_literal.57
                0x20000294       0x10 ./X-CUBE-AI/App/network.o
 .data.__compound_literal.58
                0x200002a4       0x10 ./X-CUBE-AI/App/network.o
 .data.conv2d_1_weights
                0x200002b4       0x1c ./X-CUBE-AI/App/network.o
 .data.__compound_literal.59
                0x200002d0       0x10 ./X-CUBE-AI/App/network.o
 .data.__compound_literal.60
                0x200002e0       0x10 ./X-CUBE-AI/App/network.o
 .data.conv2d_4_bias
                0x200002f0       0x1c ./X-CUBE-AI/App/network.o
 .data.__compound_literal.61
                0x2000030c       0x10 ./X-CUBE-AI/App/network.o
 .data.__compound_literal.62
                0x2000031c       0x10 ./X-CUBE-AI/App/network.o
 .data.conv2d_4_output
                0x2000032c       0x1c ./X-CUBE-AI/App/network.o
 .data.__compound_literal.63
                0x20000348       0x10 ./X-CUBE-AI/App/network.o
 .data.__compound_literal.64
                0x20000358       0x10 ./X-CUBE-AI/App/network.o
 .data.conv2d_4_pad_before_output
                0x20000368       0x1c ./X-CUBE-AI/App/network.o
 .data.__compound_literal.65
                0x20000384       0x10 ./X-CUBE-AI/App/network.o
 .data.__compound_literal.66
                0x20000394       0x10 ./X-CUBE-AI/App/network.o
 .data.conv2d_4_scratch0
                0x200003a4       0x1c ./X-CUBE-AI/App/network.o
 .data.__compound_literal.67
                0x200003c0       0x10 ./X-CUBE-AI/App/network.o
 .data.__compound_literal.68
                0x200003d0       0x10 ./X-CUBE-AI/App/network.o
 .data.conv2d_4_weights
                0x200003e0       0x1c ./X-CUBE-AI/App/network.o
 .data.__compound_literal.69
                0x200003fc       0x10 ./X-CUBE-AI/App/network.o
 .data.__compound_literal.70
                0x2000040c       0x10 ./X-CUBE-AI/App/network.o
 .data.conv2d_7_bias