../Src/bq.c:18:13:bms_uart_log	144	static
../Src/bq.c:54:5:nucleo_send_low_batt_mode	8	static
../Src/bq.c:57:5:nucleo_send_safe_req	24	static
../Src/bq.c:61:5:nucleo_send_scd_event	16	static
../Src/bq.c:64:5:nucleo_send_low_batt_lockdown	16	static
../Src/bq.c:67:5:nucleo_send_cur_latched	16	static
../Src/bq.c:70:5:nucleo_send_low_batt_warn	24	static
../Src/bq.c:74:5:nucleo_send_last_fault	24	static
../Src/bq.c:83:13:bq_set_fault	16	static
../Src/bq.c:88:12:bq_send_frame	40	static
../Src/bq.c:96:13:bq_handle_alert_actions	40	static
../Src/bq.c:191:20:bq_ready	8	static
../Src/bq.c:195:28:bq_guard	8	static
../Src/bq.c:199:16:bq_crc8	24	static
../Src/bq.c:211:16:bq_checksum	24	static
../Src/bq.c:219:16:bq_delay_ms_to_adscan_counts	24	static
../Src/bq.c:227:16:bq_pct_from_mv	24	static
../Src/bq.c:234:12:bq_hal_nucleo_send	96	static
../Src/bq.c:268:12:bq_hal_i2c_mem_read	48	static
../Src/bq.c:280:12:bq_hal_i2c_mem_write	48	static
../Src/bq.c:292:14:bq_init	32	static
../Src/bq.c:326:14:bq_read_u8	16	static
../Src/bq.c:332:14:bq_read_u16	24	static
../Src/bq.c:341:14:bq_write_u8	16	static
../Src/bq.c:346:14:bq_write_u16	24	static
../Src/bq.c:352:14:bq_subcmd_exec	24	static
../Src/bq.c:358:14:bq_subcmd_read	32	static
../Src/bq.c:365:14:bq_buf_write_and_commit	96	static
../Src/bq.c:388:14:bq_dm_read	16	static
../Src/bq.c:392:14:bq_dm_write	16	static
../Src/bq.c:396:14:bq_dm_write_u1	16	static
../Src/bq.c:400:14:bq_dm_write_u2	24	static
../Src/bq.c:405:14:bq_enter_cfgupdate	8	static
../Src/bq.c:409:14:bq_exit_cfgupdate	8	static
../Src/bq.c:413:14:bq_shutdown	24	static
../Src/bq.c:420:14:bq_deepsleep	24	static
../Src/bq.c:427:14:bq_exit_deepsleep	8	static
../Src/bq.c:431:14:bq_fet_enable	8	static
../Src/bq.c:435:14:bq_read_safety_alert_a	16	static
../Src/bq.c:436:14:bq_read_safety_status_a	16	static
../Src/bq.c:437:14:bq_read_safety_alert_b	16	static
../Src/bq.c:438:14:bq_read_safety_status_b	16	static
../Src/bq.c:439:14:bq_read_battery_status_u16	16	static
../Src/bq.c:440:14:bq_read_cell1_mv	16	static
../Src/bq.c:441:14:bq_read_cell2_mv	16	static
../Src/bq.c:442:14:bq_read_stack_mv	16	static
../Src/bq.c:443:14:bq_read_current_ua	16	static
../Src/bq.c:444:14:bq_read_alarm_status_u16	16	static
../Src/bq.c:445:14:bq_write_alarm_status_clear	16	static
../Src/bq.c:446:14:bq_read_alarm_enable_u16	16	static
../Src/bq.c:447:14:bq_write_alarm_enable_u16	16	static
../Src/bq.c:449:6:bq_alert_irq_flag_set	8	static
../Src/bq.c:453:14:bq_get_alarm_status	16	static
../Src/bq.c:457:14:bq_get_safety_alert_a	16	static
../Src/bq.c:458:14:bq_get_safety_alert_b	16	static
../Src/bq.c:459:14:bq_get_safety_status_a	16	static
../Src/bq.c:460:14:bq_get_safety_status_b	16	static
../Src/bq.c:462:14:bq_clear_alarm_status	16	static
../Src/bq.c:466:14:bq_get_cell_minmax	32	static
../Src/bq.c:478:14:bq_get_battery_status	16	static
../Src/bq.c:482:14:bq_get_cell_percents	32	static
../Src/bq.c:494:14:bq_handle_alert_and_clear	48	static
../Src/bq.c:545:14:bq_configure_2s_basic	24	static
../Src/bq.c:630:14:bms_init	24	static
../Src/bq.c:693:6:bms_alert_isr_hook	8	static
../Src/bq.c:697:6:bms_process	40	static
../Src/bq.c:753:5:bms_nucleo_send_status	8	static
../Src/bq.c:754:5:bms_nucleo_send_event	16	static
