../Core/Src/UART/nucleo_uart_rx.c:17:15:rb_next	16	static
../Core/Src/UART/nucleo_uart_rx.c:21:15:rb_count	16	static
../Core/Src/UART/nucleo_uart_rx.c:28:13:rb_clear	4	static
../Core/Src/UART/nucleo_uart_rx.c:32:13:rb_peek	24	static
../Core/Src/UART/nucleo_uart_rx.c:41:13:rb_pop	16	static
../Core/Src/UART/nucleo_uart_rx.c:46:13:rb_push	24	static
../Core/Src/UART/nucleo_uart_rx.c:57:9:nucleo_uart_crc8	24	static
../Core/Src/UART/nucleo_uart_rx.c:70:6:nucleo_uart_rx_init	24	static
../Core/Src/UART/nucleo_uart_rx.c:82:6:nucleo_uart_rx_reset_parser	8	static
../Core/Src/UART/nucleo_uart_rx.c:87:6:nucleo_uart_rx_push_byte	16	static
../Core/Src/UART/nucleo_uart_rx.c:92:6:nucleo_uart_rx_push_block	24	static
../Core/Src/UART/nucleo_uart_rx.c:99:13:nucleo_uart_parse_frame	56	static
../Core/Src/UART/nucleo_uart_rx.c:154:6:nucleo_uart_rx_pop_frame	16	static
../Core/Src/UART/nucleo_uart_rx.c:158:6:nucleo_uart_rx_process	40	static
