../Core/Src/ad7606.c:11:20:dwt_init	4	static
../Core/Src/ad7606.c:22:20:dwt_delay_cycles	24	static
../Core/Src/ad7606.c:27:24:convert_us_to_cycles	32	static
../Core/Src/ad7606.c:32:20:delay_us	16	static
../Core/Src/ad7606.c:36:24:convert_ns_to_cycles	32	static
../Core/Src/ad7606.c:40:20:delay_ns	16	static
../Core/Src/ad7606.c:45:20:pin_low	16	static
../Core/Src/ad7606.c:49:20:pin_high	16	static
../Core/Src/ad7606.c:68:20:ad7606_gpio_init	64	static
../Core/Src/ad7606.c:132:6:ad7606_init	8	static
../Core/Src/ad7606.c:144:20:start_conversion	8	static
../Core/Src/ad7606.c:151:10:ad7606_get_busy_timeout_count	4	static
../Core/Src/ad7606.c:153:20:wait_conversion_complete	16	static
../Core/Src/ad7606.c:169:24:read_current_channel	16	static
../Core/Src/ad7606.c:199:20:read_all_channels	32	static
../Core/Src/ad7606.c:215:6:ad7606_read_all_channels	16	static
../Core/Src/ad7606.c:239:6:ad7606_normalize_channels	32	static
