../Core/Src/stm32u5xx_it.c:62:6:uart_dma_idle_init	16	static
../Core/Src/stm32u5xx_it.c:71:13:uart_dma_idle_handle	32	static
../Core/Src/stm32u5xx_it.c:110:6:NMI_Handler	4	static
../Core/Src/stm32u5xx_it.c:125:6:HardFault_Handler	4	static
../Core/Src/stm32u5xx_it.c:140:6:MemManage_Handler	4	static
../Core/Src/stm32u5xx_it.c:155:6:BusFault_Handler	4	static
../Core/Src/stm32u5xx_it.c:170:6:UsageFault_Handler	4	static
../Core/Src/stm32u5xx_it.c:185:6:SVC_Handler	4	static
../Core/Src/stm32u5xx_it.c:198:6:DebugMon_Handler	4	static
../Core/Src/stm32u5xx_it.c:211:6:PendSV_Handler	4	static
../Core/Src/stm32u5xx_it.c:224:6:SysTick_Handler	4	static
../Core/Src/stm32u5xx_it.c:245:6:GPDMA1_Channel1_IRQHandler	8	static
../Core/Src/stm32u5xx_it.c:259:6:USART1_IRQHandler	8	static
../Core/Src/stm32u5xx_it.c:276:6:TIM17_IRQHandler	8	static
