../Core/Src/stm32u5xx_it.c:61:6:uart_dma_idle_init	16	static
../Core/Src/stm32u5xx_it.c:70:13:uart_dma_idle_handle	32	static
../Core/Src/stm32u5xx_it.c:109:6:NMI_Handler	4	static
../Core/Src/stm32u5xx_it.c:124:6:HardFault_Handler	4	static
../Core/Src/stm32u5xx_it.c:139:6:MemManage_Handler	4	static
../Core/Src/stm32u5xx_it.c:154:6:BusFault_Handler	4	static
../Core/Src/stm32u5xx_it.c:169:6:UsageFault_Handler	4	static
../Core/Src/stm32u5xx_it.c:184:6:SVC_Handler	4	static
../Core/Src/stm32u5xx_it.c:197:6:DebugMon_Handler	4	static
../Core/Src/stm32u5xx_it.c:210:6:PendSV_Handler	4	static
../Core/Src/stm32u5xx_it.c:223:6:SysTick_Handler	4	static
../Core/Src/stm32u5xx_it.c:244:6:GPDMA1_Channel1_IRQHandler	8	static
../Core/Src/stm32u5xx_it.c:258:6:USART1_IRQHandler	8	static
../Core/Src/stm32u5xx_it.c:275:6:TIM17_IRQHandler	8	static
