../Core/Src/UART/nucleo_uart_rx.c:21:15:rb_count	0	static
../Core/Src/UART/nucleo_uart_rx.c:41:13:rb_pop	0	static
../Core/Src/UART/nucleo_uart_rx.c:46:13:rb_push	12	static
../Core/Src/UART/nucleo_uart_rx.c:57:9:nucleo_uart_crc8.part.0	12	static
../Core/Src/UART/nucleo_uart_rx.c:32:13:rb_peek.isra	8	static
../Core/Src/UART/nucleo_uart_rx.c:99:13:nucleo_uart_parse_frame	64	static
../Core/Src/UART/nucleo_uart_rx.c:57:9:nucleo_uart_crc8	0	static
../Core/Src/UART/nucleo_uart_rx.c:70:6:nucleo_uart_rx_init	0	static
../Core/Src/UART/nucleo_uart_rx.c:82:6:nucleo_uart_rx_reset_parser	0	static
../Core/Src/UART/nucleo_uart_rx.c:87:6:nucleo_uart_rx_push_byte	0	static
../Core/Src/UART/nucleo_uart_rx.c:92:6:nucleo_uart_rx_push_block	16	static
../Core/Src/UART/nucleo_uart_rx.c:154:6:nucleo_uart_rx_pop_frame	0	static
../Core/Src/UART/nucleo_uart_rx.c:158:6:nucleo_uart_rx_process	32	static
