Archive member included to satisfy reference by file (symbol)

../Middlewares/ST/AI/Lib\NetworkRuntime1020_CM33_GCC.a(ai_platform.o)
                              ./X-CUBE-AI/App/network.o (ai_buffer_array_item_set_address)
../Middlewares/ST/AI/Lib\NetworkRuntime1020_CM33_GCC.a(ai_platform_interface.o)
                              ./X-CUBE-AI/App/network.o (ai_platform_get_weights_map)
../Middlewares/ST/AI/Lib\NetworkRuntime1020_CM33_GCC.a(core_common.o)
                              ../Middlewares/ST/AI/Lib\NetworkRuntime1020_CM33_GCC.a(ai_platform_interface.o) (core_init)
../Middlewares/ST/AI/Lib\NetworkRuntime1020_CM33_GCC.a(core_mem_manager.o)
                              ../Middlewares/ST/AI/Lib\NetworkRuntime1020_CM33_GCC.a(ai_platform_interface.o) (core_mem_alloc)
../Middlewares/ST/AI/Lib\NetworkRuntime1020_CM33_GCC.a(layers.o)
                              ../Middlewares/ST/AI/Lib\NetworkRuntime1020_CM33_GCC.a(ai_platform_interface.o) (ai_check_custom_types)
../Middlewares/ST/AI/Lib\NetworkRuntime1020_CM33_GCC.a(layers_conv2d_sssa8_ch.o)
                              ./X-CUBE-AI/App/network.o (forward_conv2d_deep_sssa8_ch)
../Middlewares/ST/AI/Lib\NetworkRuntime1020_CM33_GCC.a(layers_conv2d_stm32_integer.o)
                              ./X-CUBE-AI/App/network.o (forward_dense_integer_SSSA)
../Middlewares/ST/AI/Lib\NetworkRuntime1020_CM33_GCC.a(layers_generic_float.o)
                              ./X-CUBE-AI/App/network.o (forward_pad)
../Middlewares/ST/AI/Lib\NetworkRuntime1020_CM33_GCC.a(layers_nl_stm32_integer.o)
                              ./X-CUBE-AI/App/network.o (forward_nl_integer)
../Middlewares/ST/AI/Lib\NetworkRuntime1020_CM33_GCC.a(layers_pad_generic.o)
                              ../Middlewares/ST/AI/Lib\NetworkRuntime1020_CM33_GCC.a(layers_generic_float.o) (forward_pad_8bit_ch1st_3x3_constant)
../Middlewares/ST/AI/Lib\NetworkRuntime1020_CM33_GCC.a(layers_pool_stm32_integer.o)
                              ./X-CUBE-AI/App/network.o (forward_ap_integer_INT8)
../Middlewares/ST/AI/Lib\NetworkRuntime1020_CM33_GCC.a(layers_resize.o)
                              ../Middlewares/ST/AI/Lib\NetworkRuntime1020_CM33_GCC.a(layers_generic_float.o) (forward_resize_nearest_if32of32)
../Middlewares/ST/AI/Lib\NetworkRuntime1020_CM33_GCC.a(layers_conv2d_integer_scratch.o)
                              ../Middlewares/ST/AI/Lib\NetworkRuntime1020_CM33_GCC.a(layers.o) (get_dense_scratch_size_s8)
../Middlewares/ST/AI/Lib\NetworkRuntime1020_CM33_GCC.a(forward_lite_argminmax.o)
                              ../Middlewares/ST/AI/Lib\NetworkRuntime1020_CM33_GCC.a(layers_generic_float.o) (forward_lite_argmax_if32)
../Middlewares/ST/AI/Lib\NetworkRuntime1020_CM33_GCC.a(forward_lite_dense_is8os8ws8_ch.o)
                              ../Middlewares/ST/AI/Lib\NetworkRuntime1020_CM33_GCC.a(layers_conv2d_stm32_integer.o) (forward_lite_dense_is8os8ws8_ch)
../Middlewares/ST/AI/Lib\NetworkRuntime1020_CM33_GCC.a(forward_lite_dense_is8os8ws8.o)
                              ../Middlewares/ST/AI/Lib\NetworkRuntime1020_CM33_GCC.a(layers_conv2d_stm32_integer.o) (forward_lite_dense_is8os8ws8)
../Middlewares/ST/AI/Lib\NetworkRuntime1020_CM33_GCC.a(forward_lite_maxpool_is8os8_scalepos.o)
                              ../Middlewares/ST/AI/Lib\NetworkRuntime1020_CM33_GCC.a(layers_pool_stm32_integer.o) (forward_lite_maxpool_is8os8_scalepos)
../Middlewares/ST/AI/Lib\NetworkRuntime1020_CM33_GCC.a(forward_lite_avepool_is8os8.o)
                              ../Middlewares/ST/AI/Lib\NetworkRuntime1020_CM33_GCC.a(layers_pool_stm32_integer.o) (forward_lite_avepool_is8os8)
../Middlewares/ST/AI/Lib\NetworkRuntime1020_CM33_GCC.a(forward_lite_conv2d_sssa8_ch.o)
                              ../Middlewares/ST/AI/Lib\NetworkRuntime1020_CM33_GCC.a(layers_conv2d_sssa8_ch.o) (forward_lite_conv2d_dilated_sssa8_ch)
../Middlewares/ST/AI/Lib\NetworkRuntime1020_CM33_GCC.a(lite_argminmax_if32_kernel.o)
                              ../Middlewares/ST/AI/Lib\NetworkRuntime1020_CM33_GCC.a(forward_lite_argminmax.o) (forward_lite_argmax_f32_kernel_ch)
../Middlewares/ST/AI/Lib\NetworkRuntime1020_CM33_GCC.a(lite_argminmax_is8_kernel.o)
                              ../Middlewares/ST/AI/Lib\NetworkRuntime1020_CM33_GCC.a(forward_lite_argminmax.o) (forward_lite_argmax_s8_kernel)
../Middlewares/ST/AI/Lib\NetworkRuntime1020_CM33_GCC.a(forward_lite_maxpool_is16os16.o)
                              ../Middlewares/ST/AI/Lib\NetworkRuntime1020_CM33_GCC.a(layers_pool_stm32_integer.o) (forward_lite_maxpool_is16os16_scalepos)
../Middlewares/ST/AI/Lib\NetworkRuntime1020_CM33_GCC.a(forward_lite_maxpool_is8os8.o)
                              ../Middlewares/ST/AI/Lib\NetworkRuntime1020_CM33_GCC.a(layers_pool_stm32_integer.o) (forward_lite_maxpool_is8os8_scaleneg)
../Middlewares/ST/AI/Lib\NetworkRuntime1020_CM33_GCC.a(forward_lite_maxpool_iu16ou16.o)
[...]
Memory Configuration

Name             Origin             Length             Attributes
RAM              0x20000000         0x000c0000         xrw
SRAM4            0x28000000         0x00004000         xrw
FLASH            0x08000000         0x00200000         xr
*default*        0x00000000         0xffffffff

Linker script and memory map

LOAD D:/STM32CubeIDE_2.0.0/STM32CubeIDE/plugins/com.st.stm32cube.ide.mcu.externaltools.gnu-tools-for-stm32.13.3.rel1.win32_1.0.100.202509120712/tools/bin/../lib/gcc/arm-none-eabi/13.3.1/thumb/v8-m.main+fp/hard/crti.o
LOAD D:/STM32CubeIDE_2.0.0/STM32CubeIDE/plugins/com.st.stm32cube.ide.mcu.externaltools.gnu-tools-for-stm32.13.3.rel1.win32_1.0.100.202509120712/tools/bin/../lib/gcc/arm-none-eabi/13.3.1/thumb/v8-m.main+fp/hard/crtbegin.o
LOAD D:/STM32CubeIDE_2.0.0/STM32CubeIDE/plugins/com.st.stm32cube.ide.mcu.externaltools.gnu-tools-for-stm32.13.3.rel1.win32_1.0.100.202509120712/tools/bin/../lib/gcc/arm-none-eabi/13.3.1/../../../../arm-none-eabi/lib/thumb/v8-m.main+fp/hard/crt0.o
LOAD ./Core/Src/UART/nucleo_uart_actions.o
LOAD ./Core/Src/UART/nucleo_uart_rx.o
LOAD ./Core/Src/UART/nucleo_uart_rx_port.o
LOAD ./Core/Src/ad7606.o
LOAD ./Core/Src/adc_fake_data.o
LOAD ./Core/Src/ann_infer.o
LOAD ./Core/Src/circular_list.o
LOAD ./Core/Src/control_loop.o
LOAD ./Core/Src/gpdma.o
LOAD ./Core/Src/gpio.o
LOAD ./Core/Src/icache.o
LOAD ./Core/Src/main.o
LOAD ./Core/Src/rms_filter.o
LOAD ./Core/Src/stm32u5xx_hal_msp.o
LOAD ./Core/Src/stm32u5xx_hal_timebase_tim.o
LOAD ./Core/Src/stm32u5xx_it.o
LOAD ./Core/Src/syscalls.o
LOAD ./Core/Src/sysmem.o
LOAD ./Core/Src/system_stm32u5xx.o
LOAD ./Core/Src/usart.o
LOAD ./Core/Startup/startup_stm32u575zitxq.o
LOAD ./Drivers/STM32U5xx_HAL_Driver/Src/stm32u5xx_hal.o
LOAD ./Drivers/STM32U5xx_HAL_Driver/Src/stm32u5xx_hal_cortex.o
LOAD ./Drivers/STM32U5xx_HAL_Driver/Src/stm32u5xx_hal_dma.o
LOAD ./Drivers/STM32U5xx_HAL_Driver/Src/stm32u5xx_hal_dma_ex.o
LOAD ./Drivers/STM32U5xx_HAL_Driver/Src/stm32u5xx_hal_exti.o
LOAD ./Drivers/STM32U5xx_HAL_Driver/Src/stm32u5xx_hal_flash.o
LOAD ./Drivers/STM32U5xx_HAL_Driver/Src/stm32u5xx_hal_flash_ex.o
LOAD ./Drivers/STM32U5xx_HAL_Driver/Src/stm32u5xx_hal_gpio.o
LOAD ./Drivers/STM32U5xx_HAL_Driver/Src/stm32u5xx_hal_gtzc.o
LOAD ./Drivers/STM32U5xx_HAL_Driver/Src/stm32u5xx_hal_i2c.o
LOAD ./Drivers/STM32U5xx_HAL_Driver/Src/stm32u5xx_hal_i2c_ex.o
LOAD ./Drivers/STM32U5xx_HAL_Driver/Src/stm32u5xx_hal_icache.o
LOAD ./Drivers/STM32U5xx_HAL_Driver/Src/stm32u5xx_hal_pwr.o
LOAD ./Drivers/STM32U5xx_HAL_Driver/Src/stm32u5xx_hal_pwr_ex.o
LOAD ./Drivers/STM32U5xx_HAL_Driver/Src/stm32u5xx_hal_rcc.o
LOAD ./Drivers/STM32U5xx_HAL_Driver/Src/stm32u5xx_hal_rcc_ex.o
LOAD ./Drivers/STM32U5xx_HAL_Driver/Src/stm32u5xx_hal_tim.o
LOAD ./Drivers/STM32U5xx_HAL_Driver/Src/stm32u5xx_hal_tim_ex.o
LOAD ./Drivers/STM32U5xx_HAL_Driver/Src/stm32u5xx_hal_uart.o
LOAD ./Drivers/STM32U5xx_HAL_Driver/Src/stm32u5xx_hal_uart_ex.o
LOAD ./X-CUBE-AI/App/network.o
LOAD ./X-CUBE-AI/App/network_data.o
LOAD ./X-CUBE-AI/App/network_data_params.o
LOAD ../Middlewares/ST/AI/Lib\NetworkRuntime1020_CM33_GCC.a
START GROUP
LOAD D:/STM32CubeIDE_2.0.0/STM32CubeIDE/plugins/com.st.stm32cube.ide.mcu.externaltools.gnu-tools-for-stm32.13.3.rel1.win32_1.0.100.202509120712/tools/bin/../lib/gcc/arm-none-eabi/13.3.1/../../../../arm-none-eabi/lib/thumb/v8-m.main+fp/hard\libc_nano.a
LOAD D:/STM32CubeIDE_2.0.0/STM32CubeIDE/plugins/com.st.stm32cube.ide.mcu.externaltools.gnu-tools-for-stm32.13.3.rel1.win32_1.0.100.202509120712/tools/bin/../lib/gcc/arm-none-eabi/13.3.1/../../../../arm-none-eabi/lib/thumb/v8-m.main+fp/hard\libm.a
END GROUP
START GROUP
LOAD D:/STM32CubeIDE_2.0.0/STM32CubeIDE/plugins/com.st.stm32cube.ide.mcu.externaltools.gnu-tools-for-stm32.13.3.rel1.win32_1.0.100.202509120712/tools/bin/../lib/gcc/arm-none-eabi/13.3.1/thumb/v8-m.main+fp/hard\libgcc.a
LOAD D:/STM32CubeIDE_2.0.0/STM32CubeIDE/plugins/com.st.stm32cube.ide.mcu.externaltools.gnu-tools-for-stm32.13.3.rel1.win32_1.0.100.202509120712/tools/bin/../lib/gcc/arm-none-eabi/13.3.1/../../../../arm-none-eabi/lib/thumb/v8-m.main+fp/hard\libc_nano.a
END GROUP
START GROUP
LOAD D:/STM32CubeIDE_2.0.0/STM32CubeIDE/plugins/com.st.stm32cube.ide.mcu.externaltools.gnu-tools-for-stm32.13.3.rel1.win32_1.0.100.202509120712/tools/bin/../lib/gcc/arm-none-eabi/13.3.1/thumb/v8-m.main+fp/hard\libgcc.a
LOAD D:/STM32CubeIDE_2.0.0/STM32CubeIDE/plugins/com.st.stm32cube.ide.mcu.externaltools.gnu-tools-for-stm32.13.3.rel1.win32_1.0.100.202509120712/tools/bin/../lib/gcc/arm-none-eabi/13.3.1/../../../../arm-none-eabi/lib/thumb/v8-m.main+fp/hard\libc_nano.a
LOAD D:/STM32CubeIDE_2.0.0/STM32CubeIDE/plugins/com.st.stm32cube.ide.mcu.externaltools.gnu-tools-for-stm32.13.3.rel1.win32_1.0.100.202509120712/tools/bin/../lib/gcc/arm-none-eabi/13.3.1/../../../../arm-none-eabi/lib/thumb/v8-m.main+fp/hard\libnosys.a
END GROUP
START GROUP
LOAD D:/STM32CubeIDE_2.0.0/STM32CubeIDE/plugins/com.st.stm32cube.ide.mcu.externaltools.gnu-tools-for-stm32.13.3.rel1.win32_1.0.100.202509120712/tools/bin/../lib/gcc/arm-none-eabi/13.3.1/thumb/v8-m.main+fp/hard\libgcc.a
LOAD D:/STM32CubeIDE_2.0.0/STM32CubeIDE/plugins/com.st.stm32cube.ide.mcu.externaltools.gnu-tools-for-stm32.13.3.rel1.win32_1.0.100.202509120712/tools/bin/../lib/gcc/arm-none-eabi/13.3.1/../../../../arm-none-eabi/lib/thumb/v8-m.main+fp/hard\libc_nano.a
LOAD D:/STM32CubeIDE_2.0.0/STM32CubeIDE/plugins/com.st.stm32cube.ide.mcu.externaltools.gnu-tools-for-stm32.13.3.rel1.win32_1.0.100.202509120712/tools/bin/../lib/gcc/arm-none-eabi/13.3.1/../../../../arm-none-eabi/lib/thumb/v8-m.main+fp/hard\libnosys.a
END GROUP
LOAD D:/STM32CubeIDE_2.0.0/STM32CubeIDE/plugins/com.st.stm32cube.ide.mcu.externaltools.gnu-tools-for-stm32.13.3.rel1.win32_1.0.100.202509120712/tools/bin/../lib/gcc/arm-none-eabi/13.3.1/thumb/v8-m.main+fp/hard/crtend.o
LOAD D:/STM32CubeIDE_2.0.0/STM32CubeIDE/plugins/com.st.stm32cube.ide.mcu.externaltools.gnu-tools-for-stm32.13.3.rel1.win32_1.0.100.202509120712/tools/bin/../lib/gcc/arm-none-eabi/13.3.1/thumb/v8-m.main+fp/hard/crtn.o
                0x200c0000                        _estack = (ORIGIN (RAM) + LENGTH (RAM))
                0x00000800                        _Min_Heap_Size = 0x800
                0x00000800                        _Min_Stack_Size = 0x800

.isr_vector     0x08000000      0x238
 *(.isr_vector)
 .isr_vector    0x08000000      0x238 ./Core/Startup/startup_stm32u575zitxq.o
                0x08000000                g_pfnVectors

.text           0x08000240     0xcad4
 *(.text)
 .text          0x08000240       0x40 D:/STM32CubeIDE_2.0.0/STM32CubeIDE/plugins/com.st.stm32cube.ide.mcu.externaltools.gnu-tools-for-stm32.13.3.rel1.win32_1.0.100.202509120712/tools/bin/../lib/gcc/arm-none-eabi/13.3.1/thumb/v8-m.main+fp/hard/crtbegin.o
 .text          0x08000280      0x378 D:/STM32CubeIDE_2.0.0/STM32CubeIDE/plugins/com.st.stm32cube.ide.mcu.externaltools.gnu-tools-for-stm32.13.3.rel1.win32_1.0.100.202509120712/tools/bin/../lib/gcc/arm-none-eabi/13.3.1/thumb/v8-m.main+fp/hard\libgcc.a(_arm_addsubdf3.o)
                0x08000280                __aeabi_drsub
                0x08000288                __aeabi_dsub
                0x08000288                __subdf3
                0x0800028c                __aeabi_dadd
                0x0800028c                __adddf3
                0x08000504                __floatunsidf
                0x08000504                __aeabi_ui2d
                0x08000524                __floatsidf
                0x08000524                __aeabi_i2d
                0x08000548                __aeabi_f2d
                0x08000548                __extendsfdf2
                0x0800058c                __floatundidf
                0x0800058c                __aeabi_ul2d
                0x0800059c                __floatdidf
                0x0800059c                __aeabi_l2d
 .text          0x080005f8      0x424 D:/STM32CubeIDE_2.0.0/STM32CubeIDE/plugins/com.st.stm32cube.ide.mcu.externaltools.gnu-tools-for-stm32.13.3.rel1.win32_1.0.100.202509120712/tools/bin/../lib/gcc/arm-none-eabi/13.3.1/thumb/v8-m.main+fp/hard\libgcc.a(_arm_muldivdf3.o)
                0x080005f8                __aeabi_dmul
                0x080005f8                __muldf3
                0x0800084c                __divdf3
                0x0800084c                __aeabi_ddiv
 .text          0x08000a1c       0x30 D:/STM32CubeIDE_2.0.0/STM32CubeIDE/plugins/com.st.stm32cube.ide.mcu.externaltools.gnu-tools-for-stm32.13.3.rel1.win32_1.0.100.202509120712/tools/bin/../lib/gcc/arm-none-eabi/13.3.1/thumb/v8-m.main+fp/hard\libgcc.a(_aeabi_uldivmod.o)
                0x08000a1c                __aeabi_uldivmod
 .text          0x08000a4c       0x28 D:/STM32CubeIDE_2.0.0/STM32CubeIDE/plugins/com.st.stm32cube.ide.mcu.externaltools.gnu-tools-for-stm32.13.3.rel1.win32_1.0.100.202509120712/tools/bin/../lib/gcc/arm-none-eabi/13.3.1/thumb/v8-m.main+fp/hard\libgcc.a(_fixsfdi.o)
                0x08000a4c                __fixsfdi
                0x08000a4c                __aeabi_f2lz
 .text          0x08000a74       0x40 D:/STM32CubeIDE_2.0.0/STM32CubeIDE/plugins/com.st.stm32cube.ide.mcu.externaltools.gnu-tools-for-stm32.13.3.rel1.win32_1.0.100.202509120712/tools/bin/../lib/gcc/arm-none-eabi/13.3.1/thumb/v8-m.main+fp/hard\libgcc.a(_fixunssfdi.o)
                0x08000a74                __fixunssfdi
                0x08000a74                __aeabi_f2ulz
 .text          0x08000ab4      0x348 D:/STM32CubeIDE_2.0.0/STM32CubeIDE/plugins/com.st.stm32cube.ide.mcu.externaltools.gnu-tools-for-stm32.13.3.rel1.win32_1.0.100.202509120712/tools/bin/../lib/gcc/arm-none-eabi/13.3.1/thumb/v8-m.main+fp/hard\libgcc.a(_udivmoddi4.o)
                0x08000ab4                __udivmoddi4
 .text          0x08000dfc        0x4 D:/STM32CubeIDE_2.0.0/STM32CubeIDE/plugins/com.st.stm32cube.ide.mcu.externaltools.gnu-tools-for-stm32.13.3.rel1.win32_1.0.100.202509120712/tools/bin/../lib/gcc/arm-none-eabi/13.3.1/thumb/v8-m.main+fp/hard\libgcc.a(_dvmd_tls.o)
                0x08000dfc                __aeabi_idiv0
                0x08000dfc                __aeabi_ldiv0
 .text          0x08000e00       0x40 D:/STM32CubeIDE_2.0.0/STM32CubeIDE/plugins/com.st.stm32cube.ide.mcu.externaltools.gnu-tools-for-stm32.13.3.rel1.win32_1.0.100.202509120712/tools/bin/../lib/gcc/arm-none-eabi/13.3.1/thumb/v8-m.main+fp/hard\libgcc.a(_arm_fixunsdfsi.o)
                0x08000e00                __aeabi_d2uiz
                0x08000e00                __fixunsdfsi
 *(.text*)
 .text.nucleo_on_safe_req
                0x08000e40        0x2 ./Core/Src/UART/nucleo_uart_actions.o
                0x08000e40                nucleo_on_safe_req
 .text.nucleo_on_scd_event
                0x08000e42        0x2 ./Core/Src/UART/nucleo_uart_actions.o
                0x08000e42                nucleo_on_scd_event
 .text.nucleo_on_low_batt_mode
                0x08000e44        0x2 ./Core/Src/UART/nucleo_uart_actions.o
                0x08000e44                nucleo_on_low_batt_mode
 .text.nucleo_on_low_batt_lock
                0x08000e46        0x2 ./Core/Src/UART/nucleo_uart_actions.o
                0x08000e46                nucleo_on_low_batt_lock
 .text.nucleo_on_cur_latched
                0x08000e48        0x2 ./Core/Src/UART/nucleo_uart_actions.o
                0x08000e48                nucleo_on_cur_latched
 .text.nucleo_on_low_batt_warn
                0x08000e4a        0x2 ./Core/Src/UART/nucleo_uart_actions.o
                0x08000e4a                nucleo_on_low_batt_warn
 .text.nucleo_on_last_fault
                0x08000e4c        0x2 ./Core/Src/UART/nucleo_uart_actions.o
                0x08000e4c                nucleo_on_last_fault
 *fill*         0x08000e4e        0x2 
 .text.rb_count
                0x08000e50       0x18 ./Core/Src/UART/nucleo_uart_rx.o
 .text.rb_pop   0x08000e68       0x1c ./Core/Src/UART/nucleo_uart_rx.o
 .text.rb_push  0x08000e84       0x34 ./Core/Src/UART/nucleo_uart_rx.o
 .text.nucleo_uart_crc8.part.0
                0x08000eb8       0x30 ./Core/Src/UART/nucleo_uart_rx.o
 .text.rb_peek.isra.0
                0x08000ee8       0x28 ./Core/Src/UART/nucleo_uart_rx.o
 .text.nucleo_uart_parse_frame
                0x08000f10       0xdc ./Core/Src/UART/nucleo_uart_rx.o
 .text.nucleo_uart_rx_init
                0x08000fec       0x24 ./Core/Src/UART/nucleo_uart_rx.o
                0x08000fec                nucleo_uart_rx_init
 .text.nucleo_uart_rx_push_block
                0x08001010       0x24 ./Core/Src/UART/nucleo_uart_rx.o
                0x08001010                nucleo_uart_rx_push_block
 .text.nucleo_uart_rx_process
                0x08001034       0x9a ./Core/Src/UART/nucleo_uart_rx.o
                0x08001034                nucleo_uart_rx_process
 *fill*         0x080010ce        0x2 
 .text.nucleo_uart_rx_port_init
                0x080010d0       0x14 ./Core/Src/UART/nucleo_uart_rx_port.o
                0x080010d0                nucleo_uart_rx_port_init
 .text.nucleo_uart_rx_port_process
                0x080010e4        0x4 ./Core/Src/UART/nucleo_uart_rx_port.o
                0x080010e4                nucleo_uart_rx_port_process
 .text.nucleo_uart_rx_port_on_rx_block
                0x080010e8       0x18 ./Core/Src/UART/nucleo_uart_rx_port.o
                0x080010e8                nucleo_uart_rx_port_on_rx_block
 .text.delay_ns
                0x08001100       0x38 ./Core/Src/ad7606.o
 .text.ad7606_init
                0x08001138      0x20c ./Core/Src/ad7606.o
                0x08001138                ad7606_init
 .text.ad7606_read_all_channels
                0x08001344       0xb8 ./Core/Src/ad7606.o
                0x08001344                ad7606_read_all_channels
 .text.ann_init
                0x080013fc       0x2c ./Core/Src/ann_infer.o
                0x080013fc                ann_init
 .text.ann_predict
                0x08001428      0x134 ./Core/Src/ann_infer.o
                0x08001428                ann_predict
 .text.circular_list_add
                0x0800155c       0x38 ./Core/Src/circular_list.o
                0x0800155c                circular_list_add
 .text.circular_list_sum_sq
                0x08001594       0x14 ./Core/Src/circular_list.o
                0x08001594                circular_list_sum_sq
 .text.circular_list_free
                0x080015a8       0x30 ./Core/Src/circular_list.o
                0x080015a8                circular_list_free
 .text.circular_list_init
                0x080015d8       0x6e ./Core/Src/circular_list.o
                0x080015d8                circular_list_init
 *fill*         0x08001646        0x2 
 .text.control_init
                0x08001648       0xa0 ./Core/Src/control_loop.o
                0x08001648                control_init
 .text.control_tick
                0x080016e8      0x120 ./Core/Src/control_loop.o
                0x080016e8                control_tick
 .text.MX_GPDMA1_Init
                0x08001808       0x38 ./Core/Src/gpdma.o
                0x08001808                MX_GPDMA1_Init
 .text.MX_GPIO_Init
                0x08001840       0xa0 ./Core/Src/gpio.o
                0x08001840                MX_GPIO_Init
 .text.MX_ICACHE_Init
                0x080018e0       0x1e ./Core/Src/icache.o
                0x080018e0                MX_ICACHE_Init
 .text.SystemClock_Config
                0x080018fe       0x7e ./Core/Src/main.o
                0x080018fe                SystemClock_Config
 .text.startup.main
                0x0800197c       0x78 ./Core/Src/main.o
                0x0800197c                main
 .text.HAL_TIM_PeriodElapsedCallback
                0x080019f4       0x14 ./Core/Src/main.o
                0x080019f4                HAL_TIM_PeriodElapsedCallback
 .text.Error_Handler
                0x08001a08        0x4 ./Core/Src/main.o
                0x08001a08                Error_Handler
 .text.rms_filter_init
                0x08001a0c       0x26 ./Core/Src/rms_filter.o
                0x08001a0c                rms_filter_init
 .text.rms_filter_update
                0x08001a32       0x72 ./Core/Src/rms_filter.o
                0x08001a32                rms_filter_update
 .text.rms_filter_ready
                0x08001aa4        0xe ./Core/Src/rms_filter.o
                0x08001aa4                rms_filter_ready
 *fill*         0x08001ab2        0x2 
 .text.rms_filter_build_features
                0x08001ab4       0x78 ./Core/Src/rms_filter.o
                0x08001ab4                rms_filter_build_features
 .text.rms_filter_reset
                0x08001b2c        0x8 ./Core/Src/rms_filter.o
                0x08001b2c                rms_filter_reset
 .text.HAL_MspInit
                0x08001b34       0x28 ./Core/Src/stm32u5xx_hal_msp.o
                0x08001b34                HAL_MspInit
 .text.HAL_InitTick
                0x08001b5c       0x94 ./Core/Src/stm32u5xx_hal_timebase_tim.o
                0x08001b5c                HAL_InitTick
 .text.uart_dma_idle_init
                0x08001bf0       0x3c ./Core/Src/stm32u5xx_it.o
                0x08001bf0                uart_dma_idle_init
 .text.NMI_Handler
                0x08001c2c        0x2 ./Core/Src/stm32u5xx_it.o
                0x08001c2c                NMI_Handler
 .text.HardFault_Handler
                0x08001c2e        0x2 ./Core/Src/stm32u5xx_it.o
                0x08001c2e                HardFault_Handler
 .text.MemManage_Handler
                0x08001c30        0x2 ./Core/Src/stm32u5xx_it.o
                0x08001c30                MemManage_Handler
 .text.BusFault_Handler
                0x08001c32        0x2 ./Core/Src/stm32u5xx_it.o
                0x08001c32                BusFault_Handler
 .text.UsageFault_Handler
                0x08001c34        0x2 ./Core/Src/stm32u5xx_it.o
                0x08001c34                UsageFault_Handler
 .text.SVC_Handler
                0x08001c36        0x2 ./Core/Src/stm32u5xx_it.o
                0x08001c36                SVC_Handler
 .text.DebugMon_Handler
                0x08001c38        0x2 ./Core/Src/stm32u5xx_it.o
                0x08001c38                DebugMon_Handler
 .text.PendSV_Handler
                0x08001c3a        0x2 ./Core/Src/stm32u5xx_it.o
                0x08001c3a                PendSV_Handler
 .text.SysTick_Handler
                0x08001c3c        0x2 ./Core/Src/stm32u5xx_it.o
                0x08001c3c                SysTick_Handler
 *fill*         0x08001c3e        0x2 
 .text.GPDMA1_Channel1_IRQHandler
                0x08001c40        0xc ./Core/Src/stm32u5xx_it.o
                0x08001c40                GPDMA1_Channel1_IRQHandler
 .text.USART1_IRQHandler
                0x08001c4c       0x80 ./Core/Src/stm32u5xx_it.o
                0x08001c4c                USART1_IRQHandler
 .text.TIM17_IRQHandler
                0x08001ccc        0xc ./Core/Src/stm32u5xx_it.o
                0x08001ccc                TIM17_IRQHandler
 .text._sbrk    0x08001cd8       0x40 ./Core/Src/sysmem.o
                0x08001cd8                _sbrk
 .text.SystemInit
                0x08001d18       0x44 ./Core/Src/system_stm32u5xx.o
                0x08001d18                SystemInit
 .text.MX_USART1_UART_Init
                0x08001d5c       0x64 ./Core/Src/usart.o
                0x08001d5c                MX_USART1_UART_Init
 .text.HAL_UART_MspInit
                0x08001dc0      0x158 ./Core/Src/usart.o
                0x08001dc0                HAL_UART_MspInit
 .text.Reset_Handler
                0x08001f18       0x50 ./Core/Startup/startup_stm32u575zitxq.o
                0x08001f18                Reset_Handler
 .text.Default_Handler
                0x08001f68        0x2 ./Core/Startup/startup_stm32u575zitxq.o
                0x08001f68                EXTI2_IRQHandler
                0x08001f68                TIM8_TRG_COM_IRQHandler
                0x08001f68                TIM8_CC_IRQHandler
                0x08001f68                EXTI5_IRQHandler
                0x08001f68                FLASH_S_IRQHandler
                0x08001f68                EXTI13_IRQHandler
                0x08001f68                TIM1_CC_IRQHandler
                0x08001f68                TSC_IRQHandler
                0x08001f68                TAMP_IRQHandler
                0x08001f68                TIM6_IRQHandler
                0x08001f68                EXTI12_IRQHandler
                0x08001f68                CORDIC_IRQHandler
                0x08001f68                EXTI3_IRQHandler
                0x08001f68                LPTIM4_IRQHandler
                0x08001f68                GPDMA1_Channel5_IRQHandler
                0x08001f68                EXTI8_IRQHandler
                0x08001f68                LPTIM2_IRQHandler
                0x08001f68                I2C3_ER_IRQHandler
                0x08001f68                PWR_S3WU_IRQHandler
                0x08001f68                MDF1_FLT2_IRQHandler
                0x08001f68                LPDMA1_Channel3_IRQHandler
                0x08001f68                LPTIM3_IRQHandler
                0x08001f68                EXTI0_IRQHandler
                0x08001f68                I2C2_EV_IRQHandler
                0x08001f68                FPU_IRQHandler
                0x08001f68                GPDMA1_Channel3_IRQHandler
                0x08001f68                GPDMA1_Channel7_IRQHandler
                0x08001f68                MDF1_FLT4_IRQHandler
                0x08001f68                FDCAN1_IT1_IRQHandler
                0x08001f68                RAMCFG_IRQHandler
                0x08001f68                GPDMA1_Channel9_IRQHandler
                0x08001f68                DCACHE1_IRQHandler
                0x08001f68                SPI1_IRQHandler
                0x08001f68                OCTOSPI1_IRQHandler
                0x08001f68                GPDMA1_Channel2_IRQHandler
                0x08001f68                TIM8_UP_IRQHandler
                0x08001f68                RCC_S_IRQHandler
                0x08001f68                OCTOSPI2_IRQHandler
                0x08001f68                SAI2_IRQHandler
                0x08001f68                MDF1_FLT1_IRQHandler
                0x08001f68                ADC1_IRQHandler
                0x08001f68                MDF1_FLT5_IRQHandler
                0x08001f68                EXTI15_IRQHandler
                0x08001f68                USART3_IRQHandler
                0x08001f68                RTC_IRQHandler
                0x08001f68                EXTI9_IRQHandler
                0x08001f68                UART5_IRQHandler
                0x08001f68                TIM4_IRQHandler
                0x08001f68                I2C1_EV_IRQHandler
                0x08001f68                GPDMA1_Channel12_IRQHandler
                0x08001f68                TIM16_IRQHandler
                0x08001f68                GPDMA1_Channel15_IRQHandler
                0x08001f68                UART4_IRQHandler
                0x08001f68                SecureFault_Handler
                0x08001f68                TIM3_IRQHandler
                0x08001f68                RCC_IRQHandler
                0x08001f68                TIM1_TRG_COM_IRQHandler
                0x08001f68                Default_Handler
                0x08001f68                GPDMA1_Channel8_IRQHandler
                0x08001f68                FMAC_IRQHandler
                0x08001f68                GPDMA1_Channel11_IRQHandler
                0x08001f68                TIM7_IRQHandler
                0x08001f68                SDMMC1_IRQHandler
                0x08001f68                TIM5_IRQHandler
                0x08001f68                UCPD1_IRQHandler
                0x08001f68                GPDMA1_Channel0_IRQHandler
                0x08001f68                TIM15_IRQHandler
                0x08001f68                I2C3_EV_IRQHandler
                0x08001f68                LPDMA1_Channel0_IRQHandler
                0x08001f68                PVD_PVM_IRQHandler
                0x08001f68                SPI2_IRQHandler
                0x08001f68                LPDMA1_Channel1_IRQHandler
                0x08001f68                EXTI14_IRQHandler
                0x08001f68                EXTI11_IRQHandler
                0x08001f68                CRS_IRQHandler
                0x08001f68                GPDMA1_Channel14_IRQHandler
                0x08001f68                LSECSSD_IRQHandler
                0x08001f68                EXTI4_IRQHandler
                0x08001f68                RTC_S_IRQHandler
                0x08001f68                GPDMA1_Channel13_IRQHandler
                0x08001f68                RNG_IRQHandler
                0x08001f68                COMP_IRQHandler
                0x08001f68                TIM1_UP_IRQHandler
                0x08001f68                ADC4_IRQHandler
                0x08001f68                WWDG_IRQHandler
                0x08001f68                I2C4_EV_IRQHandler
                0x08001f68                ADF1_IRQHandler
                0x08001f68                IWDG_IRQHandler
                0x08001f68                LPUART1_IRQHandler
                0x08001f68                MDF1_FLT0_IRQHandler
                0x08001f68                FDCAN1_IT0_IRQHandler
                0x08001f68                TIM2_IRQHandler
                0x08001f68                GPDMA1_Channel4_IRQHandler
                0x08001f68                EXTI7_IRQHandler
                0x08001f68                DMA2D_IRQHandler
                0x08001f68                TIM1_BRK_IRQHandler
                0x08001f68                EXTI1_IRQHandler
                0x08001f68                SDMMC2_IRQHandler
                0x08001f68                DAC1_IRQHandler
                0x08001f68                GTZC_IRQHandler
                0x08001f68                MDF1_FLT3_IRQHandler
                0x08001f68                USART2_IRQHandler
                0x08001f68                GPDMA1_Channel6_IRQHandler
                0x08001f68                I2C2_ER_IRQHandler
                0x08001f68                TIM8_BRK_IRQHandler
                0x08001f68                FLASH_IRQHandler
                0x08001f68                EXTI10_IRQHandler
                0x08001f68                OTG_FS_IRQHandler
                0x08001f68                SPI3_IRQHandler
                0x08001f68                LPDMA1_Channel2_IRQHandler
                0x08001f68                I2C1_ER_IRQHandler
                0x08001f68                FMC_IRQHandler
                0x08001f68                EXTI6_IRQHandler
                0x08001f68                LPTIM1_IRQHandler
                0x08001f68                DCMI_PSSI_IRQHandler
                0x08001f68                I2C4_ER_IRQHandler
                0x08001f68                GPDMA1_Channel10_IRQHandler
                0x08001f68                ICACHE_IRQHandler
                0x08001f68                SAI1_IRQHandler
                0x08001f68                HASH_IRQHandler
 *fill*         0x08001f6a        0x2 
 .text.HAL_Init
                0x08001f6c       0x54 ./Drivers/STM32U5xx_HAL_Driver/Src/stm32u5xx_hal.o
                0x08001f6c                HAL_Init
 .text.HAL_IncTick
                0x08001fc0       0x18 ./Drivers/STM32U5xx_HAL_Driver/Src/stm32u5xx_hal.o
                0x08001fc0                HAL_IncTick
 .text.HAL_GetTick
                0x08001fd8        0xc ./Drivers/STM32U5xx_HAL_Driver/Src/stm32u5xx_hal.o
                0x08001fd8                HAL_GetTick
 .text.HAL_Delay
                0x08001fe4       0x24 ./Drivers/STM32U5xx_HAL_Driver/Src/stm32u5xx_hal.o
                0x08001fe4                HAL_Delay
 .text.HAL_NVIC_SetPriorityGrouping
                0x08002008       0x24 ./Drivers/STM32U5xx_HAL_Driver/Src/stm32u5xx_hal_cortex.o
                0x08002008                HAL_NVIC_SetPriorityGrouping
 .text.HAL_NVIC_SetPriority
                0x0800202c       0x60 ./Drivers/STM32U5xx_HAL_Driver/Src/stm32u5xx_hal_cortex.o
                0x0800202c                HAL_NVIC_SetPriority
 .text.HAL_NVIC_EnableIRQ
                0x0800208c       0x1c ./Drivers/STM32U5xx_HAL_Driver/Src/stm32u5xx_hal_cortex.o
                0x0800208c                HAL_NVIC_EnableIRQ
 .text.HAL_SYSTICK_CLKSourceConfig
                0x080020a8       0x74 ./Drivers/STM32U5xx_HAL_Driver/Src/stm32u5xx_hal_cortex.o
                0x080020a8                HAL_SYSTICK_CLKSourceConfig
 .text.HAL_DMA_Start_IT
                0x0800211c       0x78 ./Drivers/STM32U5xx_HAL_Driver/Src/stm32u5xx_hal_dma.o
                0x0800211c                HAL_DMA_Start_IT
 .text.HAL_DMA_Abort
                0x08002194       0x94 ./Drivers/STM32U5xx_HAL_Driver/Src/stm32u5xx_hal_dma.o
                0x08002194                HAL_DMA_Abort
 .text.HAL_DMA_Abort_IT
                0x08002228       0x2a ./Drivers/STM32U5xx_HAL_Driver/Src/stm32u5xx_hal_dma.o
                0x08002228                HAL_DMA_Abort_IT
 .text.HAL_DMA_IRQHandler
                0x08002252      0x17e ./Drivers/STM32U5xx_HAL_Driver/Src/stm32u5xx_hal_dma.o
                0x08002252                HAL_DMA_IRQHandler
 .text.HAL_DMA_ConfigChannelAttributes
                0x080023d0       0x3c ./Drivers/STM32U5xx_HAL_Driver/Src/stm32u5xx_hal_dma.o
                0x080023d0                HAL_DMA_ConfigChannelAttributes
 .text.DMA_List_CheckNodesBaseAddresses
                0x0800240c       0x22 ./Drivers/STM32U5xx_HAL_Driver/Src/stm32u5xx_hal_dma_ex.o
 .text.DMA_List_CheckNodesTypes
                0x0800242e       0x34 ./Drivers/STM32U5xx_HAL_Driver/Src/stm32u5xx_hal_dma_ex.o
 *fill*         0x08002462        0x2 
 .text.DMA_List_FindNode
                0x08002464       0xac ./Drivers/STM32U5xx_HAL_Driver/Src/stm32u5xx_hal_dma_ex.o
 .text.DMA_List_GetCLLRNodeInfo.isra.0
                0x08002510       0x28 ./Drivers/STM32U5xx_HAL_Driver/Src/stm32u5xx_hal_dma_ex.o
 .text.HAL_DMAEx_List_Init
                0x08002538      0x1f0 ./Drivers/STM32U5xx_HAL_Driver/Src/stm32u5xx_hal_dma_ex.o
                0x08002538                HAL_DMAEx_List_Init
 .text.HAL_DMAEx_List_Start_IT
                0x08002728       0xa4 ./Drivers/STM32U5xx_HAL_Driver/Src/stm32u5xx_hal_dma_ex.o
                0x08002728                HAL_DMAEx_List_Start_IT
 .text.HAL_DMAEx_List_BuildNode
                0x080027cc      0x138 ./Drivers/STM32U5xx_HAL_Driver/Src/stm32u5xx_hal_dma_ex.o
                0x080027cc                HAL_DMAEx_List_BuildNode
 .text.HAL_DMAEx_List_InsertNode
                0x08002904       0xde ./Drivers/STM32U5xx_HAL_Driver/Src/stm32u5xx_hal_dma_ex.o
                0x08002904                HAL_DMAEx_List_InsertNode
 .text.HAL_DMAEx_List_SetCircularMode
                0x080029e2       0x62 ./Drivers/STM32U5xx_HAL_Driver/Src/stm32u5xx_hal_dma_ex.o
                0x080029e2                HAL_DMAEx_List_SetCircularMode
 .text.HAL_DMAEx_List_LinkQ
                0x08002a44       0xa0 ./Drivers/STM32U5xx_HAL_Driver/Src/stm32u5xx_hal_dma_ex.o
                0x08002a44                HAL_DMAEx_List_LinkQ
 .text.HAL_GPIO_Init
                0x08002ae4      0x218 ./Drivers/STM32U5xx_HAL_Driver/Src/stm32u5xx_hal_gpio.o
                0x08002ae4                HAL_GPIO_Init
 .text.HAL_GPIO_ReadPin
                0x08002cfc        0xc ./Drivers/STM32U5xx_HAL_Driver/Src/stm32u5xx_hal_gpio.o
                0x08002cfc                HAL_GPIO_ReadPin
 .text.HAL_GPIO_WritePin
                0x08002d08        0xa ./Drivers/STM32U5xx_HAL_Driver/Src/stm32u5xx_hal_gpio.o
                0x08002d08                HAL_GPIO_WritePin
 .text.HAL_GPIO_TogglePin
                0x08002d12       0x12 ./Drivers/STM32U5xx_HAL_Driver/Src/stm32u5xx_hal_gpio.o
                0x08002d12                HAL_GPIO_TogglePin
 .text.HAL_ICACHE_ConfigAssociativityMode
                0x08002d24       0x20 ./Drivers/STM32U5xx_HAL_Driver/Src/stm32u5xx_hal_icache.o
                0x08002d24                HAL_ICACHE_ConfigAssociativityMode
 .text.HAL_ICACHE_Enable
                0x08002d44       0x14 ./Drivers/STM32U5xx_HAL_Driver/Src/stm32u5xx_hal_icache.o
                0x08002d44                HAL_ICACHE_Enable
 .text.HAL_PWREx_ControlVoltageScaling
                0x08002d58       0x80 ./Drivers/STM32U5xx_HAL_Driver/Src/stm32u5xx_hal_pwr_ex.o
                0x08002d58                HAL_PWREx_ControlVoltageScaling
 .text.HAL_PWREx_GetVoltageRange
                0x08002dd8       0x10 ./Drivers/STM32U5xx_HAL_Driver/Src/stm32u5xx_hal_pwr_ex.o
                0x08002dd8                HAL_PWREx_GetVoltageRange
 .text.HAL_PWREx_ConfigSupply
                0x08002de8       0x58 ./Drivers/STM32U5xx_HAL_Driver/Src/stm32u5xx_hal_pwr_ex.o
                0x08002de8                HAL_PWREx_ConfigSupply
 .text.HAL_PWREx_DisableUCPDDeadBattery
                0x08002e40       0x10 ./Drivers/STM32U5xx_HAL_Driver/Src/stm32u5xx_hal_pwr_ex.o
                0x08002e40                HAL_PWREx_DisableUCPDDeadBattery
 .text.RCC_SetFlashLatencyFromMSIRange
                0x08002e50       0xb8 ./Drivers/STM32U5xx_HAL_Driver/Src/stm32u5xx_hal_rcc.o
 .text.HAL_RCC_GetSysClockFreq
                0x08002f08       0xf8 ./Drivers/STM32U5xx_HAL_Driver/Src/stm32u5xx_hal_rcc.o
                0x08002f08                HAL_RCC_GetSysClockFreq
 .text.HAL_RCC_ClockConfig
                0x08003000      0x29c ./Drivers/STM32U5xx_HAL_Driver/Src/stm32u5xx_hal_rcc.o
                0x08003000                HAL_RCC_ClockConfig
 .text.HAL_RCC_GetHCLKFreq
                0x0800329c       0x28 ./Drivers/STM32U5xx_HAL_Driver/Src/stm32u5xx_hal_rcc.o
                0x0800329c                HAL_RCC_GetHCLKFreq
 .text.HAL_RCC_OscConfig
                0x080032c4      0x8c0 ./Drivers/STM32U5xx_HAL_Driver/Src/stm32u5xx_hal_rcc.o
                0x080032c4                HAL_RCC_OscConfig
 .text.HAL_RCC_GetPCLK1Freq
                0x08003b84       0x20 ./Drivers/STM32U5xx_HAL_Driver/Src/stm32u5xx_hal_rcc.o
                0x08003b84                HAL_RCC_GetPCLK1Freq
 .text.HAL_RCC_GetPCLK2Freq
                0x08003ba4       0x20 ./Drivers/STM32U5xx_HAL_Driver/Src/stm32u5xx_hal_rcc.o
                0x08003ba4                HAL_RCC_GetPCLK2Freq
 .text.HAL_RCC_GetPCLK3Freq
                0x08003bc4       0x20 ./Drivers/STM32U5xx_HAL_Driver/Src/stm32u5xx_hal_rcc.o
                0x08003bc4                HAL_RCC_GetPCLK3Freq
 .text.HAL_RCC_GetClockConfig
                0x08003be4       0x44 ./Drivers/STM32U5xx_HAL_Driver/Src/stm32u5xx_hal_rcc.o
                0x08003be4                HAL_RCC_GetClockConfig
 .text.RCCEx_PLL3_Config
                0x08003c28       0xd4 ./Drivers/STM32U5xx_HAL_Driver/Src/stm32u5xx_hal_rcc_ex.o
 .text.RCCEx_PLL2_Config
                0x08003cfc       0xd4 ./Drivers/STM32U5xx_HAL_Driver/Src/stm32u5xx_hal_rcc_ex.o
 .text.HAL_RCCEx_PeriphCLKConfig
                0x08003dd0      0x5a0 ./Drivers/STM32U5xx_HAL_Driver/Src/stm32u5xx_hal_rcc_ex.o
                0x08003dd0                HAL_RCCEx_PeriphCLKConfig
 .text.HAL_RCCEx_GetPLL1ClockFreq
                0x08004370      0x134 ./Drivers/STM32U5xx_HAL_Driver/Src/stm32u5xx_hal_rcc_ex.o
                0x08004370                HAL_RCCEx_GetPLL1ClockFreq
 .text.HAL_RCCEx_GetPLL2ClockFreq
                0x080044a4      0x134 ./Drivers/STM32U5xx_HAL_Driver/Src/stm32u5xx_hal_rcc_ex.o
                0x080044a4                HAL_RCCEx_GetPLL2ClockFreq
 .text.HAL_RCCEx_GetPLL3ClockFreq
                0x080045d8      0x134 ./Drivers/STM32U5xx_HAL_Driver/Src/stm32u5xx_hal_rcc_ex.o
                0x080045d8                HAL_RCCEx_GetPLL3ClockFreq
 .text.HAL_RCCEx_GetPeriphCLKFreq
                0x0800470c      0xbf0 ./Drivers/STM32U5xx_HAL_Driver/Src/stm32u5xx_hal_rcc_ex.o
                0x0800470c                HAL_RCCEx_GetPeriphCLKFreq
 .text.HAL_TIM_Base_MspInit
                0x080052fc        0x2 ./Drivers/STM32U5xx_HAL_Driver/Src/stm32u5xx_hal_tim.o
                0x080052fc                HAL_TIM_Base_MspInit
 *fill*         0x080052fe        0x2 
 .text.HAL_TIM_Base_Start_IT
                0x08005300       0xb4 ./Drivers/STM32U5xx_HAL_Driver/Src/stm32u5xx_hal_tim.o
                0x08005300                HAL_TIM_Base_Start_IT
 .text.HAL_TIM_OC_DelayElapsedCallback
                0x080053b4        0x2 ./Drivers/STM32U5xx_HAL_Driver/Src/stm32u5xx_hal_tim.o
                0x080053b4                HAL_TIM_OC_DelayElapsedCallback
 .text.HAL_TIM_IC_CaptureCallback
                0x080053b6        0x2 ./Drivers/STM32U5xx_HAL_Driver/Src/stm32u5xx_hal_tim.o
                0x080053b6                HAL_TIM_IC_CaptureCallback
 .text.HAL_TIM_PWM_PulseFinishedCallback
                0x080053b8        0x2 ./Drivers/STM32U5xx_HAL_Driver/Src/stm32u5xx_hal_tim.o
                0x080053b8                HAL_TIM_PWM_PulseFinishedCallback
 .text.HAL_TIM_TriggerCallback
                0x080053ba        0x2 ./Drivers/STM32U5xx_HAL_Driver/Src/stm32u5xx_hal_tim.o
                0x080053ba                HAL_TIM_TriggerCallback
 .text.HAL_TIM_IRQHandler
                0x080053bc      0x19e ./Drivers/STM32U5xx_HAL_Driver/Src/stm32u5xx_hal_tim.o
                0x080053bc                HAL_TIM_IRQHandler
 *fill*         0x0800555a        0x2 
 .text.TIM_Base_SetConfig
                0x0800555c      0x11c ./Drivers/STM32U5xx_HAL_Driver/Src/stm32u5xx_hal_tim.o
                0x0800555c                TIM_Base_SetConfig
 .text.HAL_TIM_Base_Init
                0x08005678       0x60 ./Drivers/STM32U5xx_HAL_Driver/Src/stm32u5xx_hal_tim.o
                0x08005678                HAL_TIM_Base_Init
 .text.HAL_TIMEx_CommutCallback
                0x080056d8        0x2 ./Drivers/STM32U5xx_HAL_Driver/Src/stm32u5xx_hal_tim_ex.o
                0x080056d8                HAL_TIMEx_CommutCallback
 .text.HAL_TIMEx_BreakCallback
                0x080056da        0x2 ./Drivers/STM32U5xx_HAL_Driver/Src/stm32u5xx_hal_tim_ex.o
                0x080056da                HAL_TIMEx_BreakCallback
 .text.HAL_TIMEx_Break2Callback
                0x080056dc        0x2 ./Drivers/STM32U5xx_HAL_Driver/Src/stm32u5xx_hal_tim_ex.o
                0x080056dc                HAL_TIMEx_Break2Callback
 .text.HAL_TIMEx_EncoderIndexCallback
                0x080056de        0x2 ./Drivers/STM32U5xx_HAL_Driver/Src/stm32u5xx_hal_tim_ex.o
                0x080056de                HAL_TIMEx_EncoderIndexCallback
 .text.HAL_TIMEx_DirectionChangeCallback
                0x080056e0        0x2 ./Drivers/STM32U5xx_HAL_Driver/Src/stm32u5xx_hal_tim_ex.o
                0x080056e0                HAL_TIMEx_DirectionChangeCallback
 .text.HAL_TIMEx_IndexErrorCallback
                0x080056e2        0x2 ./Drivers/STM32U5xx_HAL_Driver/Src/stm32u5xx_hal_tim_ex.o
                0x080056e2                HAL_TIMEx_IndexErrorCallback
 .text.HAL_TIMEx_TransitionErrorCallback
                0x080056e4        0x2 ./Drivers/STM32U5xx_HAL_Driver/Src/stm32u5xx_hal_tim_ex.o
                0x080056e4                HAL_TIMEx_TransitionErrorCallback
 .text.UART_EndTxTransfer
                0x080056e6       0x34 ./Drivers/STM32U5xx_HAL_Driver/Src/stm32u5xx_hal_uart.o
 *fill*         0x0800571a        0x2 
 .text.UART_EndRxTransfer
                0x0800571c       0x58 ./Drivers/STM32U5xx_HAL_Driver/Src/stm32u5xx_hal_uart.o
 .text.HAL_UART_TxCpltCallback
                0x08005774        0x2 ./Drivers/STM32U5xx_HAL_Driver/Src/stm32u5xx_hal_uart.o
                0x08005774                HAL_UART_TxCpltCallback
 .text.HAL_UART_RxCpltCallback
                0x08005776        0x2 ./Drivers/STM32U5xx_HAL_Driver/Src/stm32u5xx_hal_uart.o
                0x08005776                HAL_UART_RxCpltCallback
 .text.HAL_UART_RxHalfCpltCallback
                0x08005778        0x2 ./Drivers/STM32U5xx_HAL_Driver/Src/stm32u5xx_hal_uart.o
                0x08005778                HAL_UART_RxHalfCpltCallback
 .text.HAL_UART_ErrorCallback
                0x0800577a        0x2 ./Drivers/STM32U5xx_HAL_Driver/Src/stm32u5xx_hal_uart.o
                0x0800577a                HAL_UART_ErrorCallback
 .text.UART_DMAError
                0x0800577c       0x48 ./Drivers/STM32U5xx_HAL_Driver/Src/stm32u5xx_hal_uart.o
 .text.UART_DMAAbortOnError
                0x080057c4       0x10 ./Drivers/STM32U5xx_HAL_Driver/Src/stm32u5xx_hal_uart.o
 .text.HAL_UARTEx_RxEventCallback
                0x080057d4        0x2 ./Drivers/STM32U5xx_HAL_Driver/Src/stm32u5xx_hal_uart.o
                0x080057d4                HAL_UARTEx_RxEventCallback
 *fill*         0x080057d6        0x2 
 .text.HAL_UART_IRQHandler
                0x080057d8      0x2ac ./Drivers/STM32U5xx_HAL_Driver/Src/stm32u5xx_hal_uart.o
                0x080057d8                HAL_UART_IRQHandler
 .text.UART_DMARxHalfCplt
                0x08005a84       0x3c ./Drivers/STM32U5xx_HAL_Driver/Src/stm32u5xx_hal_uart.o
 .text.UART_DMAReceiveCplt
                0x08005ac0       0x8e ./Drivers/STM32U5xx_HAL_Driver/Src/stm32u5xx_hal_uart.o
 *fill*         0x08005b4e        0x2 
 .text.UART_SetConfig
                0x08005b50      0x19c ./Drivers/STM32U5xx_HAL_Driver/Src/stm32u5xx_hal_uart.o
                0x08005b50                UART_SetConfig
 .text.UART_AdvFeatureConfig
                0x08005cec       0xaa ./Drivers/STM32U5xx_HAL_Driver/Src/stm32u5xx_hal_uart.o
                0x08005cec                UART_AdvFeatureConfig
 .text.UART_WaitOnFlagUntilTimeout
                0x08005d96       0x90 ./Drivers/STM32U5xx_HAL_Driver/Src/stm32u5xx_hal_uart.o
                0x08005d96                UART_WaitOnFlagUntilTimeout
 .text.HAL_UART_Transmit
                0x08005e26       0xba ./Drivers/STM32U5xx_HAL_Driver/Src/stm32u5xx_hal_uart.o
                0x08005e26                HAL_UART_Transmit
 .text.UART_CheckIdleState
                0x08005ee0       0xb6 ./Drivers/STM32U5xx_HAL_Driver/Src/stm32u5xx_hal_uart.o
                0x08005ee0                UART_CheckIdleState
 .text.HAL_UART_Init
                0x08005f96       0x60 ./Drivers/STM32U5xx_HAL_Driver/Src/stm32u5xx_hal_uart.o
                0x08005f96                HAL_UART_Init
 *fill*         0x08005ff6        0x2 
 .text.UART_Start_Receive_DMA
                0x08005ff8       0xd0 ./Drivers/STM32U5xx_HAL_Driver/Src/stm32u5xx_hal_uart.o
                0x08005ff8                UART_Start_Receive_DMA
 .text.HAL_UART_Receive_DMA
                0x080060c8       0x4c ./Drivers/STM32U5xx_HAL_Driver/Src/stm32u5xx_hal_uart.o
                0x080060c8                HAL_UART_Receive_DMA
 .text.UARTEx_SetNbDataToProcess
                0x08006114       0x44 ./Drivers/STM32U5xx_HAL_Driver/Src/stm32u5xx_hal_uart_ex.o
 .text.HAL_UARTEx_RxFifoFullCallback
                0x08006158        0x2 ./Drivers/STM32U5xx_HAL_Driver/Src/stm32u5xx_hal_uart_ex.o
                0x08006158                HAL_UARTEx_RxFifoFullCallback
 .text.HAL_UARTEx_TxFifoEmptyCallback
                0x0800615a        0x2 ./Drivers/STM32U5xx_HAL_Driver/Src/stm32u5xx_hal_uart_ex.o
                0x0800615a                HAL_UARTEx_TxFifoEmptyCallback
 .text.HAL_UARTEx_DisableFifoMode
                0x0800615c       0x36 ./Drivers/STM32U5xx_HAL_Driver/Src/stm32u5xx_hal_uart_ex.o
                0x0800615c                HAL_UARTEx_DisableFifoMode
 .text.HAL_UARTEx_SetTxFifoThreshold
                0x08006192       0x40 ./Drivers/STM32U5xx_HAL_Driver/Src/stm32u5xx_hal_uart_ex.o
                0x08006192                HAL_UARTEx_SetTxFifoThreshold
 .text.HAL_UARTEx_SetRxFifoThreshold
                0x080061d2       0x40 ./Drivers/STM32U5xx_HAL_Driver/Src/stm32u5xx_hal_uart_ex.o
                0x080061d2                HAL_UARTEx_SetRxFifoThreshold
 *fill*         0x08006212        0x2 
 .text.ai_network_create
                0x08006214       0x1c ./X-CUBE-AI/App/network.o
                0x08006214                ai_network_create
 .text.ai_network_init
                0x08006230      0x260 ./X-CUBE-AI/App/network.o
                0x08006230                ai_network_init
 .text.ai_network_create_and_init
                0x08006490       0x94 ./X-CUBE-AI/App/network.o
                0x08006490                ai_network_create_and_init
 .text.ai_network_run
                0x08006524        0x4 ./X-CUBE-AI/App/network.o
                0x08006524                ai_network_run
 .text.ai_network_data_weights_get
                0x08006528        0x8 ./X-CUBE-AI/App/network_data.o
                0x08006528                ai_network_data_weights_get
 .text.ai_network_data_params_get
                0x08006530       0x30 ./X-CUBE-AI/App/network_data.o
                0x08006530                ai_network_data_params_get
 .text.ai_buffer_get_size
                0x08006560       0x64 ../Middlewares/ST/AI/Lib\NetworkRuntime1020_CM33_GCC.a(ai_platform.o)
                0x08006560                ai_buffer_get_size
 .text.ai_buffer_array_sane
                0x080065c4       0x14 ../Middlewares/ST/AI/Lib\NetworkRuntime1020_CM33_GCC.a(ai_platform.o)
                0x080065c4                ai_buffer_array_sane
 .text.ai_buffer_array_item_set_address
                0x080065d8       0x1c ../Middlewares/ST/AI/Lib\NetworkRuntime1020_CM33_GCC.a(ai_platform.o)
                0x080065d8                ai_buffer_array_item_set_address
 .text.ai_platform_get_weights_map
                0x080065f4       0xa0 ../Middlewares/ST/AI/Lib\NetworkRuntime1020_CM33_GCC.a(ai_platform_interface.o)
                0x080065f4                ai_platform_get_weights_map
 .text.ai_platform_get_activations_map
                0x08006694       0xa4 ../Middlewares/ST/AI/Lib\NetworkRuntime1020_CM33_GCC.a(ai_platform_interface.o)
                0x08006694                ai_platform_get_activations_map
 .text.ai_platform_bind_network_params
                0x08006738       0x44 ../Middlewares/ST/AI/Lib\NetworkRuntime1020_CM33_GCC.a(ai_platform_interface.o)
                0x08006738                ai_platform_bind_network_params
 .text.ai_platform_network_get_error
                0x0800677c       0x18 ../Middlewares/ST/AI/Lib\NetworkRuntime1020_CM33_GCC.a(ai_platform_interface.o)
                0x0800677c                ai_platform_network_get_error
 .text.ai_platform_network_set_error
                0x08006794        0xc ../Middlewares/ST/AI/Lib\NetworkRuntime1020_CM33_GCC.a(ai_platform_interface.o)
                0x08006794                ai_platform_network_set_error
 .text.ai_platform_network_create
                0x080067a0       0x84 ../Middlewares/ST/AI/Lib\NetworkRuntime1020_CM33_GCC.a(ai_platform_interface.o)
                0x080067a0                ai_platform_network_create
 .text.ai_platform_network_init
                0x08006824      0x130 ../Middlewares/ST/AI/Lib\NetworkRuntime1020_CM33_GCC.a(ai_platform_interface.o)
                0x08006824                ai_platform_network_init
 .text.ai_platform_network_post_init
                0x08006954       0x58 ../Middlewares/ST/AI/Lib\NetworkRuntime1020_CM33_GCC.a(ai_platform_interface.o)
                0x08006954                ai_platform_network_post_init
 .text.ai_platform_network_process
                0x080069ac      0x438 ../Middlewares/ST/AI/Lib\NetworkRuntime1020_CM33_GCC.a(ai_platform_interface.o)
                0x080069ac                ai_platform_network_process
 .text.core_init
                0x08006de4        0x4 ../Middlewares/ST/AI/Lib\NetworkRuntime1020_CM33_GCC.a(core_common.o)
                0x08006de4                core_init
 .text.core_get_error
                0x08006de8        0xc ../Middlewares/ST/AI/Lib\NetworkRuntime1020_CM33_GCC.a(core_common.o)
                0x08006de8                core_get_error
 .text.core_set_error
                0x08006df4       0x18 ../Middlewares/ST/AI/Lib\NetworkRuntime1020_CM33_GCC.a(core_common.o)
                0x08006df4                core_set_error
 .text.ai_check_custom_types
                0x08006e0c       0x50 ../Middlewares/ST/AI/Lib\NetworkRuntime1020_CM33_GCC.a(layers.o)
                0x08006e0c                ai_check_custom_types
 .text.ai_layers_init_all
                0x08006e5c       0x20 ../Middlewares/ST/AI/Lib\NetworkRuntime1020_CM33_GCC.a(layers.o)
                0x08006e5c                ai_layers_init_all
 .text.ai_layers_post_init_all
                0x08006e7c       0x38 ../Middlewares/ST/AI/Lib\NetworkRuntime1020_CM33_GCC.a(layers.o)
                0x08006e7c                ai_layers_post_init_all
 .text.ai_layers_forward_all
                0x08006eb4       0x94 ../Middlewares/ST/AI/Lib\NetworkRuntime1020_CM33_GCC.a(layers.o)
                0x08006eb4                ai_layers_forward_all
 .text.forward_conv2d_deep_sssa8_ch
                0x08006f48      0x1b0 ../Middlewares/ST/AI/Lib\NetworkRuntime1020_CM33_GCC.a(layers_conv2d_sssa8_ch.o)
                0x08006f48                forward_conv2d_deep_sssa8_ch
 .text.forward_conv2d_sssa8_ch
                0x080070f8      0x1c8 ../Middlewares/ST/AI/Lib\NetworkRuntime1020_CM33_GCC.a(layers_conv2d_sssa8_ch.o)
                0x080070f8                forward_conv2d_sssa8_ch
 .text.forward_dense_integer_SSSA
                0x080072c0      0x1e8 ../Middlewares/ST/AI/Lib\NetworkRuntime1020_CM33_GCC.a(layers_conv2d_stm32_integer.o)
                0x080072c0                forward_dense_integer_SSSA
 .text.forward_dense_integer_SSSA_ch
                0x080074a8      0x1e4 ../Middlewares/ST/AI/Lib\NetworkRuntime1020_CM33_GCC.a(layers_conv2d_stm32_integer.o)
                0x080074a8                forward_dense_integer_SSSA_ch
 .text.forward_pad
                0x0800768c       0x20 ../Middlewares/ST/AI/Lib\NetworkRuntime1020_CM33_GCC.a(layers_generic_float.o)
                0x0800768c                forward_pad
 .text.forward_nl_integer
                0x080076ac       0xa0 ../Middlewares/ST/AI/Lib\NetworkRuntime1020_CM33_GCC.a(layers_nl_stm32_integer.o)
                0x080076ac                forward_nl_integer
 .text.forward_pad_8bit_ch1st_3x3_constant
                0x0800774c       0x94 ../Middlewares/ST/AI/Lib\NetworkRuntime1020_CM33_GCC.a(layers_pad_generic.o)
                0x0800774c                forward_pad_8bit_ch1st_3x3_constant
 .text.forward_pad_constant
                0x080077e0       0x8c ../Middlewares/ST/AI/Lib\NetworkRuntime1020_CM33_GCC.a(layers_pad_generic.o)
                0x080077e0                forward_pad_constant
 .text.forward_pad_edge
                0x0800786c       0x80 ../Middlewares/ST/AI/Lib\NetworkRuntime1020_CM33_GCC.a(layers_pad_generic.o)
                0x0800786c                forward_pad_edge
 .text.forward_pad_reflect
                0x080078ec       0xb0 ../Middlewares/ST/AI/Lib\NetworkRuntime1020_CM33_GCC.a(layers_pad_generic.o)
                0x080078ec                forward_pad_reflect
 .text.forward_ap_integer_INT8
                0x0800799c      0x1bc ../Middlewares/ST/AI/Lib\NetworkRuntime1020_CM33_GCC.a(layers_pool_stm32_integer.o)
                0x0800799c                forward_ap_integer_INT8
 .text.forward_lite_dense_is8os8ws8_ch
                0x08007b58       0x80 ../Middlewares/ST/AI/Lib\NetworkRuntime1020_CM33_GCC.a(forward_lite_dense_is8os8ws8_ch.o)
                0x08007b58                forward_lite_dense_is8os8ws8_ch
 .text.forward_lite_dense_is8os8ws8
                0x08007bd8       0x84 ../Middlewares/ST/AI/Lib\NetworkRuntime1020_CM33_GCC.a(forward_lite_dense_is8os8ws8.o)
                0x08007bd8                forward_lite_dense_is8os8ws8
 .text.forward_lite_avepool_is8os8
                0x08007c5c       0x4c ../Middlewares/ST/AI/Lib\NetworkRuntime1020_CM33_GCC.a(forward_lite_avepool_is8os8.o)
                0x08007c5c                forward_lite_avepool_is8os8
 .text.forward_lite_conv2d_deep_sssa8_ch
                0x08007ca8      0x1c0 ../Middlewares/ST/AI/Lib\NetworkRuntime1020_CM33_GCC.a(forward_lite_conv2d_sssa8_ch.o)
                0x08007ca8                forward_lite_conv2d_deep_sssa8_ch
 .text.forward_lite_conv2d_sssa8_ch
                0x08007e68      0xa78 ../Middlewares/ST/AI/Lib\NetworkRuntime1020_CM33_GCC.a(forward_lite_conv2d_sssa8_ch.o)
                0x08007e68                forward_lite_conv2d_sssa8_ch
 .text.forward_lite_pad_8bit_ch1st_3x3_constant_P0022
                0x080088e0       0x60 ../Middlewares/ST/AI/Lib\NetworkRuntime1020_CM33_GCC.a(forward_lite_pad_generic.o)
                0x080088e0                forward_lite_pad_8bit_ch1st_3x3_constant_P0022
 .text.forward_lite_pad_8bit_ch1st_3x3_constant_P1111
                0x08008940      0x17c ../Middlewares/ST/AI/Lib\NetworkRuntime1020_CM33_GCC.a(forward_lite_pad_generic.o)
                0x08008940                forward_lite_pad_8bit_ch1st_3x3_constant_P1111
 .text.forward_lite_pad_constant
                0x08008abc      0x140 ../Middlewares/ST/AI/Lib\NetworkRuntime1020_CM33_GCC.a(forward_lite_pad_generic.o)
                0x08008abc                forward_lite_pad_constant
 .text.forward_lite_pad_edge
                0x08008bfc       0xe4 ../Middlewares/ST/AI/Lib\NetworkRuntime1020_CM33_GCC.a(forward_lite_pad_generic.o)
                0x08008bfc                forward_lite_pad_edge
 .text.forward_lite_pad_reflect
                0x08008ce0      0x150 ../Middlewares/ST/AI/Lib\NetworkRuntime1020_CM33_GCC.a(forward_lite_pad_generic.o)
                0x08008ce0                forward_lite_pad_reflect
 .text.align_factor
                0x08008e30       0xac ../Middlewares/ST/AI/Lib\NetworkRuntime1020_CM33_GCC.a(st_align_factor.o)
                0x08008e30                align_factor
 .text.align_factor_ch
                0x08008edc       0x60 ../Middlewares/ST/AI/Lib\NetworkRuntime1020_CM33_GCC.a(st_align_factor.o)
                0x08008edc                align_factor_ch
 .text.st_int8_to16_no_shift
                0x08008f3c       0xc4 ../Middlewares/ST/AI/Lib\NetworkRuntime1020_CM33_GCC.a(st_int8_to16_no_shift.o)
                0x08008f3c                st_int8_to16_no_shift
 .text.st_int8_to16_no_shift_interleaved
                0x08009000       0x88 ../Middlewares/ST/AI/Lib\NetworkRuntime1020_CM33_GCC.a(st_int8_to16_no_shift.o)
                0x08009000                st_int8_to16_no_shift_interleaved
 .text.st_int8_to16_dual
                0x08009088      0x1d8 ../Middlewares/ST/AI/Lib\NetworkRuntime1020_CM33_GCC.a(st_int8_to16_no_shift.o)
                0x08009088                st_int8_to16_dual
 .text.st_int8_to16_dual_interleaved
                0x08009260      0x178 ../Middlewares/ST/AI/Lib\NetworkRuntime1020_CM33_GCC.a(st_int8_to16_no_shift.o)
                0x08009260                st_int8_to16_dual_interleaved
 .text.ai_padding_opt_init
                0x080093d8       0xb0 ../Middlewares/ST/AI/Lib\NetworkRuntime1020_CM33_GCC.a(st_padding_opt.o)
                0x080093d8                ai_padding_opt_init
 .text.ai_padding_opt_phase1
                0x08009488       0x34 ../Middlewares/ST/AI/Lib\NetworkRuntime1020_CM33_GCC.a(st_padding_opt.o)
                0x08009488                ai_padding_opt_phase1
 .text.st_int8_avepool
                0x080094bc      0x204 ../Middlewares/ST/AI/Lib\NetworkRuntime1020_CM33_GCC.a(st_int8_pool.o)
                0x080094bc                st_int8_avepool
 .text.st_int16_fill
                0x080096c0       0x40 ../Middlewares/ST/AI/Lib\NetworkRuntime1020_CM33_GCC.a(st_int16_fill.o)
                0x080096c0                st_int16_fill
 .text.st_sssa8_ch_convolve_rank1upd
                0x08009700      0x144 ../Middlewares/ST/AI/Lib\NetworkRuntime1020_CM33_GCC.a(st_sssa8_ch_convolve.o)
                0x08009700                st_sssa8_ch_convolve_rank1upd
 .text.st_sssa8_ch_fully_connected
                0x08009844      0x510 ../Middlewares/ST/AI/Lib\NetworkRuntime1020_CM33_GCC.a(st_sssa8_ch_dense.o)
                0x08009844                st_sssa8_ch_fully_connected
 .text.st_sssa8_fully_connected
                0x08009d54      0x364 ../Middlewares/ST/AI/Lib\NetworkRuntime1020_CM33_GCC.a(st_sssa8_dense.o)
                0x08009d54                st_sssa8_fully_connected
 .text.st_int8_copy
                0x0800a0b8      0x13c ../Middlewares/ST/AI/Lib\NetworkRuntime1020_CM33_GCC.a(st_int8_fill.o)
                0x0800a0b8                st_int8_copy
 .text.st_int8_fill
                0x0800a1f4       0x80 ../Middlewares/ST/AI/Lib\NetworkRuntime1020_CM33_GCC.a(st_int8_fill.o)
                0x0800a1f4                st_int8_fill
 .text.st_int8_reordered_no_shift_zero
                0x0800a274       0x68 ../Middlewares/ST/AI/Lib\NetworkRuntime1020_CM33_GCC.a(st_int8_reordered_no_shift.o)
                0x0800a274                st_int8_reordered_no_shift_zero
 .text.st_sssa8_ch_nn_mat_mult_conv2d_nt_t
                0x0800a2dc      0xc5c ../Middlewares/ST/AI/Lib\NetworkRuntime1020_CM33_GCC.a(st_sssa8_ch_nn_mat_mult_conv2d_nt_t.o)
                0x0800a2dc                st_sssa8_ch_nn_mat_mult_conv2d_nt_t
 .text.st_sssa8_ch_nn_mat_mult_kernel_single_opt
                0x0800af38      0x338 ../Middlewares/ST/AI/Lib\NetworkRuntime1020_CM33_GCC.a(st_sssa8_ch_nn_mat_mult_kernel_single_opt.o)
                0x0800af38                st_sssa8_ch_nn_mat_mult_kernel_single_opt
 .text.st_sssa8_ch_1_output_mgt
                0x0800b270       0x64 ../Middlewares/ST/AI/Lib\NetworkRuntime1020_CM33_GCC.a(st_sssa8_ch_nn_mat_mult_nt_t.o)
                0x0800b270                st_sssa8_ch_1_output_mgt
 .text.st_sssa8_ch_2_output_mgt
                0x0800b2d4       0xb4 ../Middlewares/ST/AI/Lib\NetworkRuntime1020_CM33_GCC.a(st_sssa8_ch_nn_mat_mult_nt_t.o)
                0x0800b2d4                st_sssa8_ch_2_output_mgt
 .text.weights_offset_contribution_calc
                0x0800b388       0xb8 ../Middlewares/ST/AI/Lib\NetworkRuntime1020_CM33_GCC.a(st_sssa8_ch_nn_mat_mult_nt_t.o)
                0x0800b388                weights_offset_contribution_calc
 .text.weights_2channels_prefetch
                0x0800b440      0x200 ../Middlewares/ST/AI/Lib\NetworkRuntime1020_CM33_GCC.a(st_sssa8_ch_nn_mat_mult_nt_t.o)
                0x0800b440                weights_2channels_prefetch
 .text.st_sssa8_ch_fullW_prefetch
                0x0800b640       0x78 ../Middlewares/ST/AI/Lib\NetworkRuntime1020_CM33_GCC.a(st_sssa8_ch_nn_mat_mult_nt_t.o)
                0x0800b640                st_sssa8_ch_fullW_prefetch
 *fill*         0x0800b6b8        0x8 
 .text.st_sssa8_dense_memopt_loop
                0x0800b6c0      0x794 ../Middlewares/ST/AI/Lib\NetworkRuntime1020_CM33_GCC.a(st_sssa8_dense_loop.o)
                0x0800b6c0                st_sssa8_dense_loop
                0x0800ba70                st_sssa8_dense_memopt_loop
 .text.st_sssa8_ch_nn_mat_mult_kernel_opt
                0x0800be54      0x33c ../Middlewares/ST/AI/Lib\NetworkRuntime1020_CM33_GCC.a(st_sssa8_ch_nn_mat_mult_kernel_opt.o)
                0x0800be54                st_sssa8_ch_nn_mat_mult_kernel_opt
 .text.ai_array_to_buffer_fmt
                0x0800c190       0xe0 ../Middlewares/ST/AI/Lib\NetworkRuntime1020_CM33_GCC.a(ai_datatypes_format.o)
                0x0800c190                ai_array_to_buffer_fmt
 .text.ai_array_get_byte_size
                0x0800c270       0x40 ../Middlewares/ST/AI/Lib\NetworkRuntime1020_CM33_GCC.a(ai_datatypes_format.o)
                0x0800c270                ai_array_get_byte_size
 .text.ai_array_get_data_byte_size
                0x0800c2b0       0x20 ../Middlewares/ST/AI/Lib\NetworkRuntime1020_CM33_GCC.a(ai_datatypes_format.o)
                0x0800c2b0                ai_array_get_data_byte_size
 .text.ai_version_get
                0x0800c2d0        0xc ../Middlewares/ST/AI/Lib\NetworkRuntime1020_CM33_GCC.a(ai_datatypes_internal.o)
                0x0800c2d0                ai_version_get
 .text.get_tensor_byte_size
                0x0800c2dc       0x30 ../Middlewares/ST/AI/Lib\NetworkRuntime1020_CM33_GCC.a(ai_datatypes_internal.o)
                0x0800c2dc                get_tensor_byte_size
 .text.malloc   0x0800c30c       0x10 D:/STM32CubeIDE_2.0.0/STM32CubeIDE/plugins/com.st.stm32cube.ide.mcu.externaltools.gnu-tools-for-stm32.13.3.rel1.win32_1.0.100.202509120712/tools/bin/../lib/gcc/arm-none-eabi/13.3.1/../../../../arm-none-eabi/lib/thumb/v8-m.main+fp/hard\libc_nano.a(libc_a-malloc.o)
                0x0800c30c                malloc
 .text.free     0x0800c31c       0x10 D:/STM32CubeIDE_2.0.0/STM32CubeIDE/plugins/com.st.stm32cube.ide.mcu.externaltools.gnu-tools-for-stm32.13.3.rel1.win32_1.0.100.202509120712/tools/bin/../lib/gcc/arm-none-eabi/13.3.1/../../../../arm-none-eabi/lib/thumb/v8-m.main+fp/hard\libc_nano.a(libc_a-malloc.o)
                0x0800c31c                free
 .text.sbrk_aligned
                0x0800c32c       0x44 D:/STM32CubeIDE_2.0.0/STM32CubeIDE/plugins/com.st.stm32cube.ide.mcu.externaltools.gnu-tools-for-stm32.13.3.rel1.win32_1.0.100.202509120712/tools/bin/../lib/gcc/arm-none-eabi/13.3.1/../../../../arm-none-eabi/lib/thumb/v8-m.main+fp/hard\libc_nano.a(libc_a-mallocr.o)
 .text._malloc_r
                0x0800c370      0x100 D:/STM32CubeIDE_2.0.0/STM32CubeIDE/plugins/com.st.stm32cube.ide.mcu.externaltools.gnu-tools-for-stm32.13.3.rel1.win32_1.0.100.202509120712/tools/bin/../lib/gcc/arm-none-eabi/13.3.1/../../../../arm-none-eabi/lib/thumb/v8-m.main+fp/hard\libc_nano.a(libc_a-mallocr.o)
                0x0800c370                _malloc_r
 .text.__malloc_lock
                0x0800c470        0xc D:/STM32CubeIDE_2.0.0/STM32CubeIDE/plugins/com.st.stm32cube.ide.mcu.externaltools.gnu-tools-for-stm32.13.3.rel1.win32_1.0.100.202509120712/tools/bin/../lib/gcc/arm-none-eabi/13.3.1/../../../../arm-none-eabi/lib/thumb/v8-m.main+fp/hard\libc_nano.a(libc_a-mlock.o)
                0x0800c470                __malloc_lock
 .text.__malloc_unlock
                0x0800c47c        0xc D:/STM32CubeIDE_2.0.0/STM32CubeIDE/plugins/com.st.stm32cube.ide.mcu.externaltools.gnu-tools-for-stm32.13.3.rel1.win32_1.0.100.202509120712/tools/bin/../lib/gcc/arm-none-eabi/13.3.1/../../../../arm-none-eabi/lib/thumb/v8-m.main+fp/hard\libc_nano.a(libc_a-mlock.o)
                0x0800c47c                __malloc_unlock
 .text._realloc_r
                0x0800c488       0x5c D:/STM32CubeIDE_2.0.0/STM32CubeIDE/plugins/com.st.stm32cube.ide.mcu.externaltools.gnu-tools-for-stm32.13.3.rel1.win32_1.0.100.202509120712/tools/bin/../lib/gcc/arm-none-eabi/13.3.1/../../../../arm-none-eabi/lib/thumb/v8-m.main+fp/hard\libc_nano.a(libc_a-reallocr.o)
                0x0800c488                _realloc_r
 .text.snprintf
                0x0800c4e4       0x6c D:/STM32CubeIDE_2.0.0/STM32CubeIDE/plugins/com.st.stm32cube.ide.mcu.externaltools.gnu-tools-for-stm32.13.3.rel1.win32_1.0.100.202509120712/tools/bin/../lib/gcc/arm-none-eabi/13.3.1/../../../../arm-none-eabi/lib/thumb/v8-m.main+fp/hard\libc_nano.a(libc_a-snprintf.o)
                0x0800c4e4                sniprintf
                0x0800c4e4                snprintf
 .text.memmove  0x0800c550       0x34 D:/STM32CubeIDE_2.0.0/STM32CubeIDE/plugins/com.st.stm32cube.ide.mcu.externaltools.gnu-tools-for-stm32.13.3.rel1.win32_1.0.100.202509120712/tools/bin/../lib/gcc/arm-none-eabi/13.3.1/../../../../arm-none-eabi/lib/thumb/v8-m.main+fp/hard\libc_nano.a(libc_a-memmove.o)
                0x0800c550                memmove
 .text.memset   0x0800c584       0x10 D:/STM32CubeIDE_2.0.0/STM32CubeIDE/plugins/com.st.stm32cube.ide.mcu.externaltools.gnu-tools-for-stm32.13.3.rel1.win32_1.0.100.202509120712/tools/bin/../lib/gcc/arm-none-eabi/13.3.1/../../../../arm-none-eabi/lib/thumb/v8-m.main+fp/hard\libc_nano.a(libc_a-memset.o)
                0x0800c584                memset
 .text._sbrk_r  0x0800c594       0x20 D:/STM32CubeIDE_2.0.0/STM32CubeIDE/plugins/com.st.stm32cube.ide.mcu.externaltools.gnu-tools-for-stm32.13.3.rel1.win32_1.0.100.202509120712/tools/bin/../lib/gcc/arm-none-eabi/13.3.1/../../../../arm-none-eabi/lib/thumb/v8-m.main+fp/hard\libc_nano.a(libc_a-sbrkr.o)
                0x0800c594                _sbrk_r
 .text.__errno  0x0800c5b4        0xc D:/STM32CubeIDE_2.0.0/STM32CubeIDE/plugins/com.st.stm32cube.ide.mcu.externaltools.gnu-tools-for-stm32.13.3.rel1.win32_1.0.100.202509120712/tools/bin/../lib/gcc/arm-none-eabi/13.3.1/../../../../arm-none-eabi/lib/thumb/v8-m.main+fp/hard\libc_nano.a(libc_a-errno.o)
                0x0800c5b4                __errno
 .text.__libc_init_array
                0x0800c5c0       0x48 D:/STM32CubeIDE_2.0.0/STM32CubeIDE/plugins/com.st.stm32cube.ide.mcu.externaltools.gnu-tools-for-stm32.13.3.rel1.win32_1.0.100.202509120712/tools/bin/../lib/gcc/arm-none-eabi/13.3.1/../../../../arm-none-eabi/lib/thumb/v8-m.main+fp/hard\libc_nano.a(libc_a-init.o)
                0x0800c5c0                __libc_init_array
 .text.__retarget_lock_acquire_recursive
                0x0800c608        0x2 D:/STM32CubeIDE_2.0.0/STM32CubeIDE/plugins/com.st.stm32cube.ide.mcu.externaltools.gnu-tools-for-stm32.13.3.rel1.win32_1.0.100.202509120712/tools/bin/../lib/gcc/arm-none-eabi/13.3.1/../../../../arm-none-eabi/lib/thumb/v8-m.main+fp/hard\libc_nano.a(libc_a-lock.o)
                0x0800c608                __retarget_lock_acquire_recursive
 .text.__retarget_lock_release_recursive
                0x0800c60a        0x2 D:/STM32CubeIDE_2.0.0/STM32CubeIDE/plugins/com.st.stm32cube.ide.mcu.externaltools.gnu-tools-for-stm32.13.3.rel1.win32_1.0.100.202509120712/tools/bin/../lib/gcc/arm-none-eabi/13.3.1/../../../../arm-none-eabi/lib/thumb/v8-m.main+fp/hard\libc_nano.a(libc_a-lock.o)
                0x0800c60a                __retarget_lock_release_recursive
 .text.memcpy   0x0800c60c       0x1a D:/STM32CubeIDE_2.0.0/STM32CubeIDE/plugins/com.st.stm32cube.ide.mcu.externaltools.gnu-tools-for-stm32.13.3.rel1.win32_1.0.100.202509120712/tools/bin/../lib/gcc/arm-none-eabi/13.3.1/../../../../arm-none-eabi/lib/thumb/v8-m.main+fp/hard\libc_nano.a(libc_a-memcpy-stub.o)
                0x0800c60c                memcpy
 *fill*         0x0800c626        0x2 
 .text._free_r  0x0800c628       0x94 D:/STM32CubeIDE_2.0.0/STM32CubeIDE/plugins/com.st.stm32cube.ide.mcu.externaltools.gnu-tools-for-stm32.13.3.rel1.win32_1.0.100.202509120712/tools/bin/../lib/gcc/arm-none-eabi/13.3.1/../../../../arm-none-eabi/lib/thumb/v8-m.main+fp/hard\libc_nano.a(libc_a-freer.o)
                0x0800c628                _free_r
 .text._malloc_usable_size_r
                0x0800c6bc       0x10 D:/STM32CubeIDE_2.0.0/STM32CubeIDE/plugins/com.st.stm32cube.ide.mcu.externaltools.gnu-tools-for-stm32.13.3.rel1.win32_1.0.100.202509120712/tools/bin/../lib/gcc/arm-none-eabi/13.3.1/../../../../arm-none-eabi/lib/thumb/v8-m.main+fp/hard\libc_nano.a(libc_a-msizer.o)
                0x0800c6bc                _malloc_usable_size_r
 .text.__ssputs_r
                0x0800c6cc       0xb6 D:/STM32CubeIDE_2.0.0/STM32CubeIDE/plugins/com.st.stm32cube.ide.mcu.externaltools.gnu-tools-for-stm32.13.3.rel1.win32_1.0.100.202509120712/tools/bin/../lib/gcc/arm-none-eabi/13.3.1/../../../../arm-none-eabi/lib/thumb/v8-m.main+fp/hard\libc_nano.a(libc_a-nano-svfprintf.o)
                0x0800c6cc                __ssputs_r
 *fill*         0x0800c782        0x2 
 .text._svfprintf_r
                0x0800c784      0x1f8 D:/STM32CubeIDE_2.0.0/STM32CubeIDE/plugins/com.st.stm32cube.ide.mcu.externaltools.gnu-tools-for-stm32.13.3.rel1.win32_1.0.100.202509120712/tools/bin/../lib/gcc/arm-none-eabi/13.3.1/../../../../arm-none-eabi/lib/thumb/v8-m.main+fp/hard\libc_nano.a(libc_a-nano-svfprintf.o)
                0x0800c784                _svfiprintf_r
                0x0800c784                _svfprintf_r
 .text._printf_common
                0x0800c97c       0xe4 D:/STM32CubeIDE_2.0.0/STM32CubeIDE/plugins/com.st.stm32cube.ide.mcu.externaltools.gnu-tools-for-stm32.13.3.rel1.win32_1.0.100.202509120712/tools/bin/../lib/gcc/arm-none-eabi/13.3.1/../../../../arm-none-eabi/lib/thumb/v8-m.main+fp/hard\libc_nano.a(libc_a-nano-vfprintf_i.o)
                0x0800c97c                _printf_common
 .text._printf_i
                0x0800ca60      0x23c D:/STM32CubeIDE_2.0.0/STM32CubeIDE/plugins/com.st.stm32cube.ide.mcu.externaltools.gnu-tools-for-stm32.13.3.rel1.win32_1.0.100.202509120712/tools/bin/../lib/gcc/arm-none-eabi/13.3.1/../../../../arm-none-eabi/lib/thumb/v8-m.main+fp/hard\libc_nano.a(libc_a-nano-vfprintf_i.o)
                0x0800ca60                _printf_i
 .text.memchr   0x0800cc9c       0x1c D:/STM32CubeIDE_2.0.0/STM32CubeIDE/plugins/com.st.stm32cube.ide.mcu.externaltools.gnu-tools-for-stm32.13.3.rel1.win32_1.0.100.202509120712/tools/bin/../lib/gcc/arm-none-eabi/13.3.1/../../../../arm-none-eabi/lib/thumb/v8-m.main+fp/hard\libc_nano.a(libc_a-memchr-stub.o)
                0x0800cc9c                memchr
 .text.sqrtf    0x0800ccb8       0x3c D:/STM32CubeIDE_2.0.0/STM32CubeIDE/plugins/com.st.stm32cube.ide.mcu.externaltools.gnu-tools-for-stm32.13.3.rel1.win32_1.0.100.202509120712/tools/bin/../lib/gcc/arm-none-eabi/13.3.1/../../../../arm-none-eabi/lib/thumb/v8-m.main+fp/hard\libm.a(libm_a-wf_sqrt.o)
                0x0800ccb8                sqrtf
 .text.__ieee754_sqrtf
                0x0800ccf4        0x6 D:/STM32CubeIDE_2.0.0/STM32CubeIDE/plugins/com.st.stm32cube.ide.mcu.externaltools.gnu-tools-for-stm32.13.3.rel1.win32_1.0.100.202509120712/tools/bin/../lib/gcc/arm-none-eabi/13.3.1/../../../../arm-none-eabi/lib/thumb/v8-m.main+fp/hard\libm.a(libm_a-ef_sqrt.o)
                0x0800ccf4                __ieee754_sqrtf
 *(.glue_7)
 .glue_7        0x0800ccfa        0x0 linker stubs
 *(.glue_7t)
 .glue_7t       0x0800ccfa        0x0 linker stubs
 *(.eh_frame)
 *fill*         0x0800ccfa        0x2 
 .eh_frame      0x0800ccfc        0x0 D:/STM32CubeIDE_2.0.0/STM32CubeIDE/plugins/com.st.stm32cube.ide.mcu.externaltools.gnu-tools-for-stm32.13.3.rel1.win32_1.0.100.202509120712/tools/bin/../lib/gcc/arm-none-eabi/13.3.1/thumb/v8-m.main+fp/hard/crtbegin.o
 *(.init)
 .init          0x0800ccfc        0x4 D:/STM32CubeIDE_2.0.0/STM32CubeIDE/plugins/com.st.stm32cube.ide.mcu.externaltools.gnu-tools-for-stm32.13.3.rel1.win32_1.0.100.202509120712/tools/bin/../lib/gcc/arm-none-eabi/13.3.1/thumb/v8-m.main+fp/hard/crti.o
                0x0800ccfc                _init
 .init          0x0800cd00        0x8 D:/STM32CubeIDE_2.0.0/STM32CubeIDE/plugins/com.st.stm32cube.ide.mcu.externaltools.gnu-tools-for-stm32.13.3.rel1.win32_1.0.100.202509120712/tools/bin/../lib/gcc/arm-none-eabi/13.3.1/thumb/v8-m.main+fp/hard/crtn.o
 *(.fini)
 .fini          0x0800cd08        0x4 D:/STM32CubeIDE_2.0.0/STM32CubeIDE/plugins/com.st.stm32cube.ide.mcu.externaltools.gnu-tools-for-stm32.13.3.rel1.win32_1.0.100.202509120712/tools/bin/../lib/gcc/arm-none-eabi/13.3.1/thumb/v8-m.main+fp/hard/crti.o
                0x0800cd08                _fini
 .fini          0x0800cd0c        0x8 D:/STM32CubeIDE_2.0.0/STM32CubeIDE/plugins/com.st.stm32cube.ide.mcu.externaltools.gnu-tools-for-stm32.13.3.rel1.win32_1.0.100.202509120712/tools/bin/../lib/gcc/arm-none-eabi/13.3.1/thumb/v8-m.main+fp/hard/crtn.o
                0x0800cd14                        _etext = .

.vfp11_veneer   0x0800cd14        0x0
 .vfp11_veneer  0x0800cd14        0x0 linker stubs

.v4_bx          0x0800cd14        0x0
 .v4_bx         0x0800cd14        0x0 linker stubs

.iplt           0x0800cd14        0x0
 .iplt          0x0800cd14        0x0 D:/STM32CubeIDE_2.0.0/STM32CubeIDE/plugins/com.st.stm32cube.ide.mcu.externaltools.gnu-tools-for-stm32.13.3.rel1.win32_1.0.100.202509120712/tools/bin/../lib/gcc/arm-none-eabi/13.3.1/thumb/v8-m.main+fp/hard/crtbegin.o

.rodata         0x0800cd20    0x14ee8
 *(.rodata)
 .rodata        0x0800cd20       0x20 ./Core/Src/ann_infer.o
 .rodata        0x0800cd40       0x10 ./X-CUBE-AI/App/network_data.o
 *(.rodata*)
 .rodata.control_tick.str1.1
                0x0800cd50       0x62 ./Core/Src/control_loop.o
                                 0x2f (size before relaxing)
 *fill*         0x0800cdb2        0x2 
 .rodata.MSIRangeTable
                0x0800cdb4       0x40 ./Core/Src/system_stm32u5xx.o
                0x0800cdb4                MSIRangeTable
 .rodata.APBPrescTable
                0x0800cdf4        0x8 ./Core/Src/system_stm32u5xx.o
                0x0800cdf4                APBPrescTable
 .rodata.AHBPrescTable
                0x0800cdfc       0x10 ./Core/Src/system_stm32u5xx.o
                0x0800cdfc                AHBPrescTable
 .rodata.LPGPIO_Map
                0x0800ce0c       0x80 ./Drivers/STM32U5xx_HAL_Driver/Src/stm32u5xx_hal_gpio.o
 .rodata.UARTPrescTable
                0x0800ce8c       0x18 ./Drivers/STM32U5xx_HAL_Driver/Src/stm32u5xx_hal_uart.o
                0x0800ce8c                UARTPrescTable
 .rodata.denominator.0
                0x0800cea4        0x8 ./Drivers/STM32U5xx_HAL_Driver/Src/stm32u5xx_hal_uart_ex.o
 .rodata.numerator.1
                0x0800ceac        0x8 ./Drivers/STM32U5xx_HAL_Driver/Src/stm32u5xx_hal_uart_ex.o
 .rodata.conv2d_1_chain
                0x0800ceb4        0x8 ./X-CUBE-AI/App/network.o
 .rodata.conv2d_4_pad_before_chain
                0x0800cebc        0x8 ./X-CUBE-AI/App/network.o
 .rodata.conv2d_4_pad_before_value
                0x0800cec4       0x10 ./X-CUBE-AI/App/network.o
 .rodata.conv2d_4_pad_before_value_data
                0x0800ced4        0x1 ./X-CUBE-AI/App/network.o
 *fill*         0x0800ced5        0x3 
 .rodata.conv2d_4_chain
                0x0800ced8        0x8 ./X-CUBE-AI/App/network.o
 .rodata.conv2d_7_pad_before_chain
                0x0800cee0        0x8 ./X-CUBE-AI/App/network.o
 .rodata.conv2d_7_pad_before_value
                0x0800cee8       0x10 ./X-CUBE-AI/App/network.o
 .rodata.conv2d_7_pad_before_value_data
                0x0800cef8        0x1 ./X-CUBE-AI/App/network.o
 *fill*         0x0800cef9        0x3 
 .rodata.conv2d_7_chain
                0x0800cefc        0x8 ./X-CUBE-AI/App/network.o
 .rodata.pool_9_chain
                0x0800cf04        0x8 ./X-CUBE-AI/App/network.o
 .rodata.gemm_10_chain
                0x0800cf0c        0x8 ./X-CUBE-AI/App/network.o
 .rodata.gemm_11_chain
                0x0800cf14        0x8 ./X-CUBE-AI/App/network.o
 .rodata.gemm_12_chain
                0x0800cf1c        0x8 ./X-CUBE-AI/App/network.o
 .rodata.nl_13_chain
                0x0800cf24        0x8 ./X-CUBE-AI/App/network.o
 .rodata.nl_13_nl_params
                0x0800cf2c       0x10 ./X-CUBE-AI/App/network.o
 .rodata.nl_13_nl_params_data
                0x0800cf3c      0x100 ./X-CUBE-AI/App/network.o
 .rodata.serving_default_emg0_output_array_intq
                0x0800d03c        0x8 ./X-CUBE-AI/App/network.o
 .rodata.__compound_literal.50
                0x0800d044        0x8 ./X-CUBE-AI/App/network.o
 .rodata.__compound_literal.49
                0x0800d04c        0x1 ./X-CUBE-AI/App/network.o
 *fill*         0x0800d04d        0x3 
 .rodata.__compound_literal.48
                0x0800d050        0x4 ./X-CUBE-AI/App/network.o
 .rodata.pool_9_output_array_intq
                0x0800d054        0x8 ./X-CUBE-AI/App/network.o
 .rodata.__compound_literal.47
                0x0800d05c        0x8 ./X-CUBE-AI/App/network.o
 .rodata.__compound_literal.46
                0x0800d064        0x1 ./X-CUBE-AI/App/network.o
 *fill*         0x0800d065        0x3 
 .rodata.__compound_literal.45
                0x0800d068        0x4 ./X-CUBE-AI/App/network.o
 .rodata.nl_13_output_array_intq
                0x0800d06c        0x8 ./X-CUBE-AI/App/network.o
 .rodata.__compound_literal.44
                0x0800d074        0x8 ./X-CUBE-AI/App/network.o
 .rodata.__compound_literal.43
                0x0800d07c        0x1 ./X-CUBE-AI/App/network.o
 *fill*         0x0800d07d        0x3 
 .rodata.__compound_literal.42
                0x0800d080        0x4 ./X-CUBE-AI/App/network.o
 .rodata.gemm_12_weights_array_intq
                0x0800d084        0x8 ./X-CUBE-AI/App/network.o
 .rodata.__compound_literal.41
                0x0800d08c        0x8 ./X-CUBE-AI/App/network.o
 .rodata.__compound_literal.40
                0x0800d094        0x1 ./X-CUBE-AI/App/network.o
 *fill*         0x0800d095        0x3 
 .rodata.__compound_literal.39
                0x0800d098        0x4 ./X-CUBE-AI/App/network.o
 .rodata.gemm_12_output_array_intq
                0x0800d09c        0x8 ./X-CUBE-AI/App/network.o
 .rodata.__compound_literal.38
                0x0800d0a4        0x8 ./X-CUBE-AI/App/network.o
 .rodata.__compound_literal.37
                0x0800d0ac        0x1 ./X-CUBE-AI/App/network.o
 *fill*         0x0800d0ad        0x3 
 .rodata.__compound_literal.36
                0x0800d0b0        0x4 ./X-CUBE-AI/App/network.o
 .rodata.gemm_11_weights_array_intq
                0x0800d0b4        0x8 ./X-CUBE-AI/App/network.o
 .rodata.__compound_literal.35
                0x0800d0bc        0x8 ./X-CUBE-AI/App/network.o
 .rodata.__compound_literal.34
                0x0800d0c4       0x40 ./X-CUBE-AI/App/network.o
 .rodata.__compound_literal.33
                0x0800d104      0x100 ./X-CUBE-AI/App/network.o
 .rodata.gemm_11_output_array_intq
                0x0800d204        0x8 ./X-CUBE-AI/App/network.o
 .rodata.__compound_literal.32
                0x0800d20c        0x8 ./X-CUBE-AI/App/network.o
 .rodata.__compound_literal.31
                0x0800d214        0x1 ./X-CUBE-AI/App/network.o
 *fill*         0x0800d215        0x3 
 .rodata.__compound_literal.30
                0x0800d218        0x4 ./X-CUBE-AI/App/network.o
 .rodata.gemm_10_weights_array_intq
                0x0800d21c        0x8 ./X-CUBE-AI/App/network.o
 .rodata.__compound_literal.29
                0x0800d224        0x8 ./X-CUBE-AI/App/network.o
 .rodata.__compound_literal.28
                0x0800d22c       0x80 ./X-CUBE-AI/App/network.o
 .rodata.__compound_literal.27
                0x0800d2ac      0x200 ./X-CUBE-AI/App/network.o
 .rodata.gemm_10_output_array_intq
                0x0800d4ac        0x8 ./X-CUBE-AI/App/network.o
 .rodata.__compound_literal.26
                0x0800d4b4        0x8 ./X-CUBE-AI/App/network.o
 .rodata.__compound_literal.25
                0x0800d4bc        0x1 ./X-CUBE-AI/App/network.o
 *fill*         0x0800d4bd        0x3 
 .rodata.__compound_literal.24
                0x0800d4c0        0x4 ./X-CUBE-AI/App/network.o
 .rodata.conv2d_7_weights_array_intq
                0x0800d4c4        0x8 ./X-CUBE-AI/App/network.o
 .rodata.__compound_literal.23
                0x0800d4cc        0x8 ./X-CUBE-AI/App/network.o
 .rodata.__compound_literal.22
                0x0800d4d4       0x80 ./X-CUBE-AI/App/network.o
 .rodata.__compound_literal.21
                0x0800d554      0x200 ./X-CUBE-AI/App/network.o
 .rodata.conv2d_7_pad_before_output_array_intq
                0x0800d754        0x8 ./X-CUBE-AI/App/network.o
 .rodata.__compound_literal.20
                0x0800d75c        0x8 ./X-CUBE-AI/App/network.o
 .rodata.__compound_literal.19
                0x0800d764        0x1 ./X-CUBE-AI/App/network.o
 *fill*         0x0800d765        0x3 
 .rodata.__compound_literal.18
                0x0800d768        0x4 ./X-CUBE-AI/App/network.o
 .rodata.conv2d_7_output_array_intq
                0x0800d76c        0x8 ./X-CUBE-AI/App/network.o
 .rodata.__compound_literal.17
                0x0800d774        0x8 ./X-CUBE-AI/App/network.o
 .rodata.__compound_literal.16
                0x0800d77c        0x1 ./X-CUBE-AI/App/network.o
 *fill*         0x0800d77d        0x3 
 .rodata.__compound_literal.15
                0x0800d780        0x4 ./X-CUBE-AI/App/network.o
 .rodata.conv2d_4_weights_array_intq
                0x0800d784        0x8 ./X-CUBE-AI/App/network.o
 .rodata.__compound_literal.14
                0x0800d78c        0x8 ./X-CUBE-AI/App/network.o
 .rodata.__compound_literal.13
                0x0800d794       0x40 ./X-CUBE-AI/App/network.o
 .rodata.__compound_literal.12
                0x0800d7d4      0x100 ./X-CUBE-AI/App/network.o
 .rodata.conv2d_4_pad_before_output_array_intq
                0x0800d8d4        0x8 ./X-CUBE-AI/App/network.o
 .rodata.__compound_literal.11
                0x0800d8dc        0x8 ./X-CUBE-AI/App/network.o
 .rodata.__compound_literal.10
                0x0800d8e4        0x1 ./X-CUBE-AI/App/network.o
 *fill*         0x0800d8e5        0x3 
 .rodata.__compound_literal.9
                0x0800d8e8        0x4 ./X-CUBE-AI/App/network.o
 .rodata.conv2d_4_output_array_intq
                0x0800d8ec        0x8 ./X-CUBE-AI/App/network.o
 .rodata.__compound_literal.8
                0x0800d8f4        0x8 ./X-CUBE-AI/App/network.o
 .rodata.__compound_literal.7
                0x0800d8fc        0x1 ./X-CUBE-AI/App/network.o
 *fill*         0x0800d8fd        0x3 
 .rodata.__compound_literal.6
                0x0800d900        0x4 ./X-CUBE-AI/App/network.o
 .rodata.conv2d_1_weights_array_intq
                0x0800d904        0x8 ./X-CUBE-AI/App/network.o
 .rodata.__compound_literal.5
                0x0800d90c        0x8 ./X-CUBE-AI/App/network.o
 .rodata.__compound_literal.4
                0x0800d914       0x20 ./X-CUBE-AI/App/network.o
 .rodata.__compound_literal.3
                0x0800d934       0x80 ./X-CUBE-AI/App/network.o
 .rodata.conv2d_1_output_array_intq
                0x0800d9b4        0x8 ./X-CUBE-AI/App/network.o
 .rodata.__compound_literal.2
                0x0800d9bc        0x8 ./X-CUBE-AI/App/network.o
 .rodata.__compound_literal.1
                0x0800d9c4        0x1 ./X-CUBE-AI/App/network.o
 *fill*         0x0800d9c5        0x3 
 .rodata.__compound_literal.0
                0x0800d9c8        0x4 ./X-CUBE-AI/App/network.o
 *fill*         0x0800d9cc       0x14 
 .rodata.s_network_weights_array_u64
                0x0800d9e0    0x14228 ./X-CUBE-AI/App/network_data_params.o
                0x0800d9e0                s_network_weights_array_u64
 .rodata._svfprintf_r.str1.1
                0x08021c08        0x0 D:/STM32CubeIDE_2.0.0/STM32CubeIDE/plugins/com.st.stm32cube.ide.mcu.externaltools.gnu-tools-for-stm32.13.3.rel1.win32_1.0.100.202509120712/tools/bin/../lib/gcc/arm-none-eabi/13.3.1/../../../../arm-none-eabi/lib/thumb/v8-m.main+fp/hard\libc_nano.a(libc_a-nano-svfprintf.o)
                                 0x11 (size before relaxing)
 .rodata._printf_i.str1.1
                0x08021c08        0x0 D:/STM32CubeIDE_2.0.0/STM32CubeIDE/plugins/com.st.stm32cube.ide.mcu.externaltools.gnu-tools-for-stm32.13.3.rel1.win32_1.0.100.202509120712/tools/bin/../lib/gcc/arm-none-eabi/13.3.1/../../../../arm-none-eabi/lib/thumb/v8-m.main+fp/hard\libc_nano.a(libc_a-nano-vfprintf_i.o)
                                 0x22 (size before relaxing)

.ARM.extab
 *(.ARM.extab* .gnu.linkonce.armextab.*)

.ARM            0x08021c08        0x8
                0x08021c08                        __exidx_start = .
 *(.ARM.exidx*)
 .ARM.exidx     0x08021c08        0x8 D:/STM32CubeIDE_2.0.0/STM32CubeIDE/plugins/com.st.stm32cube.ide.mcu.externaltools.gnu-tools-for-stm32.13.3.rel1.win32_1.0.100.202509120712/tools/bin/../lib/gcc/arm-none-eabi/13.3.1/thumb/v8-m.main+fp/hard\libgcc.a(_udivmoddi4.o)
                0x08021c10                        __exidx_end = .

.preinit_array  0x08021c10        0x0
                0x08021c10                        PROVIDE (__preinit_array_start = .)
 *(.preinit_array*)
                0x08021c10                        PROVIDE (__preinit_array_end = .)

.init_array     0x08021c10        0x4
                0x08021c10                        PROVIDE (__init_array_start = .)
 *(SORT_BY_NAME(.init_array.*))
 *(.init_array*)
 .init_array    0x08021c10        0x4 D:/STM32CubeIDE_2.0.0/STM32CubeIDE/plugins/com.st.stm32cube.ide.mcu.externaltools.gnu-tools-for-stm32.13.3.rel1.win32_1.0.100.202509120712/tools/bin/../lib/gcc/arm-none-eabi/13.3.1/thumb/v8-m.main+fp/hard/crtbegin.o
                0x08021c14                        PROVIDE (__init_array_end = .)

.fini_array     0x08021c14        0x4
                [!provide]                        PROVIDE (__fini_array_start = .)
 *(SORT_BY_NAME(.fini_array.*))
 *(.fini_array*)
 .fini_array    0x08021c14        0x4 D:/STM32CubeIDE_2.0.0/STM32CubeIDE/plugins/com.st.stm32cube.ide.mcu.externaltools.gnu-tools-for-stm32.13.3.rel1.win32_1.0.100.202509120712/tools/bin/../lib/gcc/arm-none-eabi/13.3.1/thumb/v8-m.main+fp/hard/crtbegin.o
                [!provide]                        PROVIDE (__fini_array_end = .)
                0x08021c18                        _sidata = LOADADDR (.data)

.rel.dyn        0x08021c18        0x0
 .rel.iplt      0x08021c18        0x0 D:/STM32CubeIDE_2.0.0/STM32CubeIDE/plugins/com.st.stm32cube.ide.mcu.externaltools.gnu-tools-for-stm32.13.3.rel1.win32_1.0.100.202509120712/tools/bin/../lib/gcc/arm-none-eabi/13.3.1/thumb/v8-m.main+fp/hard/crtbegin.o

.data           0x20000000      0xf38 load address 0x08021c18
                0x20000000                        _sdata = .
 *(.data)
 *(.data*)
 .data.g_uart   0x20000000        0x4 ./Core/Src/stm32u5xx_it.o
 .data.SystemCoreClock
                0x20000004        0x4 ./Core/Src/system_stm32u5xx.o
                0x20000004                SystemCoreClock
 .data.uwTickFreq
                0x20000008        0x1 ./Drivers/STM32U5xx_HAL_Driver/Src/stm32u5xx_hal.o
                0x20000008                uwTickFreq
 *fill*         0x20000009        0x3 
 .data.uwTickPrio
                0x2000000c        0x4 ./Drivers/STM32U5xx_HAL_Driver/Src/stm32u5xx_hal.o
                0x2000000c                uwTickPrio
 .data.g_network
                0x20000010       0x4c ./X-CUBE-AI/App/network.o
 .data.__compound_literal.183
                0x2000005c       0x18 ./X-CUBE-AI/App/network.o
 .data.__compound_literal.182
                0x20000074        0xc ./X-CUBE-AI/App/network.o
 .data.__compound_literal.178
                0x20000080        0x4 ./X-CUBE-AI/App/network.o
 .data.__compound_literal.177
                0x20000084        0xc ./X-CUBE-AI/App/network.o
 .data.__compound_literal.173
                0x20000090        0x4 ./X-CUBE-AI/App/network.o
 .data.__compound_literal.172
                0x20000094       0x1c ./X-CUBE-AI/App/network.o
 .data.__compound_literal.171
                0x200000b0       0x10 ./X-CUBE-AI/App/network.o
 .data.__compound_literal.170
                0x200000c0       0x1c ./X-CUBE-AI/App/network.o
 .data.__compound_literal.169
                0x200000dc       0x10 ./X-CUBE-AI/App/network.o
 .data.conv2d_1_layer
                0x200000ec       0x44 ./X-CUBE-AI/App/network.o
 .data.__compound_literal.168
                0x20000130       0x10 ./X-CUBE-AI/App/network.o
 .data.__compound_literal.167
                0x20000140       0x30 ./X-CUBE-AI/App/network.o
 .data.__compound_literal.166
                0x20000170        0x4 ./X-CUBE-AI/App/network.o
 .data.__compound_literal.165
                0x20000174        0xc ./X-CUBE-AI/App/network.o
 .data.__compound_literal.164
                0x20000180        0x4 ./X-CUBE-AI/App/network.o
 .data.__compound_literal.163
                0x20000184        0x4 ./X-CUBE-AI/App/network.o
 .data.conv2d_4_pad_before_layer
                0x20000188       0x2c ./X-CUBE-AI/App/network.o
 .data.__compound_literal.162
                0x200001b4       0x10 ./X-CUBE-AI/App/network.o
 .data.__compound_literal.161
                0x200001c4       0x30 ./X-CUBE-AI/App/network.o
 .data.__compound_literal.158
                0x200001f4        0x4 ./X-CUBE-AI/App/network.o
 .data.__compound_literal.157
                0x200001f8        0x4 ./X-CUBE-AI/App/network.o
 .data.conv2d_4_layer
                0x200001fc       0x44 ./X-CUBE-AI/App/network.o
 .data.__compound_literal.155
                0x20000240       0x30 ./X-CUBE-AI/App/network.o
 .data.__compound_literal.154
                0x20000270        0x4 ./X-CUBE-AI/App/network.o
 .data.__compound_literal.153
                0x20000274        0xc ./X-CUBE-AI/App/network.o
 .data.__compound_literal.152
                0x20000280        0x4 ./X-CUBE-AI/App/network.o
 .data.__compound_literal.151
                0x20000284        0x4 ./X-CUBE-AI/App/network.o
 .data.conv2d_7_pad_before_layer
                0x20000288       0x2c ./X-CUBE-AI/App/network.o
 .data.__compound_literal.150
                0x200002b4       0x10 ./X-CUBE-AI/App/network.o
 .data.__compound_literal.149
                0x200002c4       0x30 ./X-CUBE-AI/App/network.o
 .data.__compound_literal.146
                0x200002f4        0x4 ./X-CUBE-AI/App/network.o
 .data.__compound_literal.145
                0x200002f8        0x4 ./X-CUBE-AI/App/network.o
 .data.conv2d_7_layer
                0x200002fc       0x44 ./X-CUBE-AI/App/network.o
 .data.__compound_literal.143
                0x20000340       0x30 ./X-CUBE-AI/App/network.o
 .data.__compound_literal.142
                0x20000370        0x4 ./X-CUBE-AI/App/network.o
 .data.__compound_literal.141
                0x20000374        0xc ./X-CUBE-AI/App/network.o
 .data.__compound_literal.140
                0x20000380        0x4 ./X-CUBE-AI/App/network.o
 .data.__compound_literal.139
                0x20000384        0x4 ./X-CUBE-AI/App/network.o
 .data.pool_9_layer
                0x20000388       0x38 ./X-CUBE-AI/App/network.o
 .data.__compound_literal.137
                0x200003c0       0x30 ./X-CUBE-AI/App/network.o
 .data.__compound_literal.134
                0x200003f0        0x4 ./X-CUBE-AI/App/network.o
 .data.__compound_literal.133
                0x200003f4        0x4 ./X-CUBE-AI/App/network.o
 .data.gemm_10_layer
                0x200003f8       0x1c ./X-CUBE-AI/App/network.o
 .data.__compound_literal.132
                0x20000414       0x30 ./X-CUBE-AI/App/network.o
 .data.__compound_literal.131
                0x20000444        0x4 ./X-CUBE-AI/App/network.o
 .data.__compound_literal.130
                0x20000448        0x8 ./X-CUBE-AI/App/network.o
 .data.__compound_literal.129
                0x20000450        0x4 ./X-CUBE-AI/App/network.o
 .data.__compound_literal.128
                0x20000454        0x4 ./X-CUBE-AI/App/network.o
 .data.gemm_11_layer
                0x20000458       0x1c ./X-CUBE-AI/App/network.o
 .data.__compound_literal.127
                0x20000474       0x30 ./X-CUBE-AI/App/network.o
 .data.__compound_literal.126
                0x200004a4        0x4 ./X-CUBE-AI/App/network.o
 .data.__compound_literal.125
                0x200004a8        0x8 ./X-CUBE-AI/App/network.o
 .data.__compound_literal.124
                0x200004b0        0x4 ./X-CUBE-AI/App/network.o
 .data.__compound_literal.123
                0x200004b4        0x4 ./X-CUBE-AI/App/network.o
 .data.gemm_12_layer
                0x200004b8       0x1c ./X-CUBE-AI/App/network.o
 .data.__compound_literal.122
                0x200004d4       0x30 ./X-CUBE-AI/App/network.o
 .data.__compound_literal.121
                0x20000504        0x4 ./X-CUBE-AI/App/network.o
 .data.__compound_literal.120
                0x20000508        0x8 ./X-CUBE-AI/App/network.o
 .data.__compound_literal.119
                0x20000510        0x4 ./X-CUBE-AI/App/network.o
 .data.__compound_literal.118
                0x20000514        0x4 ./X-CUBE-AI/App/network.o
 .data.nl_13_layer
                0x20000518       0x20 ./X-CUBE-AI/App/network.o
 .data.__compound_literal.117
                0x20000538       0x30 ./X-CUBE-AI/App/network.o
 .data.__compound_literal.114
                0x20000568        0x4 ./X-CUBE-AI/App/network.o
 .data.__compound_literal.113
                0x2000056c        0x4 ./X-CUBE-AI/App/network.o
 .data.serving_default_emg0_output0
                0x20000570       0x1c ./X-CUBE-AI/App/network.o
 .data.__compound_literal.112
                0x2000058c       0x10 ./X-CUBE-AI/App/network.o
 .data.__compound_literal.111
                0x2000059c       0x10 ./X-CUBE-AI/App/network.o
 .data.serving_default_emg0_output
                0x200005ac       0x1c ./X-CUBE-AI/App/network.o
 .data.__compound_literal.110
                0x200005c8       0x10 ./X-CUBE-AI/App/network.o
 .data.__compound_literal.109
                0x200005d8       0x10 ./X-CUBE-AI/App/network.o
 .data.pool_9_output
                0x200005e8       0x1c ./X-CUBE-AI/App/network.o
 .data.__compound_literal.108
                0x20000604       0x10 ./X-CUBE-AI/App/network.o
 .data.__compound_literal.107
                0x20000614       0x10 ./X-CUBE-AI/App/network.o
 .data.nl_13_output
                0x20000624       0x1c ./X-CUBE-AI/App/network.o
 .data.__compound_literal.106
                0x20000640       0x10 ./X-CUBE-AI/App/network.o
 .data.__compound_literal.105
                0x20000650       0x10 ./X-CUBE-AI/App/network.o
 .data.gemm_12_weights
                0x20000660       0x1c ./X-CUBE-AI/App/network.o
 .data.__compound_literal.104
                0x2000067c       0x10 ./X-CUBE-AI/App/network.o
 .data.__compound_literal.103
                0x2000068c       0x10 ./X-CUBE-AI/App/network.o
 .data.gemm_12_scratch0
                0x2000069c       0x1c ./X-CUBE-AI/App/network.o
 .data.__compound_literal.102
                0x200006b8       0x10 ./X-CUBE-AI/App/network.o
 .data.__compound_literal.101
                0x200006c8       0x10 ./X-CUBE-AI/App/network.o
 .data.gemm_12_output
                0x200006d8       0x1c ./X-CUBE-AI/App/network.o
 .data.__compound_literal.100
                0x200006f4       0x10 ./X-CUBE-AI/App/network.o
 .data.__compound_literal.99
                0x20000704       0x10 ./X-CUBE-AI/App/network.o
 .data.gemm_12_bias
                0x20000714       0x1c ./X-CUBE-AI/App/network.o
 .data.__compound_literal.98
                0x20000730       0x10 ./X-CUBE-AI/App/network.o
 .data.__compound_literal.97
                0x20000740       0x10 ./X-CUBE-AI/App/network.o
 .data.gemm_11_weights
                0x20000750       0x1c ./X-CUBE-AI/App/network.o
 .data.__compound_literal.96
                0x2000076c       0x10 ./X-CUBE-AI/App/network.o
 .data.__compound_literal.95
                0x2000077c       0x10 ./X-CUBE-AI/App/network.o
 .data.gemm_11_scratch0
                0x2000078c       0x1c ./X-CUBE-AI/App/network.o
 .data.__compound_literal.94
                0x200007a8       0x10 ./X-CUBE-AI/App/network.o
 .data.__compound_literal.93
                0x200007b8       0x10 ./X-CUBE-AI/App/network.o
 .data.gemm_11_output
                0x200007c8       0x1c ./X-CUBE-AI/App/network.o
 .data.__compound_literal.92
                0x200007e4       0x10 ./X-CUBE-AI/App/network.o
 .data.__compound_literal.91
                0x200007f4       0x10 ./X-CUBE-AI/App/network.o
 .data.gemm_11_bias
                0x20000804       0x1c ./X-CUBE-AI/App/network.o
 .data.__compound_literal.90
                0x20000820       0x10 ./X-CUBE-AI/App/network.o
 .data.__compound_literal.89
                0x20000830       0x10 ./X-CUBE-AI/App/network.o
 .data.gemm_10_weights
                0x20000840       0x1c ./X-CUBE-AI/App/network.o
 .data.__compound_literal.88
                0x2000085c       0x10 ./X-CUBE-AI/App/network.o
 .data.__compound_literal.87
                0x2000086c       0x10 ./X-CUBE-AI/App/network.o
 .data.gemm_10_scratch0