../Drivers/STM32U5xx_HAL_Driver/Src/stm32u5xx_hal_uart.c:3707:13:UART_EndTxTransfer	0	static,ignoring_inline_asm
../Drivers/STM32U5xx_HAL_Driver/Src/stm32u5xx_hal_uart.c:3724:13:UART_EndRxTransfer	8	static,ignoring_inline_asm
../Drivers/STM32U5xx_HAL_Driver/Src/stm32u5xx_hal_uart.c:4164:13:UART_TxISR_8BIT.part.0	0	static,ignoring_inline_asm
../Drivers/STM32U5xx_HAL_Driver/Src/stm32u5xx_hal_uart.c:4164:13:UART_TxISR_8BIT	0	static
../Drivers/STM32U5xx_HAL_Driver/Src/stm32u5xx_hal_uart.c:4193:13:UART_TxISR_16BIT	0	static
../Drivers/STM32U5xx_HAL_Driver/Src/stm32u5xx_hal_uart.c:4225:13:UART_TxISR_8BIT_FIFOEN	8	static,ignoring_inline_asm
../Drivers/STM32U5xx_HAL_Driver/Src/stm32u5xx_hal_uart.c:4265:13:UART_TxISR_16BIT_FIFOEN	8	static,ignoring_inline_asm
../Drivers/STM32U5xx_HAL_Driver/Src/stm32u5xx_hal_uart.c:681:13:HAL_UART_MspInit	0	static
../Drivers/STM32U5xx_HAL_Driver/Src/stm32u5xx_hal_uart.c:696:13:HAL_UART_MspDeInit	0	static
../Drivers/STM32U5xx_HAL_Driver/Src/stm32u5xx_hal_uart.c:634:19:HAL_UART_DeInit	16	static
../Drivers/STM32U5xx_HAL_Driver/Src/stm32u5xx_hal_uart.c:1300:19:HAL_UART_Transmit_IT	8	static,ignoring_inline_asm
../Drivers/STM32U5xx_HAL_Driver/Src/stm32u5xx_hal_uart.c:1426:19:HAL_UART_Transmit_DMA	16	static,ignoring_inline_asm
../Drivers/STM32U5xx_HAL_Driver/Src/stm32u5xx_hal_uart.c:1578:19:HAL_UART_DMAPause	16	static,ignoring_inline_asm
../Drivers/STM32U5xx_HAL_Driver/Src/stm32u5xx_hal_uart.c:1640:19:HAL_UART_DMAResume	8	static,ignoring_inline_asm
../Drivers/STM32U5xx_HAL_Driver/Src/stm32u5xx_hal_uart.c:1689:19:HAL_UART_DMAStop	16	static,ignoring_inline_asm
../Drivers/STM32U5xx_HAL_Driver/Src/stm32u5xx_hal_uart.c:1765:19:HAL_UART_Abort	8	static,ignoring_inline_asm
../Drivers/STM32U5xx_HAL_Driver/Src/stm32u5xx_hal_uart.c:1874:19:HAL_UART_AbortTransmit	8	static,ignoring_inline_asm
../Drivers/STM32U5xx_HAL_Driver/Src/stm32u5xx_hal_uart.c:1937:19:HAL_UART_AbortReceive	8	static,ignoring_inline_asm
../Drivers/STM32U5xx_HAL_Driver/Src/stm32u5xx_hal_uart.c:2704:13:HAL_UART_TxCpltCallback	0	static
../Drivers/STM32U5xx_HAL_Driver/Src/stm32u5xx_hal_uart.c:3751:13:UART_DMATransmitCplt	8	static,ignoring_inline_asm
../Drivers/STM32U5xx_HAL_Driver/Src/stm32u5xx_hal_uart.c:2719:13:HAL_UART_TxHalfCpltCallback	0	static
../Drivers/STM32U5xx_HAL_Driver/Src/stm32u5xx_hal_uart.c:3787:13:UART_DMATxHalfCplt	8	static
../Drivers/STM32U5xx_HAL_Driver/Src/stm32u5xx_hal_uart.c:2734:13:HAL_UART_RxCpltCallback	0	static
../Drivers/STM32U5xx_HAL_Driver/Src/stm32u5xx_hal_uart.c:2749:13:HAL_UART_RxHalfCpltCallback	0	static
../Drivers/STM32U5xx_HAL_Driver/Src/stm32u5xx_hal_uart.c:2764:13:HAL_UART_ErrorCallback	0	static
../Drivers/STM32U5xx_HAL_Driver/Src/stm32u5xx_hal_uart.c:3928:13:UART_DMAError	16	static
../Drivers/STM32U5xx_HAL_Driver/Src/stm32u5xx_hal_uart.c:3968:13:UART_DMAAbortOnError	8	static
../Drivers/STM32U5xx_HAL_Driver/Src/stm32u5xx_hal_uart.c:2779:13:HAL_UART_AbortCpltCallback	0	static
../Drivers/STM32U5xx_HAL_Driver/Src/stm32u5xx_hal_uart.c:2009:19:HAL_UART_Abort_IT	16	static,ignoring_inline_asm
../Drivers/STM32U5xx_HAL_Driver/Src/stm32u5xx_hal_uart.c:4045:13:UART_DMARxAbortCallback	8	static
../Drivers/STM32U5xx_HAL_Driver/Src/stm32u5xx_hal_uart.c:3990:13:UART_DMATxAbortCallback	8	static
../Drivers/STM32U5xx_HAL_Driver/Src/stm32u5xx_hal_uart.c:2794:13:HAL_UART_AbortTransmitCpltCallback	0	static
../Drivers/STM32U5xx_HAL_Driver/Src/stm32u5xx_hal_uart.c:2168:19:HAL_UART_AbortTransmit_IT	8	static,ignoring_inline_asm
../Drivers/STM32U5xx_HAL_Driver/Src/stm32u5xx_hal_uart.c:4097:13:UART_DMATxOnlyAbortCallback	8	static
../Drivers/STM32U5xx_HAL_Driver/Src/stm32u5xx_hal_uart.c:2809:13:HAL_UART_AbortReceiveCpltCallback	0	static
../Drivers/STM32U5xx_HAL_Driver/Src/stm32u5xx_hal_uart.c:2263:19:HAL_UART_AbortReceive_IT	8	static,ignoring_inline_asm
../Drivers/STM32U5xx_HAL_Driver/Src/stm32u5xx_hal_uart.c:4130:13:UART_DMARxOnlyAbortCallback	8	static
../Drivers/STM32U5xx_HAL_Driver/Src/stm32u5xx_hal_uart.c:2826:13:HAL_UARTEx_RxEventCallback	0	static
../Drivers/STM32U5xx_HAL_Driver/Src/stm32u5xx_hal_uart.c:2360:6:HAL_UART_IRQHandler	24	static,ignoring_inline_asm
../Drivers/STM32U5xx_HAL_Driver/Src/stm32u5xx_hal_uart.c:4331:13:UART_RxISR_8BIT	8	static,ignoring_inline_asm
../Drivers/STM32U5xx_HAL_Driver/Src/stm32u5xx_hal_uart.c:4422:13:UART_RxISR_16BIT	8	static,ignoring_inline_asm
../Drivers/STM32U5xx_HAL_Driver/Src/stm32u5xx_hal_uart.c:4515:13:UART_RxISR_8BIT_FIFOEN	32	static,ignoring_inline_asm
../Drivers/STM32U5xx_HAL_Driver/Src/stm32u5xx_hal_uart.c:4678:13:UART_RxISR_16BIT_FIFOEN	32	static,ignoring_inline_asm
../Drivers/STM32U5xx_HAL_Driver/Src/stm32u5xx_hal_uart.c:3880:13:UART_DMARxHalfCplt	8	static
../Drivers/STM32U5xx_HAL_Driver/Src/stm32u5xx_hal_uart.c:3805:13:UART_DMAReceiveCplt	8	static,ignoring_inline_asm
../Drivers/STM32U5xx_HAL_Driver/Src/stm32u5xx_hal_uart.c:2874:6:HAL_UART_ReceiverTimeout_Config	0	static
../Drivers/STM32U5xx_HAL_Driver/Src/stm32u5xx_hal_uart.c:2889:19:HAL_UART_EnableReceiverTimeout	0	static
../Drivers/STM32U5xx_HAL_Driver/Src/stm32u5xx_hal_uart.c:2927:19:HAL_UART_DisableReceiverTimeout	0	static
../Drivers/STM32U5xx_HAL_Driver/Src/stm32u5xx_hal_uart.c:3005:6:HAL_MultiProcessor_EnterMuteMode	0	static
../Drivers/STM32U5xx_HAL_Driver/Src/stm32u5xx_hal_uart.c:3015:19:HAL_HalfDuplex_EnableTransmitter	8	static,ignoring_inline_asm
../Drivers/STM32U5xx_HAL_Driver/Src/stm32u5xx_hal_uart.c:3038:19:HAL_HalfDuplex_EnableReceiver	8	static,ignoring_inline_asm
../Drivers/STM32U5xx_HAL_Driver/Src/stm32u5xx_hal_uart.c:3062:19:HAL_LIN_SendBreak	0	static
../Drivers/STM32U5xx_HAL_Driver/Src/stm32u5xx_hal_uart.c:3107:23:HAL_UART_GetState	0	static
../Drivers/STM32U5xx_HAL_Driver/Src/stm32u5xx_hal_uart.c:3123:10:HAL_UART_GetError	0	static
../Drivers/STM32U5xx_HAL_Driver/Src/stm32u5xx_hal_uart.c:3168:19:UART_SetConfig	16	static
../Drivers/STM32U5xx_HAL_Driver/Src/stm32u5xx_hal_uart.c:3325:6:UART_AdvFeatureConfig	8	static
../Drivers/STM32U5xx_HAL_Driver/Src/stm32u5xx_hal_uart.c:3470:19:UART_WaitOnFlagUntilTimeout	32	static
../Drivers/STM32U5xx_HAL_Driver/Src/stm32u5xx_hal_uart.c:1110:19:HAL_UART_Transmit	40	static
../Drivers/STM32U5xx_HAL_Driver/Src/stm32u5xx_hal_uart.c:1208:19:HAL_UART_Receive	40	static
../Drivers/STM32U5xx_HAL_Driver/Src/stm32u5xx_hal_uart.c:3401:19:UART_CheckIdleState	24	static,ignoring_inline_asm
../Drivers/STM32U5xx_HAL_Driver/Src/stm32u5xx_hal_uart.c:309:19:HAL_UART_Init	8	static
../Drivers/STM32U5xx_HAL_Driver/Src/stm32u5xx_hal_uart.c:384:19:HAL_HalfDuplex_Init	8	static
../Drivers/STM32U5xx_HAL_Driver/Src/stm32u5xx_hal_uart.c:459:19:HAL_LIN_Init	16	static
../Drivers/STM32U5xx_HAL_Driver/Src/stm32u5xx_hal_uart.c:558:19:HAL_MultiProcessor_Init	16	static
../Drivers/STM32U5xx_HAL_Driver/Src/stm32u5xx_hal_uart.c:2965:19:HAL_MultiProcessor_EnableMuteMode	0	static,ignoring_inline_asm
../Drivers/STM32U5xx_HAL_Driver/Src/stm32u5xx_hal_uart.c:2985:19:HAL_MultiProcessor_DisableMuteMode	0	static,ignoring_inline_asm
../Drivers/STM32U5xx_HAL_Driver/Src/stm32u5xx_hal_uart.c:3538:19:UART_Start_Receive_IT	12	static,ignoring_inline_asm
../Drivers/STM32U5xx_HAL_Driver/Src/stm32u5xx_hal_uart.c:1376:19:HAL_UART_Receive_IT	8	static,ignoring_inline_asm
../Drivers/STM32U5xx_HAL_Driver/Src/stm32u5xx_hal_uart.c:3611:19:UART_Start_Receive_DMA	16	static,ignoring_inline_asm
../Drivers/STM32U5xx_HAL_Driver/Src/stm32u5xx_hal_uart.c:1542:19:HAL_UART_Receive_DMA	8	static,ignoring_inline_asm
