../Drivers/STM32U5xx_HAL_Driver/Src/stm32u5xx_hal_dma_ex.c:4092:43:DMA_List_CheckNodesBaseAddresses	0	static
../Drivers/STM32U5xx_HAL_Driver/Src/stm32u5xx_hal_dma_ex.c:4140:17:DMA_List_CheckNodesTypes	0	static
../Drivers/STM32U5xx_HAL_Driver/Src/stm32u5xx_hal_dma_ex.c:4241:17:DMA_List_FindNode	28	static
../Drivers/STM32U5xx_HAL_Driver/Src/stm32u5xx_hal_dma_ex.c:4197:13:DMA_List_GetCLLRNodeInfo.isra	0	static
../Drivers/STM32U5xx_HAL_Driver/Src/stm32u5xx_hal_dma_ex.c:4633:13:DMA_List_UpdateStaticQueueNodesCLLR	32	static
../Drivers/STM32U5xx_HAL_Driver/Src/stm32u5xx_hal_dma_ex.c:4557:13:DMA_List_UpdateDynamicQueueNodesCLLR	48	static
../Drivers/STM32U5xx_HAL_Driver/Src/stm32u5xx_hal_dma_ex.c:610:19:HAL_DMAEx_List_Init	16	static
../Drivers/STM32U5xx_HAL_Driver/Src/stm32u5xx_hal_dma_ex.c:679:19:HAL_DMAEx_List_DeInit	16	static
../Drivers/STM32U5xx_HAL_Driver/Src/stm32u5xx_hal_dma_ex.c:821:19:HAL_DMAEx_List_Start	24	static
../Drivers/STM32U5xx_HAL_Driver/Src/stm32u5xx_hal_dma_ex.c:883:19:HAL_DMAEx_List_Start_IT	24	static
../Drivers/STM32U5xx_HAL_Driver/Src/stm32u5xx_hal_dma_ex.c:1051:19:HAL_DMAEx_List_BuildNode	20	static
../Drivers/STM32U5xx_HAL_Driver/Src/stm32u5xx_hal_dma_ex.c:1122:19:HAL_DMAEx_List_GetNodeConfig	12	static
../Drivers/STM32U5xx_HAL_Driver/Src/stm32u5xx_hal_dma_ex.c:1146:19:HAL_DMAEx_List_InsertNode	56	static
../Drivers/STM32U5xx_HAL_Driver/Src/stm32u5xx_hal_dma_ex.c:1276:19:HAL_DMAEx_List_InsertNode_Head	24	static
../Drivers/STM32U5xx_HAL_Driver/Src/stm32u5xx_hal_dma_ex.c:1355:19:HAL_DMAEx_List_InsertNode_Tail	56	static
../Drivers/STM32U5xx_HAL_Driver/Src/stm32u5xx_hal_dma_ex.c:1442:19:HAL_DMAEx_List_RemoveNode	48	static
../Drivers/STM32U5xx_HAL_Driver/Src/stm32u5xx_hal_dma_ex.c:1583:19:HAL_DMAEx_List_RemoveNode_Head	48	static
../Drivers/STM32U5xx_HAL_Driver/Src/stm32u5xx_hal_dma_ex.c:1680:19:HAL_DMAEx_List_RemoveNode_Tail	48	static
../Drivers/STM32U5xx_HAL_Driver/Src/stm32u5xx_hal_dma_ex.c:1775:19:HAL_DMAEx_List_ReplaceNode	56	static
../Drivers/STM32U5xx_HAL_Driver/Src/stm32u5xx_hal_dma_ex.c:1938:19:HAL_DMAEx_List_ReplaceNode_Head	56	static
../Drivers/STM32U5xx_HAL_Driver/Src/stm32u5xx_hal_dma_ex.c:2035:19:HAL_DMAEx_List_ReplaceNode_Tail	56	static
../Drivers/STM32U5xx_HAL_Driver/Src/stm32u5xx_hal_dma_ex.c:2126:19:HAL_DMAEx_List_ResetQ	40	static
../Drivers/STM32U5xx_HAL_Driver/Src/stm32u5xx_hal_dma_ex.c:2198:19:HAL_DMAEx_List_InsertQ	80	static
../Drivers/STM32U5xx_HAL_Driver/Src/stm32u5xx_hal_dma_ex.c:2406:19:HAL_DMAEx_List_InsertQ_Head	80	static
../Drivers/STM32U5xx_HAL_Driver/Src/stm32u5xx_hal_dma_ex.c:2543:19:HAL_DMAEx_List_InsertQ_Tail	80	static
../Drivers/STM32U5xx_HAL_Driver/Src/stm32u5xx_hal_dma_ex.c:2679:19:HAL_DMAEx_List_SetCircularModeConfig	56	static
../Drivers/STM32U5xx_HAL_Driver/Src/stm32u5xx_hal_dma_ex.c:2774:19:HAL_DMAEx_List_SetCircularMode	56	static
../Drivers/STM32U5xx_HAL_Driver/Src/stm32u5xx_hal_dma_ex.c:2857:19:HAL_DMAEx_List_ClearCircularMode	40	static
../Drivers/STM32U5xx_HAL_Driver/Src/stm32u5xx_hal_dma_ex.c:2928:19:HAL_DMAEx_List_ConvertQToDynamic	152	static
../Drivers/STM32U5xx_HAL_Driver/Src/stm32u5xx_hal_dma_ex.c:3030:19:HAL_DMAEx_List_ConvertQToStatic	128	static
../Drivers/STM32U5xx_HAL_Driver/Src/stm32u5xx_hal_dma_ex.c:3107:19:HAL_DMAEx_List_LinkQ	0	static
../Drivers/STM32U5xx_HAL_Driver/Src/stm32u5xx_hal_dma_ex.c:3188:19:HAL_DMAEx_List_UnLinkQ	0	static
../Drivers/STM32U5xx_HAL_Driver/Src/stm32u5xx_hal_dma_ex.c:3258:19:HAL_DMAEx_ConfigDataHandling	0	static
../Drivers/STM32U5xx_HAL_Driver/Src/stm32u5xx_hal_dma_ex.c:3298:19:HAL_DMAEx_ConfigTrigger	8	static
../Drivers/STM32U5xx_HAL_Driver/Src/stm32u5xx_hal_dma_ex.c:3343:19:HAL_DMAEx_ConfigRepeatBlock	8	static
../Drivers/STM32U5xx_HAL_Driver/Src/stm32u5xx_hal_dma_ex.c:3482:19:HAL_DMAEx_Suspend	16	static
../Drivers/STM32U5xx_HAL_Driver/Src/stm32u5xx_hal_dma_ex.c:3541:19:HAL_DMAEx_Suspend_IT	0	static
../Drivers/STM32U5xx_HAL_Driver/Src/stm32u5xx_hal_dma_ex.c:3575:19:HAL_DMAEx_Resume	0	static
../Drivers/STM32U5xx_HAL_Driver/Src/stm32u5xx_hal_dma_ex.c:3636:10:HAL_DMAEx_GetFifoLevel	0	static
